Archive member included to satisfy reference by file (symbol)

/usr/lib/gcc/arm-none-eabi/14.2.0/../../../../arm-none-eabi/lib/thumb/v8-m.main+fp/softfp/libm.a(libm_a-wf_sqrt.o)
                              CMakeFiles/picomsx.dir/usr/share/pico-sdk/src/rp2_common/pico_float/float_math.c.o (sqrtf)
/usr/lib/gcc/arm-none-eabi/14.2.0/../../../../arm-none-eabi/lib/thumb/v8-m.main+fp/softfp/libm.a(libm_a-ef_sqrt.o)
                              /usr/lib/gcc/arm-none-eabi/14.2.0/../../../../arm-none-eabi/lib/thumb/v8-m.main+fp/softfp/libm.a(libm_a-wf_sqrt.o) (__ieee754_sqrtf)
/usr/lib/gcc/arm-none-eabi/14.2.0/thumb/v8-m.main+fp/softfp/libgcc.a(_arm_addsubdf3.o)
                              CMakeFiles/picomsx.dir/usr/share/pico-sdk/src/rp2_common/pico_float/float_math.c.o (__aeabi_f2d)
/usr/lib/gcc/arm-none-eabi/14.2.0/thumb/v8-m.main+fp/softfp/libgcc.a(_aeabi_ldivmod.o)
                              CMakeFiles/picomsx.dir/usr/share/pico-sdk/src/common/pico_time/time.c.o (__aeabi_ldivmod)
/usr/lib/gcc/arm-none-eabi/14.2.0/thumb/v8-m.main+fp/softfp/libgcc.a(_aeabi_uldivmod.o)
                              CMakeFiles/picomsx.dir/sd_driver/tf_card.c.o (__aeabi_uldivmod)
/usr/lib/gcc/arm-none-eabi/14.2.0/thumb/v8-m.main+fp/softfp/libgcc.a(_udivmoddi4.o)
                              /usr/lib/gcc/arm-none-eabi/14.2.0/thumb/v8-m.main+fp/softfp/libgcc.a(_aeabi_ldivmod.o) (__udivmoddi4)
/usr/lib/gcc/arm-none-eabi/14.2.0/thumb/v8-m.main+fp/softfp/libgcc.a(_dvmd_tls.o)
                              /usr/lib/gcc/arm-none-eabi/14.2.0/thumb/v8-m.main+fp/softfp/libgcc.a(_aeabi_ldivmod.o) (__aeabi_ldiv0)
/usr/lib/gcc/arm-none-eabi/14.2.0/../../../../arm-none-eabi/lib/thumb/v8-m.main+fp/softfp/libg.a(libc_a-atexit.o)
                              /usr/lib/gcc/arm-none-eabi/14.2.0/../../../../arm-none-eabi/lib/thumb/v8-m.main+fp/softfp/crt0.o (atexit)
/usr/lib/gcc/arm-none-eabi/14.2.0/../../../../arm-none-eabi/lib/thumb/v8-m.main+fp/softfp/libg.a(libc_a-calloc.o)
                              CMakeFiles/picomsx.dir/usr/share/pico-sdk/src/rp2_common/pico_malloc/malloc.c.o (calloc)
/usr/lib/gcc/arm-none-eabi/14.2.0/../../../../arm-none-eabi/lib/thumb/v8-m.main+fp/softfp/libg.a(libc_a-callocr.o)
                              /usr/lib/gcc/arm-none-eabi/14.2.0/../../../../arm-none-eabi/lib/thumb/v8-m.main+fp/softfp/libg.a(libc_a-calloc.o) (_calloc_r)
/usr/lib/gcc/arm-none-eabi/14.2.0/../../../../arm-none-eabi/lib/thumb/v8-m.main+fp/softfp/libg.a(libc_a-malloc.o)
                              CMakeFiles/picomsx.dir/usr/share/pico-sdk/src/rp2_common/pico_malloc/malloc.c.o (malloc)
/usr/lib/gcc/arm-none-eabi/14.2.0/../../../../arm-none-eabi/lib/thumb/v8-m.main+fp/softfp/libg.a(libc_a-mallocr.o)
                              /usr/lib/gcc/arm-none-eabi/14.2.0/../../../../arm-none-eabi/lib/thumb/v8-m.main+fp/softfp/libg.a(libc_a-callocr.o) (_malloc_r)
/usr/lib/gcc/arm-none-eabi/14.2.0/../../../../arm-none-eabi/lib/thumb/v8-m.main+fp/softfp/libg.a(libc_a-mlock.o)
                              /usr/lib/gcc/arm-none-eabi/14.2.0/../../../../arm-none-eabi/lib/thumb/v8-m.main+fp/softfp/libg.a(libc_a-mallocr.o) (__malloc_lock)
/usr/lib/gcc/arm-none-eabi/14.2.0/../../../../arm-none-eabi/lib/thumb/v8-m.main+fp/softfp/libg.a(libc_a-realloc.o)
                              CMakeFiles/picomsx.dir/usr/share/pico-sdk/src/rp2_common/pico_malloc/malloc.c.o (realloc)
/usr/lib/gcc/arm-none-eabi/14.2.0/../../../../arm-none-eabi/lib/thumb/v8-m.main+fp/softfp/libg.a(libc_a-reallocr.o)
                              /usr/lib/gcc/arm-none-eabi/14.2.0/../../../../arm-none-eabi/lib/thumb/v8-m.main+fp/softfp/libg.a(libc_a-realloc.o) (_realloc_r)
/usr/lib/gcc/arm-none-eabi/14.2.0/../../../../arm-none-eabi/lib/thumb/v8-m.main+fp/softfp/libg.a(libc_a-ctype_.o)
                              CMakeFiles/picomsx.dir/usr/share/pico-sdk/lib/tinyusb/src/tusb.c.o (_ctype_)
/usr/lib/gcc/arm-none-eabi/14.2.0/../../../../arm-none-eabi/lib/thumb/v8-m.main+fp/softfp/libg.a(libc_a-fclose.o)
                              CMakeFiles/picomsx.dir/picomsx/Sound.c.o (fclose)
/usr/lib/gcc/arm-none-eabi/14.2.0/../../../../arm-none-eabi/lib/thumb/v8-m.main+fp/softfp/libg.a(libc_a-fflush.o)
                              /usr/lib/gcc/arm-none-eabi/14.2.0/../../../../arm-none-eabi/lib/thumb/v8-m.main+fp/softfp/libg.a(libc_a-fclose.o) (__sflush_r)
/usr/lib/gcc/arm-none-eabi/14.2.0/../../../../arm-none-eabi/lib/thumb/v8-m.main+fp/softfp/libg.a(libc_a-fgetc.o)
                              CMakeFiles/picomsx.dir/picomsx/I8251.c.o (fgetc)
/usr/lib/gcc/arm-none-eabi/14.2.0/../../../../arm-none-eabi/lib/thumb/v8-m.main+fp/softfp/libg.a(libc_a-findfp.o)
                              /usr/lib/gcc/arm-none-eabi/14.2.0/../../../../arm-none-eabi/lib/thumb/v8-m.main+fp/softfp/libg.a(libc_a-fflush.o) (__sglue)
/usr/lib/gcc/arm-none-eabi/14.2.0/../../../../arm-none-eabi/lib/thumb/v8-m.main+fp/softfp/libg.a(libc_a-fopen.o)
                              CMakeFiles/picomsx.dir/picomsx/Sound.c.o (fopen)
[...]
Memory Configuration

Name             Origin             Length             Attributes
FLASH            0x10000000         0x00400000         xr
RAM              0x20000000         0x00080000         xrw
SCRATCH_X        0x20080000         0x00001000         xrw
SCRATCH_Y        0x20081000         0x00001000         xrw
*default*        0x00000000         0xffffffff

Linker script and memory map

LOAD /usr/lib/gcc/arm-none-eabi/14.2.0/thumb/v8-m.main+fp/softfp/crti.o
LOAD /usr/lib/gcc/arm-none-eabi/14.2.0/thumb/v8-m.main+fp/softfp/crtbegin.o
LOAD /usr/lib/gcc/arm-none-eabi/14.2.0/../../../../arm-none-eabi/lib/thumb/v8-m.main+fp/softfp/crt0.o

.flash_begin    0x10000000        0x0
                0x10000000                        __flash_binary_start = .

.text           0x10000000    0x2f7b8
                0x10000000                        __logical_binary_start = .
 *(.vectors)
 .vectors       0x10000000      0x124 CMakeFiles/picomsx.dir/usr/share/pico-sdk/src/rp2_common/pico_crt0/crt0.S.o
                0x10000000                __vectors
                0x10000000                __VECTOR_TABLE
                0x10000110                isr_securefault
                0x10000110                isr_irq30
                0x10000110                __unhandled_user_irq
                0x10000110                isr_irq49
                0x10000110                isr_irq13
                0x10000110                isr_irq43
                0x10000110                isr_irq45
                0x10000110                isr_irq27
                0x10000110                isr_irq32
                0x10000110                isr_irq31
                0x10000110                isr_irq5
                0x10000110                isr_irq11
                0x10000110                isr_irq23
                0x10000110                isr_usagefault
                0x10000110                isr_irq48
                0x10000110                isr_irq35
                0x10000110                isr_irq18
                0x10000110                isr_irq50
                0x10000110                isr_irq40
                0x10000110                isr_irq28
                0x10000110                isr_irq19
                0x10000110                isr_irq36
                0x10000110                isr_irq41
                0x10000110                isr_irq0
                0x10000110                isr_irq6
                0x10000110                isr_memmanage
                0x10000110                isr_irq37
                0x10000110                isr_irq42
                0x10000110                isr_irq22
                0x10000110                isr_irq17
                0x10000110                isr_irq38
                0x10000110                isr_irq14
                0x10000110                __vectors_end
                0x10000110                __default_isrs_start
                0x10000110                isr_irq2
                0x10000110                isr_irq10
                0x10000110                isr_irq8
                0x10000110                isr_debugmonitor
                0x10000110                isr_irq24
                0x10000110                isr_irq46
                0x10000110                isr_irq1
                0x10000110                isr_irq47
                0x10000110                isr_irq51
                0x10000110                isr_irq7
                0x10000110                isr_irq21
                0x10000110                isr_irq39
                0x10000110                isr_irq20
                0x10000110                isr_irq15
                0x10000110                isr_irq25
                0x10000110                isr_irq34
                0x10000110                isr_irq4
                0x10000110                isr_busfault
                0x10000110                isr_irq16
                0x10000110                isr_irq44
                0x10000110                isr_irq29
                0x10000110                isr_irq26
                0x10000110                isr_irq33
                0x10000110                isr_irq3
                0x10000110                isr_irq12
                0x10000110                isr_irq9
                0x10000116                unhandled_user_irq_num_in_r0
                0x10000118                isr_invalid
                0x1000011a                isr_nmi
                0x1000011c                isr_hardfault
                0x1000011e                isr_svcall
                0x10000120                isr_pendsv
                0x10000122                isr_systick
                0x10000124                __default_isrs_end
 *(.binary_info_header)
 .binary_info_header
                0x10000124       0x14 CMakeFiles/picomsx.dir/usr/share/pico-sdk/src/rp2_common/pico_crt0/crt0.S.o
                0x10000138                        __binary_info_header_end = .
 *(.embedded_block)
 .embedded_block
                0x10000138       0x14 CMakeFiles/picomsx.dir/usr/share/pico-sdk/src/rp2_common/pico_crt0/crt0.S.o
                0x1000014c                        __embedded_block_end = .
 *(.reset)
 .reset         0x1000014c       0x98 CMakeFiles/picomsx.dir/usr/share/pico-sdk/src/rp2_common/pico_crt0/crt0.S.o
                0x1000014c                _entry_point
 *(.init)
 .init          0x100001e4        0x4 /usr/lib/gcc/arm-none-eabi/14.2.0/thumb/v8-m.main+fp/softfp/crti.o
                0x100001e4                _init
 *libgcc.a:cmse_nonsecure_call.o()
 *(EXCLUDE_FILE(*libm.a: *libc.a:*lib_a-mem*.o *libgcc.a:) .text*)
 .text.frame_dummy
                0x100001e8       0x1c /usr/lib/gcc/arm-none-eabi/14.2.0/thumb/v8-m.main+fp/softfp/crtbegin.o
 .text.RefreshBorder
                0x10000204       0x90 CMakeFiles/picomsx.dir/picomsx/fmsx.c.o
 .text.Sprites  0x10000294      0x300 CMakeFiles/picomsx.dir/picomsx/fmsx.c.o
 .text.RefreshLine0
                0x10000594      0x13c CMakeFiles/picomsx.dir/picomsx/fmsx.c.o
 .text.RefreshLine1
                0x100006d0      0x15c CMakeFiles/picomsx.dir/picomsx/fmsx.c.o
 .text.RefreshLine2
                0x1000082c      0x168 CMakeFiles/picomsx.dir/picomsx/fmsx.c.o
 .text.RefreshLine3
                0x10000994       0xd8 CMakeFiles/picomsx.dir/picomsx/fmsx.c.o
 .text.RefreshLineTx80
                0x10000a6c      0x19c CMakeFiles/picomsx.dir/picomsx/fmsx.c.o
 .text.ColorSprites.part.0
                0x10000c08      0x3c0 CMakeFiles/picomsx.dir/picomsx/fmsx.c.o
 .text.SSlot.part.0
                0x10000fc8      0x138 CMakeFiles/picomsx.dir/picomsx/fmsx.c.o
 .text.RefreshLine7
                0x10001100      0x158 CMakeFiles/picomsx.dir/picomsx/fmsx.c.o
 .text.RefreshLine6
                0x10001258      0x16c CMakeFiles/picomsx.dir/picomsx/fmsx.c.o
 .text.RefreshLine8
                0x100013c4       0x5c CMakeFiles/picomsx.dir/picomsx/fmsx.c.o
 .text.RefreshLine4
                0x10001420      0x22c CMakeFiles/picomsx.dir/picomsx/fmsx.c.o
 .text.RefreshLine10
                0x1000164c      0x154 CMakeFiles/picomsx.dir/picomsx/fmsx.c.o
 .text.RefreshLine5
                0x100017a0      0x20c CMakeFiles/picomsx.dir/picomsx/fmsx.c.o
 .text.RefreshLine12
                0x100019ac       0xf0 CMakeFiles/picomsx.dir/picomsx/fmsx.c.o
 .text.emu_KeyboardOnDown
                0x10001a9c       0x3c CMakeFiles/picomsx.dir/picomsx/fmsx.c.o
                0x10001a9c                emu_KeyboardOnDown
 .text.emu_KeyboardOnUp
                0x10001ad8       0x20 CMakeFiles/picomsx.dir/picomsx/fmsx.c.o
                0x10001ad8                emu_KeyboardOnUp
 .text.msx_Init
                0x10001af8       0x30 CMakeFiles/picomsx.dir/picomsx/fmsx.c.o
                0x10001af8                msx_Init
 .text.msx_Input
                0x10001b28       0x1c CMakeFiles/picomsx.dir/picomsx/fmsx.c.o
                0x10001b28                msx_Input
 .text.msx_Step
                0x10001b44      0x2f4 CMakeFiles/picomsx.dir/picomsx/fmsx.c.o
                0x10001b44                msx_Step
 .text.RdZ80    0x10001e38       0x44 CMakeFiles/picomsx.dir/picomsx/fmsx.c.o
                0x10001e38                RdZ80
 .text.InZ80    0x10001e7c      0x31c CMakeFiles/picomsx.dir/picomsx/fmsx.c.o
                0x10001e7c                InZ80
 .text.MapROM   0x10002198      0x36c CMakeFiles/picomsx.dir/picomsx/fmsx.c.o
                0x10002198                MapROM
 .text.WrZ80    0x10002504       0x78 CMakeFiles/picomsx.dir/picomsx/fmsx.c.o
                0x10002504                WrZ80
 .text.SSlot    0x1000257c       0x14 CMakeFiles/picomsx.dir/picomsx/fmsx.c.o
                0x1000257c                SSlot
 .text.LoadCart
                0x10002590      0x4bc CMakeFiles/picomsx.dir/picomsx/fmsx.c.o
                0x10002590                LoadCart
 .text.SetScreen
                0x10002a4c      0x340 CMakeFiles/picomsx.dir/picomsx/fmsx.c.o
                0x10002a4c                SetScreen
 .text.VDPOut   0x10002d8c      0x300 CMakeFiles/picomsx.dir/picomsx/fmsx.c.o
                0x10002d8c                VDPOut
 .text.OutZ80   0x1000308c      0x638 CMakeFiles/picomsx.dir/picomsx/fmsx.c.o
                0x1000308c                OutZ80
 .text.CheckSprites
                0x100036c4      0x610 CMakeFiles/picomsx.dir/picomsx/fmsx.c.o
                0x100036c4                CheckSprites
 .text.LoopZ80  0x10003cd4      0x3cc CMakeFiles/picomsx.dir/picomsx/fmsx.c.o
                0x10003cd4                LoopZ80
 .text.GuessROM
                0x100040a0      0x404 CMakeFiles/picomsx.dir/picomsx/fmsx.c.o
                0x100040a0                GuessROM
 .text.msx_Start
                0x100044a4      0xc84 CMakeFiles/picomsx.dir/picomsx/fmsx.c.o
                0x100044a4                msx_Start
 .text.Reset8910
                0x10005128       0x6c CMakeFiles/picomsx.dir/picomsx/AY8910.c.o
                0x10005128                Reset8910
 .text.WrCtrl8910
                0x10005194        0xc CMakeFiles/picomsx.dir/picomsx/AY8910.c.o
                0x10005194                WrCtrl8910
 .text.WrData8910
                0x100051a0      0x2d4 CMakeFiles/picomsx.dir/picomsx/AY8910.c.o
                0x100051a0                WrData8910
 .text.RdData8910
                0x10005474        0x8 CMakeFiles/picomsx.dir/picomsx/AY8910.c.o
                0x10005474                RdData8910
 .text.Loop8910
                0x1000547c      0x240 CMakeFiles/picomsx.dir/picomsx/AY8910.c.o
                0x1000547c                Loop8910
 .text.Sync8910
                0x100056bc      0x150 CMakeFiles/picomsx.dir/picomsx/AY8910.c.o
                0x100056bc                Sync8910
 .text.DiskPresent
                0x1000580c       0x18 CMakeFiles/picomsx.dir/picomsx/Disk.c.o
                0x1000580c                DiskPresent
 .text.DiskRead
                0x10005824        0x4 CMakeFiles/picomsx.dir/picomsx/Disk.c.o
                0x10005824                DiskRead
 .text.DiskWrite
                0x10005828        0x4 CMakeFiles/picomsx.dir/picomsx/Disk.c.o
                0x10005828                DiskWrite
 .text.Reset8251
                0x1000582c       0x40 CMakeFiles/picomsx.dir/picomsx/I8251.c.o
                0x1000582c                Reset8251
 .text.Reset8255
                0x1000586c       0x10 CMakeFiles/picomsx.dir/picomsx/I8255.c.o
                0x1000586c                Reset8255
 .text.Write8255
                0x1000587c       0x68 CMakeFiles/picomsx.dir/picomsx/I8255.c.o
                0x1000587c                Write8255
 .text.Read8255
                0x100058e4       0x4c CMakeFiles/picomsx.dir/picomsx/I8255.c.o
                0x100058e4                Read8255
 .text.PatchZ80
                0x10005930      0x584 CMakeFiles/picomsx.dir/picomsx/Patch.c.o
                0x10005930                PatchZ80
 .text.ResetSCC
                0x10005eb4       0x40 CMakeFiles/picomsx.dir/picomsx/SCC.c.o
                0x10005eb4                ResetSCC
 .text.SyncSCC  0x10005ef4      0x174 CMakeFiles/picomsx.dir/picomsx/SCC.c.o
                0x10005ef4                SyncSCC
 .text.WriteSCCP
                0x10006068      0x1d8 CMakeFiles/picomsx.dir/picomsx/SCC.c.o
                0x10006068                WriteSCCP
 .text.WriteSCC
                0x10006240       0x9c CMakeFiles/picomsx.dir/picomsx/SCC.c.o
                0x10006240                WriteSCC
 .text.WriteDelta
                0x100062dc       0x50 CMakeFiles/picomsx.dir/picomsx/Sound.c.o
 .text.MIDIMessage
                0x1000632c       0x98 CMakeFiles/picomsx.dir/picomsx/Sound.c.o
 .text.MIDISetSound
                0x100063c4       0xe8 CMakeFiles/picomsx.dir/picomsx/Sound.c.o
 .text.Sound    0x100064ac      0x28c CMakeFiles/picomsx.dir/picomsx/Sound.c.o
                0x100064ac                Sound
 .text.Drum     0x10006738       0x70 CMakeFiles/picomsx.dir/picomsx/Sound.c.o
                0x10006738                Drum
 .text.SetSound
                0x100067a8      0x108 CMakeFiles/picomsx.dir/picomsx/Sound.c.o
                0x100067a8                SetSound
 .text.SetWave  0x100068b0       0xb4 CMakeFiles/picomsx.dir/picomsx/Sound.c.o
                0x100068b0                SetWave
 .text.InitSound
                0x10006964       0xd0 CMakeFiles/picomsx.dir/picomsx/Sound.c.o
                0x10006964                InitSound
 .text.SrchEngine
                0x10006a34      0x1e4 CMakeFiles/picomsx.dir/picomsx/V9938.c.o
 .text.HmmvEngine
                0x10006c18      0x1fc CMakeFiles/picomsx.dir/picomsx/V9938.c.o
 .text.HmmmEngine
                0x10006e14      0x324 CMakeFiles/picomsx.dir/picomsx/V9938.c.o
 .text.YmmmEngine
                0x10007138      0x264 CMakeFiles/picomsx.dir/picomsx/V9938.c.o
 .text.HmmcEngine
                0x1000739c      0x140 CMakeFiles/picomsx.dir/picomsx/V9938.c.o
 .text.LmcmEngine
                0x100074dc      0x17c CMakeFiles/picomsx.dir/picomsx/V9938.c.o
 .text.LmmvEngine
                0x10007658     0x1588 CMakeFiles/picomsx.dir/picomsx/V9938.c.o
 .text.LmmmEngine
                0x10008be0     0x1ff4 CMakeFiles/picomsx.dir/picomsx/V9938.c.o
 .text.LineEngine
                0x1000abd4     0x4f94 CMakeFiles/picomsx.dir/picomsx/V9938.c.o
 .text.LmmcEngine
                0x1000fb68      0x3e8 CMakeFiles/picomsx.dir/picomsx/V9938.c.o
 .text.VDPWrite
                0x1000ff50       0x40 CMakeFiles/picomsx.dir/picomsx/V9938.c.o
                0x1000ff50                VDPWrite
 .text.VDPRead  0x1000ff90       0x34 CMakeFiles/picomsx.dir/picomsx/V9938.c.o
                0x1000ff90                VDPRead
 .text.VDPDraw  0x1000ffc4      0x3fc CMakeFiles/picomsx.dir/picomsx/V9938.c.o
                0x1000ffc4                VDPDraw
 .text.LoopVDP  0x100103c0       0x30 CMakeFiles/picomsx.dir/picomsx/V9938.c.o
                0x100103c0                LoopVDP
 .text.Reset2413
                0x100103f0       0x54 CMakeFiles/picomsx.dir/picomsx/YM2413.c.o
                0x100103f0                Reset2413
 .text.WrCtrl2413
                0x10010444        0xc CMakeFiles/picomsx.dir/picomsx/YM2413.c.o
                0x10010444                WrCtrl2413
 .text.Sync2413
                0x10010450      0x3b4 CMakeFiles/picomsx.dir/picomsx/YM2413.c.o
                0x10010450                Sync2413
 .text.WrData2413
                0x10010804      0x1e0 CMakeFiles/picomsx.dir/picomsx/YM2413.c.o
                0x10010804                WrData2413
 .text.CodesCB  0x100109e4     0x1528 CMakeFiles/picomsx.dir/picomsx/Z80.c.o
 .text.CodesFDCB
                0x10011f0c      0x520 CMakeFiles/picomsx.dir/picomsx/Z80.c.o
 .text.CodesDDCB
                0x1001242c      0x520 CMakeFiles/picomsx.dir/picomsx/Z80.c.o
 .text.CodesFD  0x1001294c     0x21b8 CMakeFiles/picomsx.dir/picomsx/Z80.c.o
 .text.CodesDD  0x10014b04     0x21b8 CMakeFiles/picomsx.dir/picomsx/Z80.c.o
 .text.CodesED  0x10016cbc      0xa60 CMakeFiles/picomsx.dir/picomsx/Z80.c.o
 .text.ResetZ80
                0x1001771c       0x28 CMakeFiles/picomsx.dir/picomsx/Z80.c.o
                0x1001771c                ResetZ80
 .text.IntZ80   0x10017744      0x1dc CMakeFiles/picomsx.dir/picomsx/Z80.c.o
                0x10017744                IntZ80
 .text.RunZ80   0x10017920     0x23e4 CMakeFiles/picomsx.dir/picomsx/Z80.c.o
                0x10017920                RunZ80
 .text._Z24repeating_timer_callbackP15repeating_timer
                0x10019d04       0x1c CMakeFiles/picomsx.dir/picomsx/picomsx.cpp.o
                0x10019d04                repeating_timer_callback(repeating_timer*)
 .text._ZL14msx_audio_fillPsi
                0x10019d20       0x5c CMakeFiles/picomsx.dir/picomsx/picomsx.cpp.o
 .text.startup.main
                0x10019d7c       0xa4 CMakeFiles/picomsx.dir/picomsx/picomsx.cpp.o
                0x10019d7c                main
 .text.emu_SetPaletteEntry
                0x10019e20       0x28 CMakeFiles/picomsx.dir/picomsx/picomsx.cpp.o
                0x10019e20                emu_SetPaletteEntry
 .text.emu_DrawLinePal16
                0x10019e48       0x2c CMakeFiles/picomsx.dir/picomsx/picomsx.cpp.o
                0x10019e48                emu_DrawLinePal16
 .text.emu_DrawVsync
                0x10019e74       0x14 CMakeFiles/picomsx.dir/picomsx/picomsx.cpp.o
                0x10019e74                emu_DrawVsync
 .text.emu_sndInit
                0x10019e88       0x14 CMakeFiles/picomsx.dir/picomsx/picomsx.cpp.o
                0x10019e88                emu_sndInit
 .text.startup._GLOBAL__sub_I_vbl
                0x10019e9c        0xc CMakeFiles/picomsx.dir/picomsx/picomsx.cpp.o
 .text.flash_load_common
                0x10019ea8      0x12c CMakeFiles/picomsx.dir/flash/flash_t.c.o
                0x10019ea8                flash_load_common
 .text.flash_load
                0x10019fd4        0x8 CMakeFiles/picomsx.dir/flash/flash_t.c.o
                0x10019fd4                flash_load
 .text._ZL7dma_isrv
                0x10019fdc       0x84 CMakeFiles/picomsx.dir/display/pico_dsp.cpp.o
 .text._ZL12readRegisterh
                0x1001a060       0xb4 CMakeFiles/picomsx.dir/display/pico_dsp.cpp.o
 .text._ZN8PICO_DSP10fillScreenEt.constprop.0
                0x1001a114       0x88 CMakeFiles/picomsx.dir/display/pico_dsp.cpp.o
 .text._ZL13writeRegisterhh
                0x1001a19c       0x68 CMakeFiles/picomsx.dir/display/pico_dsp.cpp.o
 .text._ZL14core1_func_tftv
                0x1001a204      0x428 CMakeFiles/picomsx.dir/display/pico_dsp.cpp.o
 .text._ZN8PICO_DSP7setAreaEtttt
                0x1001a62c       0xc8 CMakeFiles/picomsx.dir/display/pico_dsp.cpp.o
                0x1001a62c                PICO_DSP::setArea(unsigned short, unsigned short, unsigned short, unsigned short)
 .text._ZN8PICO_DSPC2Ev
                0x1001a6f4        0x8 CMakeFiles/picomsx.dir/display/pico_dsp.cpp.o
                0x1001a6f4                PICO_DSP::PICO_DSP()
                0x1001a6f4                PICO_DSP::PICO_DSP()
 .text._ZN8PICO_DSP5beginE10gfx_mode_t
                0x1001a6fc      0x33c CMakeFiles/picomsx.dir/display/pico_dsp.cpp.o
                0x1001a6fc                PICO_DSP::begin(gfx_mode_t)
 .text._ZN8PICO_DSP8waitSyncEv
                0x1001aa38       0x14 CMakeFiles/picomsx.dir/display/pico_dsp.cpp.o
                0x1001aa38                PICO_DSP::waitSync()
 .text._ZN8PICO_DSP10fillScreenEt
                0x1001aa4c       0xd4 CMakeFiles/picomsx.dir/display/pico_dsp.cpp.o
                0x1001aa4c                PICO_DSP::fillScreen(unsigned short)
 .text._ZN8PICO_DSP12startRefreshEv
                0x1001ab20      0x24c CMakeFiles/picomsx.dir/display/pico_dsp.cpp.o
                0x1001ab20                PICO_DSP::startRefresh()
 .text._ZN8PICO_DSP8drawRectEsssst
                0x1001ad6c       0xdc CMakeFiles/picomsx.dir/display/pico_dsp.cpp.o
                0x1001ad6c                PICO_DSP::drawRect(short, short, short, short, unsigned short)
 .text._ZN8PICO_DSP8drawTextEssPKcttb
                0x1001ae48      0x414 CMakeFiles/picomsx.dir/display/pico_dsp.cpp.o
                0x1001ae48                PICO_DSP::drawText(short, short, char const*, unsigned short, unsigned short, bool)
 .text._ZN8PICO_DSP12writeLinePalEiiiPhPt
                0x1001b25c      0x1a8 CMakeFiles/picomsx.dir/display/pico_dsp.cpp.o
                0x1001b25c                PICO_DSP::writeLinePal(int, int, int, unsigned char*, unsigned short*)
 .text._ZN8PICO_DSP15fillScreenNoDmaEt
                0x1001b404       0x74 CMakeFiles/picomsx.dir/display/pico_dsp.cpp.o
                0x1001b404                PICO_DSP::fillScreenNoDma(unsigned short)
 .text._ZN8PICO_DSP13drawRectNoDmaEsssst
                0x1001b478       0x9c CMakeFiles/picomsx.dir/display/pico_dsp.cpp.o
                0x1001b478                PICO_DSP::drawRectNoDma(short, short, short, short, unsigned short)
 .text._ZN8PICO_DSP13drawTextNoDmaEssPKcttb
                0x1001b514      0x414 CMakeFiles/picomsx.dir/display/pico_dsp.cpp.o
                0x1001b514                PICO_DSP::drawTextNoDma(short, short, char const*, unsigned short, unsigned short, bool)
 .text._ZN8PICO_DSP11begin_audioEiPFvPsiE
                0x1001b928       0x38 CMakeFiles/picomsx.dir/display/pico_dsp.cpp.o
                0x1001b928                PICO_DSP::begin_audio(int, void (*)(short*, int))
 .text._ZL11readNbFilesPc.constprop.0
                0x1001b960       0xa0 CMakeFiles/picomsx.dir/display/emuapi.cpp.o
 .text._ZL10signal_joyiii.isra.0
                0x1001ba00      0x108 CMakeFiles/picomsx.dir/display/emuapi.cpp.o
 .text.emu_printf
                0x1001bb08        0x4 CMakeFiles/picomsx.dir/display/emuapi.cpp.o
                0x1001bb08                emu_printf
 .text.emu_printi
                0x1001bb0c        0xc CMakeFiles/picomsx.dir/display/emuapi.cpp.o
                0x1001bb0c                emu_printi
 .text.emu_Malloc
                0x1001bb18       0x68 CMakeFiles/picomsx.dir/display/emuapi.cpp.o
                0x1001bb18                emu_Malloc
 .text.emu_ReadKeys
                0x1001bb80       0x54 CMakeFiles/picomsx.dir/display/emuapi.cpp.o
                0x1001bb80                emu_ReadKeys
 .text.emu_DebounceLocalKeys
                0x1001bbd4       0x68 CMakeFiles/picomsx.dir/display/emuapi.cpp.o
                0x1001bbd4                emu_DebounceLocalKeys
 .text.emu_ReadI2CKeyboard
                0x1001bc3c        0x4 CMakeFiles/picomsx.dir/display/emuapi.cpp.o
                0x1001bc3c                emu_ReadI2CKeyboard
 .text._Z10menuActivev
                0x1001bc40        0xc CMakeFiles/picomsx.dir/display/emuapi.cpp.o
                0x1001bc40                menuActive()
 .text._Z10handleMenut
                0x1001bc4c      0x290 CMakeFiles/picomsx.dir/display/emuapi.cpp.o
                0x1001bc4c                handleMenu(unsigned short)
 .text._Z13menuSelectionv
                0x1001bedc        0x8 CMakeFiles/picomsx.dir/display/emuapi.cpp.o
                0x1001bedc                menuSelection()
 .text.kbd_signal_raw_key
                0x1001bee4       0x78 CMakeFiles/picomsx.dir/display/emuapi.cpp.o
                0x1001bee4                kbd_signal_raw_key
 .text.emu_FileOpen
                0x1001bf5c       0x6c CMakeFiles/picomsx.dir/display/emuapi.cpp.o
                0x1001bf5c                emu_FileOpen
 .text.emu_FileRead
                0x1001bfc8       0x50 CMakeFiles/picomsx.dir/display/emuapi.cpp.o
                0x1001bfc8                emu_FileRead
 .text.emu_FileClose
                0x1001c018       0x2c CMakeFiles/picomsx.dir/display/emuapi.cpp.o
                0x1001c018                emu_FileClose
 .text.emu_FileSeek
                0x1001c044       0x44 CMakeFiles/picomsx.dir/display/emuapi.cpp.o
                0x1001c044                emu_FileSeek
 .text.emu_FileSize
                0x1001c088       0x24 CMakeFiles/picomsx.dir/display/emuapi.cpp.o
                0x1001c088                emu_FileSize
 .text.emu_LoadFile
                0x1001c0ac       0x70 CMakeFiles/picomsx.dir/display/emuapi.cpp.o
                0x1001c0ac                emu_LoadFile
 .text.emu_init
                0x1001c11c      0x3ec CMakeFiles/picomsx.dir/display/emuapi.cpp.o
                0x1001c11c                emu_init
 .text.emu_start
                0x1001c508        0xc CMakeFiles/picomsx.dir/display/emuapi.cpp.o
                0x1001c508                emu_start
 .text._Z16hdmi_framebufferP22hdmi_framebuffer_obj_tttt
                0x1001c514      0x4a4 CMakeFiles/picomsx.dir/display/hdmi_framebuffer.cpp.o
                0x1001c514                hdmi_framebuffer(hdmi_framebuffer_obj_t*, unsigned short, unsigned short, unsigned short)
 .text._Z22hdmi_framebuffer_vsyncv
                0x1001c9b8       0x28 CMakeFiles/picomsx.dir/display/hdmi_framebuffer.cpp.o
                0x1001c9b8                hdmi_framebuffer_vsync()
 .text.rcvr_datablock
                0x1001c9e0       0xbc CMakeFiles/picomsx.dir/sd_driver/tf_card.c.o
 .text.xmit_datablock
                0x1001ca9c       0xfc CMakeFiles/picomsx.dir/sd_driver/tf_card.c.o
 .text._select  0x1001cb98       0xd4 CMakeFiles/picomsx.dir/sd_driver/tf_card.c.o
 .text.send_cmd
                0x1001cc6c      0x148 CMakeFiles/picomsx.dir/sd_driver/tf_card.c.o
 .text.pico_fatfs_init_spi
                0x1001cdb4       0xc8 CMakeFiles/picomsx.dir/sd_driver/tf_card.c.o
                0x1001cdb4                pico_fatfs_init_spi
 .text.disk_initialize
                0x1001ce7c      0x230 CMakeFiles/picomsx.dir/sd_driver/tf_card.c.o
                0x1001ce7c                disk_initialize
 .text.disk_status
                0x1001d0ac       0x14 CMakeFiles/picomsx.dir/sd_driver/tf_card.c.o
                0x1001d0ac                disk_status
 .text.disk_read
                0x1001d0c0       0xc0 CMakeFiles/picomsx.dir/sd_driver/tf_card.c.o
                0x1001d0c0                disk_read
 .text.disk_write
                0x1001d180      0x1dc CMakeFiles/picomsx.dir/sd_driver/tf_card.c.o
                0x1001d180                disk_write
 .text.disk_ioctl
                0x1001d35c      0x2bc CMakeFiles/picomsx.dir/sd_driver/tf_card.c.o
                0x1001d35c                disk_ioctl
 .text.pico_fatfs_set_config
                0x1001d618       0x20 CMakeFiles/picomsx.dir/sd_driver/tf_card.c.o
                0x1001d618                pico_fatfs_set_config
 .text.init_alloc_info.isra.0
                0x1001d638       0x24 CMakeFiles/picomsx.dir/fatfs/source/ff.c.o
 .text.get_fileinfo
                0x1001d65c      0x2f8 CMakeFiles/picomsx.dir/fatfs/source/ff.c.o
 .text.move_window
                0x1001d954       0x64 CMakeFiles/picomsx.dir/fatfs/source/ff.c.o
 .text.put_fat.part.0
                0x1001d9b8      0x10c CMakeFiles/picomsx.dir/fatfs/source/ff.c.o
 .text.get_fat  0x1001dac4      0x11c CMakeFiles/picomsx.dir/fatfs/source/ff.c.o
 .text.dir_next.constprop.0
                0x1001dbe0       0x90 CMakeFiles/picomsx.dir/fatfs/source/ff.c.o
 .text.sync_fs  0x1001dc70       0xac CMakeFiles/picomsx.dir/fatfs/source/ff.c.o
 .text.pattern_match
                0x1001dd1c      0x264 CMakeFiles/picomsx.dir/fatfs/source/ff.c.o
 .text.check_fs
                0x1001df80      0x10c CMakeFiles/picomsx.dir/fatfs/source/ff.c.o
 .text.mount_volume
                0x1001e08c      0x3e0 CMakeFiles/picomsx.dir/fatfs/source/ff.c.o
 .text.load_xdir
                0x1001e46c      0x1b8 CMakeFiles/picomsx.dir/fatfs/source/ff.c.o
 .text.dir_read.constprop.0
                0x1001e624      0x3d8 CMakeFiles/picomsx.dir/fatfs/source/ff.c.o
 .text.dir_sdi  0x1001e9fc      0x200 CMakeFiles/picomsx.dir/fatfs/source/ff.c.o
 .text.dir_find
                0x1001ebfc      0x3b4 CMakeFiles/picomsx.dir/fatfs/source/ff.c.o
 .text.follow_path
                0x1001efb0      0x3a8 CMakeFiles/picomsx.dir/fatfs/source/ff.c.o
 .text.store_xdir
                0x1001f358      0x1a0 CMakeFiles/picomsx.dir/fatfs/source/ff.c.o
 .text.remove_chain
                0x1001f4f8      0x2c0 CMakeFiles/picomsx.dir/fatfs/source/ff.c.o
 .text.create_chain
                0x1001f7b8      0x3ec CMakeFiles/picomsx.dir/fatfs/source/ff.c.o
 .text.dir_alloc
                0x1001fba4      0x264 CMakeFiles/picomsx.dir/fatfs/source/ff.c.o
 .text.dir_register
                0x1001fe08      0x924 CMakeFiles/picomsx.dir/fatfs/source/ff.c.o
 .text.f_mount  0x1002072c       0x7c CMakeFiles/picomsx.dir/fatfs/source/ff.c.o
                0x1002072c                f_mount
 .text.f_open   0x100207a8      0x2c8 CMakeFiles/picomsx.dir/fatfs/source/ff.c.o
                0x100207a8                f_open
 .text.f_read   0x10020a70      0x20c CMakeFiles/picomsx.dir/fatfs/source/ff.c.o
                0x10020a70                f_read
 .text.f_sync   0x10020c7c      0x204 CMakeFiles/picomsx.dir/fatfs/source/ff.c.o
                0x10020c7c                f_sync
 .text.f_close  0x10020e80       0x34 CMakeFiles/picomsx.dir/fatfs/source/ff.c.o
                0x10020e80                f_close
 .text.f_lseek  0x10020eb4      0x4ac CMakeFiles/picomsx.dir/fatfs/source/ff.c.o
                0x10020eb4                f_lseek
 .text.f_closedir
                0x10021360       0x30 CMakeFiles/picomsx.dir/fatfs/source/ff.c.o
                0x10021360                f_closedir
 .text.f_findnext
                0x10021390      0x604 CMakeFiles/picomsx.dir/fatfs/source/ff.c.o
                0x10021390                f_findnext
 .text.f_findfirst
                0x10021994       0xa4 CMakeFiles/picomsx.dir/fatfs/source/ff.c.o
                0x10021994                f_findfirst
 .text.f_stat   0x10021a38       0x44 CMakeFiles/picomsx.dir/fatfs/source/ff.c.o
                0x10021a38                f_stat
 .text.f_unlink
                0x10021a7c      0x148 CMakeFiles/picomsx.dir/fatfs/source/ff.c.o
                0x10021a7c                f_unlink
 .text.f_gets   0x10021bc4      0x234 CMakeFiles/picomsx.dir/fatfs/source/ff.c.o
                0x10021bc4                f_gets
 .text.ff_uni2oem
                0x10021df8      0x1e0 CMakeFiles/picomsx.dir/fatfs/source/ffunicode.c.o
                0x10021df8                ff_uni2oem
 .text.ff_oem2uni
                0x10021fd8      0x1d4 CMakeFiles/picomsx.dir/fatfs/source/ffunicode.c.o
                0x10021fd8                ff_oem2uni
 .text.ff_wtoupper
                0x100221ac       0xa4 CMakeFiles/picomsx.dir/fatfs/source/ffunicode.c.o
                0x100221ac                ff_wtoupper
 .text.tuh_hid_mount_cb
                0x10022250       0xe4 CMakeFiles/picomsx.dir/usb_olimexpc/library/hid_handler.c.o
                0x10022250                tuh_hid_mount_cb
 .text.tuh_hid_umount_cb
                0x10022334       0x2c CMakeFiles/picomsx.dir/usb_olimexpc/library/hid_handler.c.o
                0x10022334                tuh_hid_umount_cb
 .text.tuh_hid_report_received_cb
                0x10022360      0x18c CMakeFiles/picomsx.dir/usb_olimexpc/library/hid_handler.c.o
                0x10022360                tuh_hid_report_received_cb
 .text.USBUpdate
                0x100224ec       0x38 CMakeFiles/picomsx.dir/usb_olimexpc/library/usb_handler.c.o
                0x100224ec                USBUpdate
 .text.USBInitialise
                0x10022524       0xd4 CMakeFiles/picomsx.dir/usb_olimexpc/library/usb_handler.c.o
                0x10022524                USBInitialise
 .text.USBInstallHandler
                0x100225f8       0x30 CMakeFiles/picomsx.dir/usb_olimexpc/library/usb_handler.c.o
                0x100225f8                USBInstallHandler
 .text.USBDispatchReport
                0x10022628       0x48 CMakeFiles/picomsx.dir/usb_olimexpc/library/usb_handler.c.o
                0x10022628                USBDispatchReport
 .text.tuh_mount_cb
                0x10022670       0x28 CMakeFiles/picomsx.dir/usb_olimexpc/library/usb_handler.c.o
                0x10022670                tuh_mount_cb
 .text.tuh_umount_cb
                0x10022698        0xc CMakeFiles/picomsx.dir/usb_olimexpc/library/usb_handler.c.o
                0x10022698                tuh_umount_cb
 .text.COMInitialise
                0x100226a4       0x1c CMakeFiles/picomsx.dir/usb_olimexpc/common/library/common.c.o
                0x100226a4                COMInitialise
 .text.COMPrint
                0x100226c0       0x34 CMakeFiles/picomsx.dir/usb_olimexpc/common/library/common.c.o
                0x100226c0                COMPrint
 .text.COMClock
                0x100226f4       0x10 CMakeFiles/picomsx.dir/usb_olimexpc/common/library/common.c.o
                0x100226f4                COMClock
 .text.COMAddUpdateFunction
                0x10022704       0x24 CMakeFiles/picomsx.dir/usb_olimexpc/common/library/common.c.o
                0x10022704                COMAddUpdateFunction
 .text.COMUpdate
                0x10022728       0x24 CMakeFiles/picomsx.dir/usb_olimexpc/common/library/common.c.o
                0x10022728                COMUpdate
 .text.msx_keyboard_handler
                0x1002274c      0x550 CMakeFiles/picomsx.dir/usb_olimexpc/msx_keyboard_adapter.c.o
 .text.kbd_set_locale
                0x10022c9c        0x4 CMakeFiles/picomsx.dir/usb_olimexpc/msx_keyboard_adapter.c.o
                0x10022c9c                kbd_set_locale
 .text.DebugZ80
                0x10022ca0        0x4 CMakeFiles/picomsx.dir/usb_olimexpc/msx_keyboard_adapter.c.o
                0x10022ca0                DebugZ80
 .text.FSInitialise
                0x10022ca4        0x4 CMakeFiles/picomsx.dir/usb_olimexpc/msx_keyboard_adapter.c.o
                0x10022ca4                FSInitialise
 .text.FSCDInitialise
                0x10022ca8        0x4 CMakeFiles/picomsx.dir/usb_olimexpc/msx_keyboard_adapter.c.o
                0x10022ca8                FSCDInitialise
 .text.msx_keyboard_adapter_init
                0x10022cac       0x24 CMakeFiles/picomsx.dir/usb_olimexpc/msx_keyboard_adapter.c.o
                0x10022cac                msx_keyboard_adapter_init
 .text.core1_trampoline
                0x10022cd0        0x4 CMakeFiles/picomsx.dir/usr/share/pico-sdk/src/rp2_common/pico_multicore/multicore.c.o
 .text.core1_wrapper
                0x10022cd4       0x10 CMakeFiles/picomsx.dir/usr/share/pico-sdk/src/rp2_common/pico_multicore/multicore.c.o
                0x10022cd4                core1_wrapper
 .text.multicore_launch_core1_raw
                0x10022ce4       0x84 CMakeFiles/picomsx.dir/usr/share/pico-sdk/src/rp2_common/pico_multicore/multicore.c.o
                0x10022ce4                multicore_launch_core1_raw
 .text.multicore_launch_core1
                0x10022d68       0x48 CMakeFiles/picomsx.dir/usr/share/pico-sdk/src/rp2_common/pico_multicore/multicore.c.o
                0x10022d68                multicore_launch_core1
 .text.lock_init
                0x10022db0        0xc CMakeFiles/picomsx.dir/usr/share/pico-sdk/src/common/pico_sync/lock_core.c.o
                0x10022db0                lock_init
 .text.runtime_init_mutex
                0x10022dbc       0x4c CMakeFiles/picomsx.dir/usr/share/pico-sdk/src/common/pico_sync/mutex.c.o
                0x10022dbc                runtime_init_mutex
 .text.mutex_init
                0x10022e08       0x1c CMakeFiles/picomsx.dir/usr/share/pico-sdk/src/common/pico_sync/mutex.c.o
                0x10022e08                mutex_init
 .text.critical_section_init
                0x10022e24       0x1c CMakeFiles/picomsx.dir/usr/share/pico-sdk/src/common/pico_sync/critical_section.c.o
                0x10022e24                critical_section_init
 .text.sleep_until_callback
                0x10022e40       0x3c CMakeFiles/picomsx.dir/usr/share/pico-sdk/src/common/pico_time/time.c.o
 *fill*         0x10022e7c        0x4 
 .text.alarm_pool_irq_handler
                0x10022e80      0x2f0 CMakeFiles/picomsx.dir/usr/share/pico-sdk/src/common/pico_time/time.c.o
 .text.runtime_init_default_alarm_pool
                0x10023170      0x100 CMakeFiles/picomsx.dir/usr/share/pico-sdk/src/common/pico_time/time.c.o
                0x10023170                runtime_init_default_alarm_pool
 .text.alarm_pool_get_default
                0x10023270        0x8 CMakeFiles/picomsx.dir/usr/share/pico-sdk/src/common/pico_time/time.c.o
                0x10023270                alarm_pool_get_default
 .text.alarm_pool_add_alarm_at_force_in_context
                0x10023278       0xc8 CMakeFiles/picomsx.dir/usr/share/pico-sdk/src/common/pico_time/time.c.o
                0x10023278                alarm_pool_add_alarm_at_force_in_context
 .text.alarm_pool_cancel_alarm
                0x10023340       0x80 CMakeFiles/picomsx.dir/usr/share/pico-sdk/src/common/pico_time/time.c.o
                0x10023340                alarm_pool_cancel_alarm
 .text.sleep_ms
                0x100233c0       0xdc CMakeFiles/picomsx.dir/usr/share/pico-sdk/src/common/pico_time/time.c.o
                0x100233c0                sleep_ms
 .text.best_effort_wfe_or_timeout
                0x1002349c       0xd4 CMakeFiles/picomsx.dir/usr/share/pico-sdk/src/common/pico_time/time.c.o
                0x1002349c                best_effort_wfe_or_timeout
 .text.alarm_pool_add_repeating_timer_us
                0x10023570      0x120 CMakeFiles/picomsx.dir/usr/share/pico-sdk/src/common/pico_time/time.c.o
                0x10023570                alarm_pool_add_repeating_timer_us
 .text.check_single_timeout_us
                0x10023690       0x30 CMakeFiles/picomsx.dir/usr/share/pico-sdk/src/common/pico_time/timeout_helper.c.o
 .text.init_single_timeout_until
                0x100236c0       0x10 CMakeFiles/picomsx.dir/usr/share/pico-sdk/src/common/pico_time/timeout_helper.c.o
                0x100236c0                init_single_timeout_until
 .text.timer_hardware_alarm_claim
                0x100236d0       0x24 CMakeFiles/picomsx.dir/usr/share/pico-sdk/src/rp2_common/hardware_timer/timer.c.o
                0x100236d0                timer_hardware_alarm_claim
 .text.timer_time_us_64
                0x100236f4       0x10 CMakeFiles/picomsx.dir/usr/share/pico-sdk/src/rp2_common/hardware_timer/timer.c.o
                0x100236f4                timer_time_us_64
 .text.time_us_64
                0x10023704       0x14 CMakeFiles/picomsx.dir/usr/share/pico-sdk/src/rp2_common/hardware_timer/timer.c.o
                0x10023704                time_us_64
 .text.busy_wait_us
                0x10023718       0x5c CMakeFiles/picomsx.dir/usr/share/pico-sdk/src/rp2_common/hardware_timer/timer.c.o
                0x10023718                busy_wait_us
 .text.busy_wait_until
                0x10023774       0x24 CMakeFiles/picomsx.dir/usr/share/pico-sdk/src/rp2_common/hardware_timer/timer.c.o
                0x10023774                busy_wait_until
 .text.panic    0x10023798       0x30 CMakeFiles/picomsx.dir/usr/share/pico-sdk/src/rp2_common/pico_platform_panic/panic.c.o
                0x10023798                panic
 .text.hw_claim_lock
                0x100237c8       0x24 CMakeFiles/picomsx.dir/usr/share/pico-sdk/src/common/hardware_claim/claim.c.o
                0x100237c8                hw_claim_lock
 .text.hw_claim_unlock
                0x100237ec       0x14 CMakeFiles/picomsx.dir/usr/share/pico-sdk/src/common/hardware_claim/claim.c.o
                0x100237ec                hw_claim_unlock
 .text.hw_claim_or_assert
                0x10023800       0x58 CMakeFiles/picomsx.dir/usr/share/pico-sdk/src/common/hardware_claim/claim.c.o
                0x10023800                hw_claim_or_assert
 .text.hw_claim_unused_from_range
                0x10023858       0x80 CMakeFiles/picomsx.dir/usr/share/pico-sdk/src/common/hardware_claim/claim.c.o
                0x10023858                hw_claim_unused_from_range
 .text.next_striped_spin_lock_num
                0x100238d8       0x18 CMakeFiles/picomsx.dir/usr/share/pico-sdk/src/rp2_common/hardware_sync/sync.c.o
                0x100238d8                next_striped_spin_lock_num
 .text.spin_lock_claim_unused
                0x100238f0       0x20 CMakeFiles/picomsx.dir/usr/share/pico-sdk/src/rp2_common/hardware_sync/sync.c.o
                0x100238f0                spin_lock_claim_unused
 .text.spinlock_set_extexclall
                0x10023910       0x10 CMakeFiles/picomsx.dir/usr/share/pico-sdk/src/rp2_common/hardware_sync_spin_lock/sync_spin_lock.c.o
 .text.spin_locks_reset
                0x10023920       0x18 CMakeFiles/picomsx.dir/usr/share/pico-sdk/src/rp2_common/hardware_sync_spin_lock/sync_spin_lock.c.o
                0x10023920                spin_locks_reset
 .text.spin_lock_init
                0x10023938       0x10 CMakeFiles/picomsx.dir/usr/share/pico-sdk/src/rp2_common/hardware_sync_spin_lock/sync_spin_lock.c.o
                0x10023938                spin_lock_init
 .text.runtime_init_per_core_irq_priorities
                0x10023948       0x40 CMakeFiles/picomsx.dir/usr/share/pico-sdk/src/rp2_common/hardware_irq/irq.c.o
                0x10023948                runtime_init_per_core_irq_priorities
 .text.irq_set_enabled
                0x10023988       0x2c CMakeFiles/picomsx.dir/usr/share/pico-sdk/src/rp2_common/hardware_irq/irq.c.o
                0x10023988                irq_set_enabled
 .text.irq_is_enabled
                0x100239b4       0x20 CMakeFiles/picomsx.dir/usr/share/pico-sdk/src/rp2_common/hardware_irq/irq.c.o
                0x100239b4                irq_is_enabled
 .text.irq_set_exclusive_handler
                0x100239d4       0x60 CMakeFiles/picomsx.dir/usr/share/pico-sdk/src/rp2_common/hardware_irq/irq.c.o
                0x100239d4                irq_set_exclusive_handler
 .text.irq_add_shared_handler
                0x10023a34      0x1e8 CMakeFiles/picomsx.dir/usr/share/pico-sdk/src/rp2_common/hardware_irq/irq.c.o
                0x10023a34                irq_add_shared_handler
 .text.irq_remove_handler
                0x10023c1c      0x1f4 CMakeFiles/picomsx.dir/usr/share/pico-sdk/src/rp2_common/hardware_irq/irq.c.o
                0x10023c1c                irq_remove_handler
 .text.irq_set_priority
                0x10023e10       0x28 CMakeFiles/picomsx.dir/usr/share/pico-sdk/src/rp2_common/hardware_irq/irq.c.o
                0x10023e10                irq_set_priority
 .text.irq_add_tail_to_free_list
                0x10023e38       0xbc CMakeFiles/picomsx.dir/usr/share/pico-sdk/src/rp2_common/hardware_irq/irq.c.o
                0x10023e38                irq_add_tail_to_free_list
 .text.gpio_set_function
                0x10023ef4       0x3c CMakeFiles/picomsx.dir/usr/share/pico-sdk/src/rp2_common/hardware_gpio/gpio.c.o
                0x10023ef4                gpio_set_function
 .text.gpio_set_pulls
                0x10023f30       0x28 CMakeFiles/picomsx.dir/usr/share/pico-sdk/src/rp2_common/hardware_gpio/gpio.c.o
                0x10023f30                gpio_set_pulls
 .text.gpio_init
                0x10023f58       0x48 CMakeFiles/picomsx.dir/usr/share/pico-sdk/src/rp2_common/hardware_gpio/gpio.c.o
                0x10023f58                gpio_init
 .text.uart_init
                0x10023fa0      0x104 CMakeFiles/picomsx.dir/usr/share/pico-sdk/src/rp2_common/hardware_uart/uart.c.o
                0x10023fa0                uart_init
 .text.clock_configure_undivided
                0x100240a4       0xd0 CMakeFiles/picomsx.dir/usr/share/pico-sdk/src/rp2_common/hardware_clocks/clocks.c.o
                0x100240a4                clock_configure_undivided
 .text.clock_get_hz
                0x10024174        0xc CMakeFiles/picomsx.dir/usr/share/pico-sdk/src/rp2_common/hardware_clocks/clocks.c.o
                0x10024174                clock_get_hz
 .text.set_sys_clock_pll
                0x10024180      0x184 CMakeFiles/picomsx.dir/usr/share/pico-sdk/src/rp2_common/hardware_clocks/clocks.c.o
                0x10024180                set_sys_clock_pll
 .text.check_sys_clock_khz
                0x10024304      0x19c CMakeFiles/picomsx.dir/usr/share/pico-sdk/src/rp2_common/hardware_clocks/clocks.c.o
                0x10024304                check_sys_clock_khz
 .text.pll_init
                0x100244a0       0x8c CMakeFiles/picomsx.dir/usr/share/pico-sdk/src/rp2_common/hardware_pll/pll.c.o
                0x100244a0                pll_init
 .text.tick_start
                0x1002452c       0x18 CMakeFiles/picomsx.dir/usr/share/pico-sdk/src/rp2_common/hardware_ticks/ticks.c.o
                0x1002452c                tick_start
 .text.rom_func_lookup
                0x10024544       0x18 CMakeFiles/picomsx.dir/usr/share/pico-sdk/src/rp2_common/pico_bootrom/bootrom.c.o
                0x10024544                rom_func_lookup
 .text.runtime_init_bootrom_locking_enable
                0x1002455c       0x14 CMakeFiles/picomsx.dir/usr/share/pico-sdk/src/rp2_common/pico_bootrom/bootrom_lock.c.o
                0x1002455c                runtime_init_bootrom_locking_enable
 .text.runtime_init_boot_locks_reset
                0x10024570       0x1c CMakeFiles/picomsx.dir/usr/share/pico-sdk/src/rp2_common/hardware_boot_lock/boot_lock.c.o
                0x10024570                runtime_init_boot_locks_reset
 .text.xosc_init
                0x1002458c       0x30 CMakeFiles/picomsx.dir/usr/share/pico-sdk/src/rp2_common/hardware_xosc/xosc.c.o
                0x1002458c                xosc_init
 .text.first_per_core_initializer
                0x100245bc        0x4 CMakeFiles/picomsx.dir/usr/share/pico-sdk/src/rp2_common/pico_runtime/runtime.c.o
 .text.hard_assertion_failure
                0x100245c0        0xc CMakeFiles/picomsx.dir/usr/share/pico-sdk/src/rp2_common/pico_runtime/runtime.c.o
                0x100245c0                hard_assertion_failure
 .text.runtime_run_initializers
                0x100245cc       0x20 CMakeFiles/picomsx.dir/usr/share/pico-sdk/src/rp2_common/pico_runtime/runtime.c.o
                0x100245cc                runtime_run_initializers
 .text.runtime_run_per_core_initializers
                0x100245ec       0x20 CMakeFiles/picomsx.dir/usr/share/pico-sdk/src/rp2_common/pico_runtime/runtime.c.o
                0x100245ec                runtime_run_per_core_initializers
 .text.runtime_init_early_resets
                0x1002460c       0x34 CMakeFiles/picomsx.dir/usr/share/pico-sdk/src/rp2_common/pico_runtime_init/runtime_init.c.o
                0x1002460c                runtime_init_early_resets
 .text.runtime_init_usb_power_down
                0x10024640       0x1c CMakeFiles/picomsx.dir/usr/share/pico-sdk/src/rp2_common/pico_runtime_init/runtime_init.c.o
                0x10024640                runtime_init_usb_power_down
 .text.runtime_init_per_core_enable_coprocessors
                0x1002465c       0x1c CMakeFiles/picomsx.dir/usr/share/pico-sdk/src/rp2_common/pico_runtime_init/runtime_init.c.o
                0x1002465c                runtime_init_per_core_enable_coprocessors
 .text.runtime_init_post_clock_resets
                0x10024678       0x20 CMakeFiles/picomsx.dir/usr/share/pico-sdk/src/rp2_common/pico_runtime_init/runtime_init.c.o
                0x10024678                runtime_init_post_clock_resets
 .text.runtime_init_bootrom_reset
                0x10024698       0x14 CMakeFiles/picomsx.dir/usr/share/pico-sdk/src/rp2_common/pico_runtime_init/runtime_init.c.o
                0x10024698                runtime_init_bootrom_reset
 .text.runtime_init_per_core_bootrom_reset
                0x100246ac       0x14 CMakeFiles/picomsx.dir/usr/share/pico-sdk/src/rp2_common/pico_runtime_init/runtime_init.c.o
                0x100246ac                runtime_init_per_core_bootrom_reset
 .text.runtime_init_spin_locks_reset
                0x100246c0        0x4 CMakeFiles/picomsx.dir/usr/share/pico-sdk/src/rp2_common/pico_runtime_init/runtime_init.c.o
                0x100246c0                runtime_init_spin_locks_reset
 .text.runtime_init_install_ram_vector_table
                0x100246c4       0x68 CMakeFiles/picomsx.dir/usr/share/pico-sdk/src/rp2_common/pico_runtime_init/runtime_init.c.o
                0x100246c4                runtime_init_install_ram_vector_table
 .text.runtime_init_clocks
                0x1002472c       0xdc CMakeFiles/picomsx.dir/usr/share/pico-sdk/src/rp2_common/pico_runtime_init/runtime_init_clocks.c.o
                0x1002472c                runtime_init_clocks
 .text.__rp2350_dcp_engaged_state_save_restore
                0x10024808       0x3a CMakeFiles/picomsx.dir/usr/share/pico-sdk/src/rp2_common/pico_double/double_aeabi_dcp.S.o
 *fill*         0x10024842        0x2 
 .text.__wrap___aeabi_dadd
                0x10024844       0x28 CMakeFiles/picomsx.dir/usr/share/pico-sdk/src/rp2_common/pico_double/double_aeabi_dcp.S.o
                0x1002484c                __wrap___aeabi_dadd
 .text.__wrap___aeabi_dsub
                0x1002486c       0x28 CMakeFiles/picomsx.dir/usr/share/pico-sdk/src/rp2_common/pico_double/double_aeabi_dcp.S.o
                0x10024874                __wrap___aeabi_dsub
 .text.__wrap___aeabi_dmul
                0x10024894       0x4c CMakeFiles/picomsx.dir/usr/share/pico-sdk/src/rp2_common/pico_double/double_aeabi_dcp.S.o
                0x1002489c                __wrap___aeabi_dmul
 .text.__wrap___aeabi_ddiv
                0x100248e0       0x9c CMakeFiles/picomsx.dir/usr/share/pico-sdk/src/rp2_common/pico_double/double_aeabi_dcp.S.o
                0x100248e8                __wrap___aeabi_ddiv
 .text.__wrap___aeabi_i2d
                0x1002497c       0x24 CMakeFiles/picomsx.dir/usr/share/pico-sdk/src/rp2_common/pico_double/double_aeabi_dcp.S.o
                0x10024984                __wrap___aeabi_i2d
                0x10024984                int2double
 .text.__wrap___aeabi_ui2d
                0x100249a0       0x24 CMakeFiles/picomsx.dir/usr/share/pico-sdk/src/rp2_common/pico_double/double_aeabi_dcp.S.o
                0x100249a8                __wrap___aeabi_ui2d
                0x100249a8                uint2double
 .text.__wrap___aeabi_d2iz
                0x100249c4       0x24 CMakeFiles/picomsx.dir/usr/share/pico-sdk/src/rp2_common/pico_double/double_aeabi_dcp.S.o
                0x100249cc                __wrap___aeabi_d2iz
                0x100249cc                double2int_z
 .text.__wrap___aeabi_d2uiz
                0x100249e8       0x24 CMakeFiles/picomsx.dir/usr/share/pico-sdk/src/rp2_common/pico_double/double_aeabi_dcp.S.o
                0x100249f0                double2uint_z
                0x100249f0                double2uint
                0x100249f0                __wrap___aeabi_d2uiz
 .text.__wrap___aeabi_dcmpun
                0x10024a0c       0x24 CMakeFiles/picomsx.dir/usr/share/pico-sdk/src/rp2_common/pico_double/double_aeabi_dcp.S.o
                0x10024a14                __wrap___aeabi_dcmpun
 .text.__wrap___aeabi_dcmplt
                0x10024a30       0x28 CMakeFiles/picomsx.dir/usr/share/pico-sdk/src/rp2_common/pico_double/double_aeabi_dcp.S.o
                0x10024a38                __wrap___aeabi_dcmplt
 .text.__wrap___aeabi_dcmple
                0x10024a58       0x28 CMakeFiles/picomsx.dir/usr/share/pico-sdk/src/rp2_common/pico_double/double_aeabi_dcp.S.o
                0x10024a60                __wrap___aeabi_dcmple
 .text.__wrap___aeabi_dcmpge
                0x10024a80       0x28 CMakeFiles/picomsx.dir/usr/share/pico-sdk/src/rp2_common/pico_double/double_aeabi_dcp.S.o
                0x10024a88                __wrap___aeabi_dcmpge
 .text.__wrap___aeabi_dcmpgt
                0x10024aa8       0x28 CMakeFiles/picomsx.dir/usr/share/pico-sdk/src/rp2_common/pico_double/double_aeabi_dcp.S.o
                0x10024ab0                __wrap___aeabi_dcmpgt
 .text.__wrap_malloc
                0x10024ad0       0x38 CMakeFiles/picomsx.dir/usr/share/pico-sdk/src/rp2_common/pico_malloc/malloc.c.o
                0x10024ad0                __wrap_malloc
 .text.__wrap_calloc
                0x10024b08       0x40 CMakeFiles/picomsx.dir/usr/share/pico-sdk/src/rp2_common/pico_malloc/malloc.c.o
                0x10024b08                __wrap_calloc
 .text.__wrap_free
                0x10024b48       0x20 CMakeFiles/picomsx.dir/usr/share/pico-sdk/src/rp2_common/pico_malloc/malloc.c.o
                0x10024b48                __wrap_free
 .text._out_buffer
                0x10024b68        0x8 CMakeFiles/picomsx.dir/usr/share/pico-sdk/src/rp2_common/pico_printf/printf.c.o
 .text._out_null
                0x10024b70        0x4 CMakeFiles/picomsx.dir/usr/share/pico-sdk/src/rp2_common/pico_printf/printf.c.o
 .text._out_rev
                0x10024b74       0x9c CMakeFiles/picomsx.dir/usr/share/pico-sdk/src/rp2_common/pico_printf/printf.c.o
 .text._ntoa_format
                0x10024c10      0x1d4 CMakeFiles/picomsx.dir/usr/share/pico-sdk/src/rp2_common/pico_printf/printf.c.o
 .text._out_char
                0x10024de4        0x8 CMakeFiles/picomsx.dir/usr/share/pico-sdk/src/rp2_common/pico_printf/printf.c.o
 .text._out_fct
                0x10024dec        0xc CMakeFiles/picomsx.dir/usr/share/pico-sdk/src/rp2_common/pico_printf/printf.c.o
 .text._ftoa    0x10024df8      0x4bc CMakeFiles/picomsx.dir/usr/share/pico-sdk/src/rp2_common/pico_printf/printf.c.o
 *fill*         0x100252b4        0x4 
 .text._etoa    0x100252b8      0x574 CMakeFiles/picomsx.dir/usr/share/pico-sdk/src/rp2_common/pico_printf/printf.c.o
 .text._vsnprintf
                0x1002582c      0x9e4 CMakeFiles/picomsx.dir/usr/share/pico-sdk/src/rp2_common/pico_printf/printf.c.o
 .text.__wrap_vsnprintf
                0x10026210       0x24 CMakeFiles/picomsx.dir/usr/share/pico-sdk/src/rp2_common/pico_printf/printf.c.o
                0x10026210                __wrap_vsnprintf
 .text.vfctprintf
                0x10026234       0x28 CMakeFiles/picomsx.dir/usr/share/pico-sdk/src/rp2_common/pico_printf/printf.c.o
                0x10026234                vfctprintf
 .text.weak_raw_vprintf
                0x1002625c       0x30 CMakeFiles/picomsx.dir/usr/share/pico-sdk/src/rp2_common/pico_printf/printf.c.o
                0x1002625c                weak_raw_vprintf
 .text._exit    0x1002628c        0x4 CMakeFiles/picomsx.dir/usr/share/pico-sdk/src/rp2_common/pico_clib_interface/newlib_interface.c.o
                0x1002628c                _exit
 .text._sbrk    0x10026290       0x2c CMakeFiles/picomsx.dir/usr/share/pico-sdk/src/rp2_common/pico_clib_interface/newlib_interface.c.o
                0x10026290                _sbrk
 .text._read    0x100262bc       0x1c CMakeFiles/picomsx.dir/usr/share/pico-sdk/src/rp2_common/pico_clib_interface/newlib_interface.c.o
                0x100262bc                _read
 .text._write   0x100262d8       0x20 CMakeFiles/picomsx.dir/usr/share/pico-sdk/src/rp2_common/pico_clib_interface/newlib_interface.c.o
                0x100262d8                _write
 .text._close   0x100262f8        0x8 CMakeFiles/picomsx.dir/usr/share/pico-sdk/src/rp2_common/pico_clib_interface/newlib_interface.c.o
                0x100262f8                _close
 .text._lseek   0x10026300        0x8 CMakeFiles/picomsx.dir/usr/share/pico-sdk/src/rp2_common/pico_clib_interface/newlib_interface.c.o
                0x10026300                _lseek
 .text._fstat   0x10026308        0x8 CMakeFiles/picomsx.dir/usr/share/pico-sdk/src/rp2_common/pico_clib_interface/newlib_interface.c.o
                0x10026308                _fstat
 .text._isatty  0x10026310        0xc CMakeFiles/picomsx.dir/usr/share/pico-sdk/src/rp2_common/pico_clib_interface/newlib_interface.c.o
                0x10026310                _isatty
 .text.exit     0x1002631c        0x8 CMakeFiles/picomsx.dir/usr/share/pico-sdk/src/rp2_common/pico_clib_interface/newlib_interface.c.o
                0x1002631c                exit
 .text.runtime_init
                0x10026324       0x24 CMakeFiles/picomsx.dir/usr/share/pico-sdk/src/rp2_common/pico_clib_interface/newlib_interface.c.o
                0x10026324                runtime_init
 .text.stdio_out_chars_no_crlf
                0x10026348        0x8 CMakeFiles/picomsx.dir/usr/share/pico-sdk/src/rp2_common/pico_stdio/stdio.c.o
 .text.stdio_out_chars_crlf
                0x10026350       0xb0 CMakeFiles/picomsx.dir/usr/share/pico-sdk/src/rp2_common/pico_stdio/stdio.c.o
 .text.stdio_buffered_printer
                0x10026400       0x60 CMakeFiles/picomsx.dir/usr/share/pico-sdk/src/rp2_common/pico_stdio/stdio.c.o
 .text.stdio_put_string
                0x10026460       0xec CMakeFiles/picomsx.dir/usr/share/pico-sdk/src/rp2_common/pico_stdio/stdio.c.o
                0x10026460                stdio_put_string
 .text.stdio_get_until
                0x1002654c       0x7c CMakeFiles/picomsx.dir/usr/share/pico-sdk/src/rp2_common/pico_stdio/stdio.c.o
                0x1002654c                stdio_get_until
 .text.stdio_set_driver_enabled
                0x100265c8       0x28 CMakeFiles/picomsx.dir/usr/share/pico-sdk/src/rp2_common/pico_stdio/stdio.c.o
                0x100265c8                stdio_set_driver_enabled
 .text.stdio_init_all
                0x100265f0        0xc CMakeFiles/picomsx.dir/usr/share/pico-sdk/src/rp2_common/pico_stdio/stdio.c.o
                0x100265f0                stdio_init_all
 .text.__wrap_putchar
                0x100265fc       0x84 CMakeFiles/picomsx.dir/usr/share/pico-sdk/src/rp2_common/pico_stdio/stdio.c.o
                0x100265fc                stdio_putchar
                0x100265fc                __wrap_putchar
 .text.__wrap_puts
                0x10026680       0x3c CMakeFiles/picomsx.dir/usr/share/pico-sdk/src/rp2_common/pico_stdio/stdio.c.o
                0x10026680                __wrap_puts
                0x10026680                stdio_puts
 .text.__wrap_vprintf
                0x100266bc       0xc4 CMakeFiles/picomsx.dir/usr/share/pico-sdk/src/rp2_common/pico_stdio/stdio.c.o
                0x100266bc                __wrap_vprintf
                0x100266bc                stdio_vprintf
 .text.__wrap_printf
                0x10026780       0x1c CMakeFiles/picomsx.dir/usr/share/pico-sdk/src/rp2_common/pico_stdio/stdio.c.o
                0x10026780                stdio_printf
                0x10026780                __wrap_printf
 .text.stdio_uart_out_chars
                0x1002679c       0x50 CMakeFiles/picomsx.dir/usr/share/pico-sdk/src/rp2_common/pico_stdio_uart/stdio_uart.c.o
 .text.stdio_uart_in_chars
                0x100267ec       0x94 CMakeFiles/picomsx.dir/usr/share/pico-sdk/src/rp2_common/pico_stdio_uart/stdio_uart.c.o
                0x100267ec                stdio_uart_in_chars
 .text.on_uart_rx
                0x10026880       0x24 CMakeFiles/picomsx.dir/usr/share/pico-sdk/src/rp2_common/pico_stdio_uart/stdio_uart.c.o
 .text.stdio_uart_out_flush
                0x100268a4       0x10 CMakeFiles/picomsx.dir/usr/share/pico-sdk/src/rp2_common/pico_stdio_uart/stdio_uart.c.o
 .text.stdio_uart_set_chars_available_callback
                0x100268b4       0x88 CMakeFiles/picomsx.dir/usr/share/pico-sdk/src/rp2_common/pico_stdio_uart/stdio_uart.c.o
 .text.stdio_uart_init
                0x1002693c       0x54 CMakeFiles/picomsx.dir/usr/share/pico-sdk/src/rp2_common/pico_stdio_uart/stdio_uart.c.o
                0x1002693c                stdio_uart_init
 .text.stdio_uart_init_full
                0x10026990       0x4c CMakeFiles/picomsx.dir/usr/share/pico-sdk/src/rp2_common/pico_stdio_uart/stdio_uart.c.o
                0x10026990                stdio_uart_init_full
 .text.dma_channel_claim
                0x100269dc       0x14 CMakeFiles/picomsx.dir/usr/share/pico-sdk/src/rp2_common/hardware_dma/dma.c.o
                0x100269dc                dma_channel_claim
 .text.dma_claim_unused_channel
                0x100269f0       0x20 CMakeFiles/picomsx.dir/usr/share/pico-sdk/src/rp2_common/hardware_dma/dma.c.o
                0x100269f0                dma_claim_unused_channel
 .text.spi_init
                0x10026a10       0xf4 CMakeFiles/picomsx.dir/usr/share/pico-sdk/src/rp2_common/hardware_spi/spi.c.o
                0x10026a10                spi_init
 .text.spi_set_baudrate
                0x10026b04       0x98 CMakeFiles/picomsx.dir/usr/share/pico-sdk/src/rp2_common/hardware_spi/spi.c.o
                0x10026b04                spi_set_baudrate
 .text.pio_sm_claim
                0x10026b9c       0x48 CMakeFiles/picomsx.dir/usr/share/pico-sdk/src/rp2_common/hardware_pio/pio.c.o
                0x10026b9c                pio_sm_claim
 .text.pio_set_gpio_base
                0x10026be4       0x44 CMakeFiles/picomsx.dir/usr/share/pico-sdk/src/rp2_common/hardware_pio/pio.c.o
                0x10026be4                pio_set_gpio_base
 .text.pio_add_program
                0x10026c28       0xf4 CMakeFiles/picomsx.dir/usr/share/pico-sdk/src/rp2_common/hardware_pio/pio.c.o
                0x10026c28                pio_add_program
 .text.pio_sm_set_pins
                0x10026d1c       0x64 CMakeFiles/picomsx.dir/usr/share/pico-sdk/src/rp2_common/hardware_pio/pio.c.o
                0x10026d1c                pio_sm_set_pins
 .text.pio_sm_set_pindirs_with_mask64
                0x10026d80       0x68 CMakeFiles/picomsx.dir/usr/share/pico-sdk/src/rp2_common/hardware_pio/pio.c.o
                0x10026d80                pio_sm_set_pindirs_with_mask64
 .text.pio_sm_init
                0x10026de8       0xa8 CMakeFiles/picomsx.dir/usr/share/pico-sdk/src/rp2_common/hardware_pio/pio.c.o
                0x10026de8                pio_sm_init
 .text.hcd_rp2040_irq
                0x10026e90      0x338 CMakeFiles/picomsx.dir/usr/share/pico-sdk/lib/tinyusb/src/portable/raspberrypi/rp2040/hcd_rp2040.c.o
 .text.hcd_init
                0x100271c8       0x50 CMakeFiles/picomsx.dir/usr/share/pico-sdk/lib/tinyusb/src/portable/raspberrypi/rp2040/hcd_rp2040.c.o
                0x100271c8                hcd_init
 .text.hcd_port_reset
                0x10027218        0x4 CMakeFiles/picomsx.dir/usr/share/pico-sdk/lib/tinyusb/src/portable/raspberrypi/rp2040/hcd_rp2040.c.o
                0x10027218                hcd_port_reset
 .text.hcd_port_reset_end
                0x1002721c        0x4 CMakeFiles/picomsx.dir/usr/share/pico-sdk/lib/tinyusb/src/portable/raspberrypi/rp2040/hcd_rp2040.c.o
                0x1002721c                hcd_port_reset_end
 .text.hcd_port_connect_status
                0x10027220       0x14 CMakeFiles/picomsx.dir/usr/share/pico-sdk/lib/tinyusb/src/portable/raspberrypi/rp2040/hcd_rp2040.c.o
                0x10027220                hcd_port_connect_status
 .text.hcd_port_speed_get
                0x10027234       0x28 CMakeFiles/picomsx.dir/usr/share/pico-sdk/lib/tinyusb/src/portable/raspberrypi/rp2040/hcd_rp2040.c.o
                0x10027234                hcd_port_speed_get
 .text.hcd_device_close
                0x1002725c      0x498 CMakeFiles/picomsx.dir/usr/share/pico-sdk/lib/tinyusb/src/portable/raspberrypi/rp2040/hcd_rp2040.c.o
                0x1002725c                hcd_device_close
 .text.hcd_int_enable
                0x100276f4        0x8 CMakeFiles/picomsx.dir/usr/share/pico-sdk/lib/tinyusb/src/portable/raspberrypi/rp2040/hcd_rp2040.c.o
                0x100276f4                hcd_int_enable
 .text.hcd_edpt_open
                0x100276fc      0x1f0 CMakeFiles/picomsx.dir/usr/share/pico-sdk/lib/tinyusb/src/portable/raspberrypi/rp2040/hcd_rp2040.c.o
                0x100276fc                hcd_edpt_open
 .text.hcd_edpt_xfer
                0x100278ec      0x31c CMakeFiles/picomsx.dir/usr/share/pico-sdk/lib/tinyusb/src/portable/raspberrypi/rp2040/hcd_rp2040.c.o
                0x100278ec                hcd_edpt_xfer
 .text.hcd_edpt_abort_xfer
                0x10027c08        0x4 CMakeFiles/picomsx.dir/usr/share/pico-sdk/lib/tinyusb/src/portable/raspberrypi/rp2040/hcd_rp2040.c.o
                0x10027c08                hcd_edpt_abort_xfer
 .text.hcd_setup_send
                0x10027c0c       0xf4 CMakeFiles/picomsx.dir/usr/share/pico-sdk/lib/tinyusb/src/portable/raspberrypi/rp2040/hcd_rp2040.c.o
                0x10027c0c                hcd_setup_send
 .text.rp2040_usb_init
                0x10027d00       0x40 CMakeFiles/picomsx.dir/usr/share/pico-sdk/lib/tinyusb/src/portable/raspberrypi/rp2040/rp2040_usb.c.o
                0x10027d00                rp2040_usb_init
 .text.hw_endpoint_reset_transfer
                0x10027d40        0xc CMakeFiles/picomsx.dir/usr/share/pico-sdk/lib/tinyusb/src/portable/raspberrypi/rp2040/rp2040_usb.c.o
                0x10027d40                hw_endpoint_reset_transfer
 .text.hw_endpoint_start_next_buffer
                0x10027d4c      0x1e0 CMakeFiles/picomsx.dir/usr/share/pico-sdk/lib/tinyusb/src/portable/raspberrypi/rp2040/rp2040_usb.c.o
                0x10027d4c                hw_endpoint_start_next_buffer
 .text.hw_endpoint_xfer_start
                0x10027f2c       0x30 CMakeFiles/picomsx.dir/usr/share/pico-sdk/lib/tinyusb/src/portable/raspberrypi/rp2040/rp2040_usb.c.o
                0x10027f2c                hw_endpoint_xfer_start
 .text.hw_endpoint_xfer_continue
                0x10027f5c      0x178 CMakeFiles/picomsx.dir/usr/share/pico-sdk/lib/tinyusb/src/portable/raspberrypi/rp2040/rp2040_usb.c.o
                0x10027f5c                hw_endpoint_xfer_continue
 .text._control_blocking_complete_cb
                0x100280d4        0x8 CMakeFiles/picomsx.dir/usr/share/pico-sdk/lib/tinyusb/src/host/usbh.c.o
 .text.process_removing_device
                0x100280dc      0x140 CMakeFiles/picomsx.dir/usr/share/pico-sdk/lib/tinyusb/src/host/usbh.c.o
 .text.usbh_control_xfer_cb.isra.0
                0x1002821c      0x254 CMakeFiles/picomsx.dir/usr/share/pico-sdk/lib/tinyusb/src/host/usbh.c.o
 .text.tuh_event_hook_cb
                0x10028470        0x4 CMakeFiles/picomsx.dir/usr/share/pico-sdk/lib/tinyusb/src/host/usbh.c.o
                0x10028470                tuh_event_hook_cb
 .text.tuh_vid_pid_get
                0x10028474       0x50 CMakeFiles/picomsx.dir/usr/share/pico-sdk/lib/tinyusb/src/host/usbh.c.o
                0x10028474                tuh_vid_pid_get
 .text.tuh_speed_get
                0x100284c4       0x28 CMakeFiles/picomsx.dir/usr/share/pico-sdk/lib/tinyusb/src/host/usbh.c.o
                0x100284c4                tuh_speed_get
 .text.tuh_rhport_init
                0x100284ec      0x154 CMakeFiles/picomsx.dir/usr/share/pico-sdk/lib/tinyusb/src/host/usbh.c.o
                0x100284ec                tuh_rhport_init
 .text.tuh_control_xfer
                0x10028640      0x160 CMakeFiles/picomsx.dir/usr/share/pico-sdk/lib/tinyusb/src/host/usbh.c.o
                0x10028640                tuh_control_xfer
 .text.process_enumeration.part.0
                0x100287a0      0x700 CMakeFiles/picomsx.dir/usr/share/pico-sdk/lib/tinyusb/src/host/usbh.c.o
 .text.process_enumeration
                0x10028ea0       0x58 CMakeFiles/picomsx.dir/usr/share/pico-sdk/lib/tinyusb/src/host/usbh.c.o
 .text.enum_new_device.isra.0
                0x10028ef8       0xc0 CMakeFiles/picomsx.dir/usr/share/pico-sdk/lib/tinyusb/src/host/usbh.c.o
 .text.tuh_task_ext.part.0
                0x10028fb8      0x294 CMakeFiles/picomsx.dir/usr/share/pico-sdk/lib/tinyusb/src/host/usbh.c.o
 .text.tuh_task_ext
                0x1002924c       0x14 CMakeFiles/picomsx.dir/usr/share/pico-sdk/lib/tinyusb/src/host/usbh.c.o
                0x1002924c                tuh_task_ext
 .text.usbh_get_rhport
                0x10029260       0x24 CMakeFiles/picomsx.dir/usr/share/pico-sdk/lib/tinyusb/src/host/usbh.c.o
                0x10029260                usbh_get_rhport
 .text.usbh_get_enum_buf
                0x10029284        0x8 CMakeFiles/picomsx.dir/usr/share/pico-sdk/lib/tinyusb/src/host/usbh.c.o
                0x10029284                usbh_get_enum_buf
 .text.usbh_edpt_claim
                0x1002928c       0x68 CMakeFiles/picomsx.dir/usr/share/pico-sdk/lib/tinyusb/src/host/usbh.c.o
                0x1002928c                usbh_edpt_claim
 .text.usbh_edpt_release
                0x100292f4       0x40 CMakeFiles/picomsx.dir/usr/share/pico-sdk/lib/tinyusb/src/host/usbh.c.o
                0x100292f4                usbh_edpt_release
 .text.usbh_edpt_xfer_with_callback
                0x10029334       0x9c CMakeFiles/picomsx.dir/usr/share/pico-sdk/lib/tinyusb/src/host/usbh.c.o
                0x10029334                usbh_edpt_xfer_with_callback
 .text.tuh_edpt_open
                0x100293d0       0x80 CMakeFiles/picomsx.dir/usr/share/pico-sdk/lib/tinyusb/src/host/usbh.c.o
                0x100293d0                tuh_edpt_open
 .text.tuh_descriptor_get_hid_report
                0x10029450      0x168 CMakeFiles/picomsx.dir/usr/share/pico-sdk/lib/tinyusb/src/host/usbh.c.o
                0x10029450                tuh_descriptor_get_hid_report
 .text.usbh_driver_set_config_complete
                0x100295b8      0x190 CMakeFiles/picomsx.dir/usr/share/pico-sdk/lib/tinyusb/src/host/usbh.c.o
                0x100295b8                usbh_driver_set_config_complete
 .text.connection_port_reset_complete
                0x10029748       0x60 CMakeFiles/picomsx.dir/usr/share/pico-sdk/lib/tinyusb/src/host/hub.c.o
 .text.hub_clear_feature_complete_stub
                0x100297a8       0x50 CMakeFiles/picomsx.dir/usr/share/pico-sdk/lib/tinyusb/src/host/hub.c.o
 .text.config_set_port_power
                0x100297f8       0x80 CMakeFiles/picomsx.dir/usr/share/pico-sdk/lib/tinyusb/src/host/hub.c.o
 .text.config_port_power_complete
                0x10029878       0xc0 CMakeFiles/picomsx.dir/usr/share/pico-sdk/lib/tinyusb/src/host/hub.c.o
 .text.connection_clear_conn_change_complete
                0x10029938       0xc0 CMakeFiles/picomsx.dir/usr/share/pico-sdk/lib/tinyusb/src/host/hub.c.o
 .text.hub_get_status_complete
                0x100299f8       0xcc CMakeFiles/picomsx.dir/usr/share/pico-sdk/lib/tinyusb/src/host/hub.c.o
 .text.hub_port_get_status_complete
                0x10029ac4      0x1c4 CMakeFiles/picomsx.dir/usr/share/pico-sdk/lib/tinyusb/src/host/hub.c.o
 .text.hub_port_clear_feature
                0x10029c88       0x70 CMakeFiles/picomsx.dir/usr/share/pico-sdk/lib/tinyusb/src/host/hub.c.o
                0x10029c88                hub_port_clear_feature
 .text.hub_port_get_status
                0x10029cf8       0x40 CMakeFiles/picomsx.dir/usr/share/pico-sdk/lib/tinyusb/src/host/hub.c.o
                0x10029cf8                hub_port_get_status
 .text.hub_init
                0x10029d38       0x14 CMakeFiles/picomsx.dir/usr/share/pico-sdk/lib/tinyusb/src/host/hub.c.o
                0x10029d38                hub_init
 .text.hub_deinit
                0x10029d4c        0x4 CMakeFiles/picomsx.dir/usr/share/pico-sdk/lib/tinyusb/src/host/hub.c.o
                0x10029d4c                hub_deinit
 .text.hub_open
                0x10029d50       0x7c CMakeFiles/picomsx.dir/usr/share/pico-sdk/lib/tinyusb/src/host/hub.c.o
                0x10029d50                hub_open
 .text.hub_close
                0x10029dcc       0x24 CMakeFiles/picomsx.dir/usr/share/pico-sdk/lib/tinyusb/src/host/hub.c.o
                0x10029dcc                hub_close
 .text.hub_edpt_status_xfer
                0x10029df0       0x30 CMakeFiles/picomsx.dir/usr/share/pico-sdk/lib/tinyusb/src/host/hub.c.o
                0x10029df0                hub_edpt_status_xfer
 .text.hub_set_config
                0x10029e20       0x7c CMakeFiles/picomsx.dir/usr/share/pico-sdk/lib/tinyusb/src/host/hub.c.o
                0x10029e20                hub_set_config
 .text.hub_xfer_cb
                0x10029e9c      0x100 CMakeFiles/picomsx.dir/usr/share/pico-sdk/lib/tinyusb/src/host/hub.c.o
                0x10029e9c                hub_xfer_cb
 .text.ftdi_set_data_format
                0x10029f9c        0x4 CMakeFiles/picomsx.dir/usr/share/pico-sdk/lib/tinyusb/src/class/cdc/cdc_host.c.o
 .text.ftdi_set_line_coding
                0x10029fa0        0x4 CMakeFiles/picomsx.dir/usr/share/pico-sdk/lib/tinyusb/src/class/cdc/cdc_host.c.o
 .text.acm_set_control_line_state
                0x10029fa4       0x88 CMakeFiles/picomsx.dir/usr/share/pico-sdk/lib/tinyusb/src/class/cdc/cdc_host.c.o
 .text.open_ep_stream_pair
                0x1002a02c       0xc8 CMakeFiles/picomsx.dir/usr/share/pico-sdk/lib/tinyusb/src/class/cdc/cdc_host.c.o
 .text.acm_set_line_coding
                0x1002a0f4       0x90 CMakeFiles/picomsx.dir/usr/share/pico-sdk/lib/tinyusb/src/class/cdc/cdc_host.c.o
 .text.cp210x_set_line_coding
                0x1002a184        0x4 CMakeFiles/picomsx.dir/usr/share/pico-sdk/lib/tinyusb/src/class/cdc/cdc_host.c.o
 .text.cp210x_set_data_format
                0x1002a188        0x4 CMakeFiles/picomsx.dir/usr/share/pico-sdk/lib/tinyusb/src/class/cdc/cdc_host.c.o
 .text.ftdi_open
                0x1002a18c       0x50 CMakeFiles/picomsx.dir/usr/share/pico-sdk/lib/tinyusb/src/class/cdc/cdc_host.c.o
 .text.acm_open
                0x1002a1dc       0xcc CMakeFiles/picomsx.dir/usr/share/pico-sdk/lib/tinyusb/src/class/cdc/cdc_host.c.o
 .text.ch34x_open
                0x1002a2a8       0x98 CMakeFiles/picomsx.dir/usr/share/pico-sdk/lib/tinyusb/src/class/cdc/cdc_host.c.o
 .text.cp210x_open
                0x1002a340       0x48 CMakeFiles/picomsx.dir/usr/share/pico-sdk/lib/tinyusb/src/class/cdc/cdc_host.c.o
 .text.ch34x_set_modem_ctrl
                0x1002a388       0x84 CMakeFiles/picomsx.dir/usr/share/pico-sdk/lib/tinyusb/src/class/cdc/cdc_host.c.o
 .text.ftdi_sio_set_modem_ctrl
                0x1002a40c       0x74 CMakeFiles/picomsx.dir/usr/share/pico-sdk/lib/tinyusb/src/class/cdc/cdc_host.c.o
 .text.cp210x_set_modem_ctrl
                0x1002a480       0x50 CMakeFiles/picomsx.dir/usr/share/pico-sdk/lib/tinyusb/src/class/cdc/cdc_host.c.o
 .text.ftdi_sio_set_baudrate
                0x1002a4d0       0xcc CMakeFiles/picomsx.dir/usr/share/pico-sdk/lib/tinyusb/src/class/cdc/cdc_host.c.o
 .text.ch34x_set_data_format
                0x1002a59c       0xb0 CMakeFiles/picomsx.dir/usr/share/pico-sdk/lib/tinyusb/src/class/cdc/cdc_host.c.o
 .text.cp210x_set_baudrate
                0x1002a64c       0x58 CMakeFiles/picomsx.dir/usr/share/pico-sdk/lib/tinyusb/src/class/cdc/cdc_host.c.o
 .text.ch34x_process_config
                0x1002a6a4      0x210 CMakeFiles/picomsx.dir/usr/share/pico-sdk/lib/tinyusb/src/class/cdc/cdc_host.c.o
 .text.acm_set_data_format
                0x1002a8b4       0x98 CMakeFiles/picomsx.dir/usr/share/pico-sdk/lib/tinyusb/src/class/cdc/cdc_host.c.o
 .text.ch34x_set_baudrate
                0x1002a94c      0x148 CMakeFiles/picomsx.dir/usr/share/pico-sdk/lib/tinyusb/src/class/cdc/cdc_host.c.o
 .text.ch34x_set_line_coding_stage1_complete
                0x1002aa94       0x94 CMakeFiles/picomsx.dir/usr/share/pico-sdk/lib/tinyusb/src/class/cdc/cdc_host.c.o
 .text.cdch_internal_control_complete
                0x1002ab28      0x114 CMakeFiles/picomsx.dir/usr/share/pico-sdk/lib/tinyusb/src/class/cdc/cdc_host.c.o
 .text.acm_set_baudrate
                0x1002ac3c       0xac CMakeFiles/picomsx.dir/usr/share/pico-sdk/lib/tinyusb/src/class/cdc/cdc_host.c.o
 .text.ftdi_process_config
                0x1002ace8      0x14c CMakeFiles/picomsx.dir/usr/share/pico-sdk/lib/tinyusb/src/class/cdc/cdc_host.c.o
 .text.cp210x_process_config
                0x1002ae34      0x174 CMakeFiles/picomsx.dir/usr/share/pico-sdk/lib/tinyusb/src/class/cdc/cdc_host.c.o
 .text.ch34x_set_line_coding
                0x1002afa8      0x26c CMakeFiles/picomsx.dir/usr/share/pico-sdk/lib/tinyusb/src/class/cdc/cdc_host.c.o
 .text.acm_process_config
                0x1002b214      0x148 CMakeFiles/picomsx.dir/usr/share/pico-sdk/lib/tinyusb/src/class/cdc/cdc_host.c.o
 .text.ch34x_control_complete
                0x1002b35c      0x10c CMakeFiles/picomsx.dir/usr/share/pico-sdk/lib/tinyusb/src/class/cdc/cdc_host.c.o
 .text.cdch_init
                0x1002b468       0x58 CMakeFiles/picomsx.dir/usr/share/pico-sdk/lib/tinyusb/src/class/cdc/cdc_host.c.o
                0x1002b468                cdch_init
 .text.cdch_deinit
                0x1002b4c0       0x1c CMakeFiles/picomsx.dir/usr/share/pico-sdk/lib/tinyusb/src/class/cdc/cdc_host.c.o
                0x1002b4c0                cdch_deinit
 .text.cdch_close
                0x1002b4dc       0x2c CMakeFiles/picomsx.dir/usr/share/pico-sdk/lib/tinyusb/src/class/cdc/cdc_host.c.o
                0x1002b4dc                cdch_close
 .text.cdch_xfer_cb
                0x1002b508      0x110 CMakeFiles/picomsx.dir/usr/share/pico-sdk/lib/tinyusb/src/class/cdc/cdc_host.c.o
                0x1002b508                cdch_xfer_cb
 .text.cdch_open
                0x1002b618       0xa0 CMakeFiles/picomsx.dir/usr/share/pico-sdk/lib/tinyusb/src/class/cdc/cdc_host.c.o
                0x1002b618                cdch_open
 .text.cdch_set_config
                0x1002b6b8       0x94 CMakeFiles/picomsx.dir/usr/share/pico-sdk/lib/tinyusb/src/class/cdc/cdc_host.c.o
                0x1002b6b8                cdch_set_config
 .text.process_set_config
                0x1002b74c      0x2a0 CMakeFiles/picomsx.dir/usr/share/pico-sdk/lib/tinyusb/src/class/hid/hid_host.c.o
 .text.tuh_hid_interface_protocol
                0x1002b9ec       0x48 CMakeFiles/picomsx.dir/usr/share/pico-sdk/lib/tinyusb/src/class/hid/hid_host.c.o
                0x1002b9ec                tuh_hid_interface_protocol
 .text.tuh_hid_receive_report
                0x1002ba34       0x78 CMakeFiles/picomsx.dir/usr/share/pico-sdk/lib/tinyusb/src/class/hid/hid_host.c.o
                0x1002ba34                tuh_hid_receive_report
 .text.hidh_init
                0x1002baac       0x14 CMakeFiles/picomsx.dir/usr/share/pico-sdk/lib/tinyusb/src/class/hid/hid_host.c.o
                0x1002baac                hidh_init
 .text.hidh_deinit
                0x1002bac0        0x4 CMakeFiles/picomsx.dir/usr/share/pico-sdk/lib/tinyusb/src/class/hid/hid_host.c.o
                0x1002bac0                hidh_deinit
 .text.hidh_xfer_cb
                0x1002bac4      0x1cc CMakeFiles/picomsx.dir/usr/share/pico-sdk/lib/tinyusb/src/class/hid/hid_host.c.o
                0x1002bac4                hidh_xfer_cb
 .text.hidh_close
                0x1002bc90      0x1d4 CMakeFiles/picomsx.dir/usr/share/pico-sdk/lib/tinyusb/src/class/hid/hid_host.c.o
                0x1002bc90                hidh_close
 .text.hidh_open
                0x1002be64      0x1bc CMakeFiles/picomsx.dir/usr/share/pico-sdk/lib/tinyusb/src/class/hid/hid_host.c.o
                0x1002be64                hidh_open
 .text.hidh_set_config
                0x1002c020      0x160 CMakeFiles/picomsx.dir/usr/share/pico-sdk/lib/tinyusb/src/class/hid/hid_host.c.o
                0x1002c020                hidh_set_config
 .text.tuh_hid_parse_report_descriptor
                0x1002c180       0xe8 CMakeFiles/picomsx.dir/usr/share/pico-sdk/lib/tinyusb/src/class/hid/hid_host.c.o
                0x1002c180                tuh_hid_parse_report_descriptor
 .text.config_read_capacity_complete
                0x1002c268       0x90 CMakeFiles/picomsx.dir/usr/share/pico-sdk/lib/tinyusb/src/class/msc/msc_host.c.o
 .text.config_get_maxlun_complete
                0x1002c2f8       0xe4 CMakeFiles/picomsx.dir/usr/share/pico-sdk/lib/tinyusb/src/class/msc/msc_host.c.o
 *fill*         0x1002c3dc        0x4 
 .text.config_request_sense_complete
                0x1002c3e0      0x104 CMakeFiles/picomsx.dir/usr/share/pico-sdk/lib/tinyusb/src/class/msc/msc_host.c.o
 .text.tuh_msc_scsi_command
                0x1002c4e4       0xa0 CMakeFiles/picomsx.dir/usr/share/pico-sdk/lib/tinyusb/src/class/msc/msc_host.c.o
                0x1002c4e4                tuh_msc_scsi_command
 *fill*         0x1002c584        0x4 
 .text.config_test_unit_ready_complete
                0x1002c588       0xec CMakeFiles/picomsx.dir/usr/share/pico-sdk/lib/tinyusb/src/class/msc/msc_host.c.o
 .text.msch_init
                0x1002c674       0x14 CMakeFiles/picomsx.dir/usr/share/pico-sdk/lib/tinyusb/src/class/msc/msc_host.c.o
                0x1002c674                msch_init
 .text.msch_deinit
                0x1002c688        0x4 CMakeFiles/picomsx.dir/usr/share/pico-sdk/lib/tinyusb/src/class/msc/msc_host.c.o
                0x1002c688                msch_deinit
 .text.msch_close
                0x1002c68c       0x3c CMakeFiles/picomsx.dir/usr/share/pico-sdk/lib/tinyusb/src/class/msc/msc_host.c.o
                0x1002c68c                msch_close
 .text.msch_xfer_cb
                0x1002c6c8      0x108 CMakeFiles/picomsx.dir/usr/share/pico-sdk/lib/tinyusb/src/class/msc/msc_host.c.o
                0x1002c6c8                msch_xfer_cb
 .text.msch_open
                0x1002c7d0       0xc8 CMakeFiles/picomsx.dir/usr/share/pico-sdk/lib/tinyusb/src/class/msc/msc_host.c.o
                0x1002c7d0                msch_open
 .text.msch_set_config
                0x1002c898       0x88 CMakeFiles/picomsx.dir/usr/share/pico-sdk/lib/tinyusb/src/class/msc/msc_host.c.o
                0x1002c898                msch_set_config
 .text.tusb_time_delay_ms_api
                0x1002c920        0x4 CMakeFiles/picomsx.dir/usr/share/pico-sdk/lib/tinyusb/src/tusb.c.o
                0x1002c920                tusb_time_delay_ms_api
 .text.tu_edpt_claim
                0x1002c924       0x54 CMakeFiles/picomsx.dir/usr/share/pico-sdk/lib/tinyusb/src/tusb.c.o
                0x1002c924                tu_edpt_claim
 .text.tu_edpt_release
                0x1002c978       0x38 CMakeFiles/picomsx.dir/usr/share/pico-sdk/lib/tinyusb/src/tusb.c.o
                0x1002c978                tu_edpt_release
 .text.tu_edpt_validate
                0x1002c9b0       0x7c CMakeFiles/picomsx.dir/usr/share/pico-sdk/lib/tinyusb/src/tusb.c.o
                0x1002c9b0                tu_edpt_validate
 .text.tu_edpt_bind_driver
                0x1002ca2c       0x58 CMakeFiles/picomsx.dir/usr/share/pico-sdk/lib/tinyusb/src/tusb.c.o
                0x1002ca2c                tu_edpt_bind_driver
 .text.tu_desc_get_interface_total_len
                0x1002ca84       0x58 CMakeFiles/picomsx.dir/usr/share/pico-sdk/lib/tinyusb/src/tusb.c.o
                0x1002ca84                tu_desc_get_interface_total_len
 .text.tu_edpt_stream_init
                0x1002cadc       0x58 CMakeFiles/picomsx.dir/usr/share/pico-sdk/lib/tinyusb/src/tusb.c.o
                0x1002cadc                tu_edpt_stream_init
 .text.tu_edpt_stream_deinit
                0x1002cb34        0x4 CMakeFiles/picomsx.dir/usr/share/pico-sdk/lib/tinyusb/src/tusb.c.o
                0x1002cb34                tu_edpt_stream_deinit
 .text.tu_edpt_stream_write_zlp_if_needed
                0x1002cb38       0x84 CMakeFiles/picomsx.dir/usr/share/pico-sdk/lib/tinyusb/src/tusb.c.o
                0x1002cb38                tu_edpt_stream_write_zlp_if_needed
 .text.tu_edpt_stream_write_xfer
                0x1002cbbc       0x90 CMakeFiles/picomsx.dir/usr/share/pico-sdk/lib/tinyusb/src/tusb.c.o
                0x1002cbbc                tu_edpt_stream_write_xfer
 .text.tu_edpt_stream_read_xfer
                0x1002cc4c       0xf8 CMakeFiles/picomsx.dir/usr/share/pico-sdk/lib/tinyusb/src/tusb.c.o
                0x1002cc4c                tu_edpt_stream_read_xfer
 .text.tu_fifo_config
                0x1002cd44       0x60 CMakeFiles/picomsx.dir/usr/share/pico-sdk/lib/tinyusb/src/common/tusb_fifo.c.o
                0x1002cd44                tu_fifo_config
 .text.tu_fifo_count
                0x1002cda4       0x20 CMakeFiles/picomsx.dir/usr/share/pico-sdk/lib/tinyusb/src/common/tusb_fifo.c.o
                0x1002cda4                tu_fifo_count
 .text.tu_fifo_empty
                0x1002cdc4       0x14 CMakeFiles/picomsx.dir/usr/share/pico-sdk/lib/tinyusb/src/common/tusb_fifo.c.o
                0x1002cdc4                tu_fifo_empty
 .text.tu_fifo_remaining
                0x1002cdd8       0x24 CMakeFiles/picomsx.dir/usr/share/pico-sdk/lib/tinyusb/src/common/tusb_fifo.c.o
                0x1002cdd8                tu_fifo_remaining
 .text.tu_fifo_read
                0x1002cdfc       0x94 CMakeFiles/picomsx.dir/usr/share/pico-sdk/lib/tinyusb/src/common/tusb_fifo.c.o
                0x1002cdfc                tu_fifo_read
 .text.tu_fifo_read_n
                0x1002ce90       0xd8 CMakeFiles/picomsx.dir/usr/share/pico-sdk/lib/tinyusb/src/common/tusb_fifo.c.o
                0x1002ce90                tu_fifo_read_n
 .text.tu_fifo_write
                0x1002cf68       0xa4 CMakeFiles/picomsx.dir/usr/share/pico-sdk/lib/tinyusb/src/common/tusb_fifo.c.o
                0x1002cf68                tu_fifo_write
 .text.tu_fifo_write_n
                0x1002d00c      0x15c CMakeFiles/picomsx.dir/usr/share/pico-sdk/lib/tinyusb/src/common/tusb_fifo.c.o
                0x1002d00c                tu_fifo_write_n
 .text.tu_fifo_clear
                0x1002d168       0x38 CMakeFiles/picomsx.dir/usr/share/pico-sdk/lib/tinyusb/src/common/tusb_fifo.c.o
                0x1002d168                tu_fifo_clear
 .text.board_init
                0x1002d1a0       0x30 CMakeFiles/picomsx.dir/usr/share/pico-sdk/lib/tinyusb/hw/bsp/rp2040/family.c.o
                0x1002d1a0                board_init
 .text.startup._retrieve_unique_id_on_boot
                0x1002d1d0       0x30 CMakeFiles/picomsx.dir/usr/share/pico-sdk/src/rp2_common/pico_unique_id/unique_id.c.o
 .text.producer_pool_give_buffer_default
                0x1002d200       0x4c CMakeFiles/picomsx.dir/pico-extras/src/common/pico_audio/audio.cpp.o
                0x1002d200                producer_pool_give_buffer_default
 .text.producer_pool_take_buffer_default
                0x1002d24c       0x88 CMakeFiles/picomsx.dir/pico-extras/src/common/pico_audio/audio.cpp.o
                0x1002d24c                producer_pool_take_buffer_default
 .text.consumer_pool_give_buffer_default
                0x1002d2d4       0x40 CMakeFiles/picomsx.dir/pico-extras/src/common/pico_audio/audio.cpp.o
                0x1002d2d4                consumer_pool_give_buffer_default
 .text.get_full_audio_buffer
                0x1002d314       0x98 CMakeFiles/picomsx.dir/pico-extras/src/common/pico_audio/audio.cpp.o
                0x1002d314                get_full_audio_buffer
 .text.consumer_pool_take_buffer_default
                0x1002d3ac        0x8 CMakeFiles/picomsx.dir/pico-extras/src/common/pico_audio/audio.cpp.o
                0x1002d3ac                consumer_pool_take_buffer_default
 .text._Z21audio_new_buffer_poolP19audio_buffer_formatii
                0x1002d3b4       0xe4 CMakeFiles/picomsx.dir/pico-extras/src/common/pico_audio/audio.cpp.o
                0x1002d3b4                audio_new_buffer_pool(audio_buffer_format*, int, int)
 .text.audio_new_producer_pool
                0x1002d498        0xc CMakeFiles/picomsx.dir/pico-extras/src/common/pico_audio/audio.cpp.o
                0x1002d498                audio_new_producer_pool
 .text.audio_new_consumer_pool
                0x1002d4a4        0xc CMakeFiles/picomsx.dir/pico-extras/src/common/pico_audio/audio.cpp.o
                0x1002d4a4                audio_new_consumer_pool
 .text.audio_complete_connection
                0x1002d4b0        0xc CMakeFiles/picomsx.dir/pico-extras/src/common/pico_audio/audio.cpp.o
                0x1002d4b0                audio_complete_connection
 .text.give_audio_buffer
                0x1002d4bc       0x1c CMakeFiles/picomsx.dir/pico-extras/src/common/pico_audio/audio.cpp.o
                0x1002d4bc                give_audio_buffer
 .text.take_audio_buffer
                0x1002d4d8       0x10 CMakeFiles/picomsx.dir/pico-extras/src/common/pico_audio/audio.cpp.o
                0x1002d4d8                take_audio_buffer
 .text._Z18consumer_pool_takeI15MultiChannelFmtI6FmtS16Lj2EES0_IS1_Lj1EEEP12audio_bufferP16audio_connectionb
                0x1002d4e8      0x1cc CMakeFiles/picomsx.dir/pico-extras/src/common/pico_audio/audio.cpp.o
                0x1002d4e8                audio_buffer* consumer_pool_take<MultiChannelFmt<FmtS16, 2u>, MultiChannelFmt<FmtS16, 1u> >(audio_connection*, bool)
 .text.mono_to_stereo_consumer_take
                0x1002d6b4        0x8 CMakeFiles/picomsx.dir/pico-extras/src/common/pico_audio/audio.cpp.o
                0x1002d6b4                mono_to_stereo_consumer_take
 .text.wrap_consumer_take
                0x1002d6bc       0x48 CMakeFiles/picomsx.dir/pico-extras/src/rp2_common/pico_audio_i2s/audio_i2s.c.o
 .text.audio_i2s_setup
                0x1002d704      0x180 CMakeFiles/picomsx.dir/pico-extras/src/rp2_common/pico_audio_i2s/audio_i2s.c.o
                0x1002d704                audio_i2s_setup
 .text.audio_i2s_connect
                0x1002d884       0xa8 CMakeFiles/picomsx.dir/pico-extras/src/rp2_common/pico_audio_i2s/audio_i2s.c.o
                0x1002d884                audio_i2s_connect
 .text.audio_i2s_set_enabled
                0x1002d92c       0x94 CMakeFiles/picomsx.dir/pico-extras/src/rp2_common/pico_audio_i2s/audio_i2s.c.o
                0x1002d92c                audio_i2s_set_enabled
 .text.i2c_write_blocking_internal
                0x1002d9c0      0x164 CMakeFiles/picomsx.dir/usr/share/pico-sdk/src/rp2_common/hardware_i2c/i2c.c.o
 .text.i2c_read_blocking_internal
                0x1002db24       0xdc CMakeFiles/picomsx.dir/usr/share/pico-sdk/src/rp2_common/hardware_i2c/i2c.c.o
 .text.i2c_set_baudrate
                0x1002dc00       0xa4 CMakeFiles/picomsx.dir/usr/share/pico-sdk/src/rp2_common/hardware_i2c/i2c.c.o
                0x1002dc00                i2c_set_baudrate
 .text.i2c_init
                0x1002dca4       0x4c CMakeFiles/picomsx.dir/usr/share/pico-sdk/src/rp2_common/hardware_i2c/i2c.c.o
                0x1002dca4                i2c_init
 .text.i2c_write_blocking_until
                0x1002dcf0       0x3c CMakeFiles/picomsx.dir/usr/share/pico-sdk/src/rp2_common/hardware_i2c/i2c.c.o
                0x1002dcf0                i2c_write_blocking_until
 .text.i2c_read_blocking_until
                0x1002dd2c       0x3c CMakeFiles/picomsx.dir/usr/share/pico-sdk/src/rp2_common/hardware_i2c/i2c.c.o
                0x1002dd2c                i2c_read_blocking_until
 .text.atexit   0x1002dd68        0xc /usr/lib/gcc/arm-none-eabi/14.2.0/../../../../arm-none-eabi/lib/thumb/v8-m.main+fp/softfp/libg.a(libc_a-atexit.o)
                0x1002dd68                atexit
 .text.calloc   0x1002dd74       0x10 /usr/lib/gcc/arm-none-eabi/14.2.0/../../../../arm-none-eabi/lib/thumb/v8-m.main+fp/softfp/libg.a(libc_a-calloc.o)
                0x1002dd74                calloc
 .text._calloc_r
                0x1002dd84       0x70 /usr/lib/gcc/arm-none-eabi/14.2.0/../../../../arm-none-eabi/lib/thumb/v8-m.main+fp/softfp/libg.a(libc_a-callocr.o)
                0x1002dd84                _calloc_r
 .text.malloc   0x1002ddf4       0x10 /usr/lib/gcc/arm-none-eabi/14.2.0/../../../../arm-none-eabi/lib/thumb/v8-m.main+fp/softfp/libg.a(libc_a-malloc.o)
                0x1002ddf4                malloc
 .text.free     0x1002de04       0x10 /usr/lib/gcc/arm-none-eabi/14.2.0/../../../../arm-none-eabi/lib/thumb/v8-m.main+fp/softfp/libg.a(libc_a-malloc.o)
                0x1002de04                free
 .text._malloc_r
                0x1002de14      0x578 /usr/lib/gcc/arm-none-eabi/14.2.0/../../../../arm-none-eabi/lib/thumb/v8-m.main+fp/softfp/libg.a(libc_a-mallocr.o)
                0x1002de14                _malloc_r
 .text.__malloc_lock
                0x1002e38c        0xc /usr/lib/gcc/arm-none-eabi/14.2.0/../../../../arm-none-eabi/lib/thumb/v8-m.main+fp/softfp/libg.a(libc_a-mlock.o)
                0x1002e38c                __malloc_lock
 .text.__malloc_unlock
                0x1002e398        0xc /usr/lib/gcc/arm-none-eabi/14.2.0/../../../../arm-none-eabi/lib/thumb/v8-m.main+fp/softfp/libg.a(libc_a-mlock.o)
                0x1002e398                __malloc_unlock
 .text._fclose_r
                0x1002e3a4       0xc0 /usr/lib/gcc/arm-none-eabi/14.2.0/../../../../arm-none-eabi/lib/thumb/v8-m.main+fp/softfp/libg.a(libc_a-fclose.o)
                0x1002e3a4                _fclose_r
 .text.__sflush_r
                0x1002e464      0x134 /usr/lib/gcc/arm-none-eabi/14.2.0/../../../../arm-none-eabi/lib/thumb/v8-m.main+fp/softfp/libg.a(libc_a-fflush.o)
                0x1002e464                __sflush_r
 .text._fflush_r
                0x1002e598       0x54 /usr/lib/gcc/arm-none-eabi/14.2.0/../../../../arm-none-eabi/lib/thumb/v8-m.main+fp/softfp/libg.a(libc_a-fflush.o)
                0x1002e598                _fflush_r
 .text.stdio_exit_handler
                0x1002e5ec       0x18 /usr/lib/gcc/arm-none-eabi/14.2.0/../../../../arm-none-eabi/lib/thumb/v8-m.main+fp/softfp/libg.a(libc_a-findfp.o)
 .text.cleanup_stdio
                0x1002e604       0x40 /usr/lib/gcc/arm-none-eabi/14.2.0/../../../../arm-none-eabi/lib/thumb/v8-m.main+fp/softfp/libg.a(libc_a-findfp.o)
 .text.global_stdio_init.part.0
                0x1002e644       0xf0 /usr/lib/gcc/arm-none-eabi/14.2.0/../../../../arm-none-eabi/lib/thumb/v8-m.main+fp/softfp/libg.a(libc_a-findfp.o)
 .text.__sinit  0x1002e734       0x3c /usr/lib/gcc/arm-none-eabi/14.2.0/../../../../arm-none-eabi/lib/thumb/v8-m.main+fp/softfp/libg.a(libc_a-findfp.o)
                0x1002e734                __sinit
 .text.__sfp_lock_acquire
                0x1002e770        0xc /usr/lib/gcc/arm-none-eabi/14.2.0/../../../../arm-none-eabi/lib/thumb/v8-m.main+fp/softfp/libg.a(libc_a-findfp.o)
                0x1002e770                __sfp_lock_acquire
 .text.__sfp_lock_release
                0x1002e77c        0xc /usr/lib/gcc/arm-none-eabi/14.2.0/../../../../arm-none-eabi/lib/thumb/v8-m.main+fp/softfp/libg.a(libc_a-findfp.o)
                0x1002e77c                __sfp_lock_release
 .text.fputc    0x1002e788       0x58 /usr/lib/gcc/arm-none-eabi/14.2.0/../../../../arm-none-eabi/lib/thumb/v8-m.main+fp/softfp/libg.a(libc_a-fputc.o)
                0x1002e788                fputc
 .text._fwalk_sglue
                0x1002e7e0       0x44 /usr/lib/gcc/arm-none-eabi/14.2.0/../../../../arm-none-eabi/lib/thumb/v8-m.main+fp/softfp/libg.a(libc_a-fwalk.o)
                0x1002e7e0                _fwalk_sglue
 .text._putc_r  0x1002e824       0x78 /usr/lib/gcc/arm-none-eabi/14.2.0/../../../../arm-none-eabi/lib/thumb/v8-m.main+fp/softfp/libg.a(libc_a-putc.o)
                0x1002e824                _putc_r
 .text.__sread  0x1002e89c       0x24 /usr/lib/gcc/arm-none-eabi/14.2.0/../../../../arm-none-eabi/lib/thumb/v8-m.main+fp/softfp/libg.a(libc_a-stdio.o)
                0x1002e89c                __sread
 .text.__swrite
                0x1002e8c0       0x40 /usr/lib/gcc/arm-none-eabi/14.2.0/../../../../arm-none-eabi/lib/thumb/v8-m.main+fp/softfp/libg.a(libc_a-stdio.o)
                0x1002e8c0                __swrite
 .text.__sseek  0x1002e900       0x28 /usr/lib/gcc/arm-none-eabi/14.2.0/../../../../arm-none-eabi/lib/thumb/v8-m.main+fp/softfp/libg.a(libc_a-stdio.o)