Archive member included to satisfy reference by file (symbol)

/usr/lib/gcc/arm-none-eabi/14.2.0/../../../../arm-none-eabi/lib/thumb/v8-m.main+fp/softfp/libm.a(libm_a-wf_sqrt.o)
                              CMakeFiles/picomsx.dir/home/jcher/pico-sdk/src/rp2_common/pico_float/float_math.c.o (sqrtf)
/usr/lib/gcc/arm-none-eabi/14.2.0/../../../../arm-none-eabi/lib/thumb/v8-m.main+fp/softfp/libm.a(libm_a-ef_sqrt.o)
                              /usr/lib/gcc/arm-none-eabi/14.2.0/../../../../arm-none-eabi/lib/thumb/v8-m.main+fp/softfp/libm.a(libm_a-wf_sqrt.o) (__ieee754_sqrtf)
/usr/lib/gcc/arm-none-eabi/14.2.0/thumb/v8-m.main+fp/softfp/libgcc.a(_arm_addsubdf3.o)
                              CMakeFiles/picomsx.dir/home/jcher/pico-sdk/src/rp2_common/pico_float/float_math.c.o (__aeabi_f2d)
/usr/lib/gcc/arm-none-eabi/14.2.0/thumb/v8-m.main+fp/softfp/libgcc.a(_aeabi_ldivmod.o)
                              CMakeFiles/picomsx.dir/home/jcher/pico-sdk/src/common/pico_time/time.c.o (__aeabi_ldivmod)
/usr/lib/gcc/arm-none-eabi/14.2.0/thumb/v8-m.main+fp/softfp/libgcc.a(_aeabi_uldivmod.o)
                              CMakeFiles/picomsx.dir/sd_driver/tf_card.c.o (__aeabi_uldivmod)
/usr/lib/gcc/arm-none-eabi/14.2.0/thumb/v8-m.main+fp/softfp/libgcc.a(_udivmoddi4.o)
                              /usr/lib/gcc/arm-none-eabi/14.2.0/thumb/v8-m.main+fp/softfp/libgcc.a(_aeabi_ldivmod.o) (__udivmoddi4)
/usr/lib/gcc/arm-none-eabi/14.2.0/thumb/v8-m.main+fp/softfp/libgcc.a(_dvmd_tls.o)
                              /usr/lib/gcc/arm-none-eabi/14.2.0/thumb/v8-m.main+fp/softfp/libgcc.a(_aeabi_ldivmod.o) (__aeabi_ldiv0)
/usr/lib/gcc/arm-none-eabi/14.2.0/../../../../arm-none-eabi/lib/thumb/v8-m.main+fp/softfp/libg.a(libc_a-atexit.o)
                              /usr/lib/gcc/arm-none-eabi/14.2.0/../../../../arm-none-eabi/lib/thumb/v8-m.main+fp/softfp/crt0.o (atexit)
/usr/lib/gcc/arm-none-eabi/14.2.0/../../../../arm-none-eabi/lib/thumb/v8-m.main+fp/softfp/libg.a(libc_a-calloc.o)
                              CMakeFiles/picomsx.dir/home/jcher/pico-sdk/src/rp2_common/pico_malloc/malloc.c.o (calloc)
/usr/lib/gcc/arm-none-eabi/14.2.0/../../../../arm-none-eabi/lib/thumb/v8-m.main+fp/softfp/libg.a(libc_a-callocr.o)
                              /usr/lib/gcc/arm-none-eabi/14.2.0/../../../../arm-none-eabi/lib/thumb/v8-m.main+fp/softfp/libg.a(libc_a-calloc.o) (_calloc_r)
/usr/lib/gcc/arm-none-eabi/14.2.0/../../../../arm-none-eabi/lib/thumb/v8-m.main+fp/softfp/libg.a(libc_a-malloc.o)
                              CMakeFiles/picomsx.dir/home/jcher/pico-sdk/src/rp2_common/pico_malloc/malloc.c.o (malloc)
/usr/lib/gcc/arm-none-eabi/14.2.0/../../../../arm-none-eabi/lib/thumb/v8-m.main+fp/softfp/libg.a(libc_a-mallocr.o)
                              /usr/lib/gcc/arm-none-eabi/14.2.0/../../../../arm-none-eabi/lib/thumb/v8-m.main+fp/softfp/libg.a(libc_a-callocr.o) (_malloc_r)
/usr/lib/gcc/arm-none-eabi/14.2.0/../../../../arm-none-eabi/lib/thumb/v8-m.main+fp/softfp/libg.a(libc_a-mlock.o)
                              /usr/lib/gcc/arm-none-eabi/14.2.0/../../../../arm-none-eabi/lib/thumb/v8-m.main+fp/softfp/libg.a(libc_a-mallocr.o) (__malloc_lock)
/usr/lib/gcc/arm-none-eabi/14.2.0/../../../../arm-none-eabi/lib/thumb/v8-m.main+fp/softfp/libg.a(libc_a-realloc.o)
                              CMakeFiles/picomsx.dir/home/jcher/pico-sdk/src/rp2_common/pico_malloc/malloc.c.o (realloc)
/usr/lib/gcc/arm-none-eabi/14.2.0/../../../../arm-none-eabi/lib/thumb/v8-m.main+fp/softfp/libg.a(libc_a-reallocr.o)
                              /usr/lib/gcc/arm-none-eabi/14.2.0/../../../../arm-none-eabi/lib/thumb/v8-m.main+fp/softfp/libg.a(libc_a-realloc.o) (_realloc_r)
/usr/lib/gcc/arm-none-eabi/14.2.0/../../../../arm-none-eabi/lib/thumb/v8-m.main+fp/softfp/libg.a(libc_a-fclose.o)
                              CMakeFiles/picomsx.dir/picomsx/Sound.c.o (fclose)
/usr/lib/gcc/arm-none-eabi/14.2.0/../../../../arm-none-eabi/lib/thumb/v8-m.main+fp/softfp/libg.a(libc_a-fflush.o)
                              /usr/lib/gcc/arm-none-eabi/14.2.0/../../../../arm-none-eabi/lib/thumb/v8-m.main+fp/softfp/libg.a(libc_a-fclose.o) (__sflush_r)
/usr/lib/gcc/arm-none-eabi/14.2.0/../../../../arm-none-eabi/lib/thumb/v8-m.main+fp/softfp/libg.a(libc_a-fgetc.o)
                              CMakeFiles/picomsx.dir/picomsx/I8251.c.o (fgetc)
/usr/lib/gcc/arm-none-eabi/14.2.0/../../../../arm-none-eabi/lib/thumb/v8-m.main+fp/softfp/libg.a(libc_a-findfp.o)
                              /usr/lib/gcc/arm-none-eabi/14.2.0/../../../../arm-none-eabi/lib/thumb/v8-m.main+fp/softfp/libg.a(libc_a-fflush.o) (__sglue)
/usr/lib/gcc/arm-none-eabi/14.2.0/../../../../arm-none-eabi/lib/thumb/v8-m.main+fp/softfp/libg.a(libc_a-fopen.o)
                              CMakeFiles/picomsx.dir/picomsx/Sound.c.o (fopen)
/usr/lib/gcc/arm-none-eabi/14.2.0/../../../../arm-none-eabi/lib/thumb/v8-m.main+fp/softfp/libg.a(libc_a-fputc.o)
                              CMakeFiles/picomsx.dir/picomsx/I8251.c.o (fputc)
[...]
Memory Configuration

Name             Origin             Length             Attributes
FLASH            0x10000000         0x01000000         xr
RAM              0x20000000         0x00080000         xrw
SCRATCH_X        0x20080000         0x00001000         xrw
SCRATCH_Y        0x20081000         0x00001000         xrw
*default*        0x00000000         0xffffffff

Linker script and memory map

LOAD /usr/lib/gcc/arm-none-eabi/14.2.0/thumb/v8-m.main+fp/softfp/crti.o
LOAD /usr/lib/gcc/arm-none-eabi/14.2.0/thumb/v8-m.main+fp/softfp/crtbegin.o
LOAD /usr/lib/gcc/arm-none-eabi/14.2.0/../../../../arm-none-eabi/lib/thumb/v8-m.main+fp/softfp/crt0.o

.flash_begin    0x10000000        0x0
                0x10000000                        __flash_binary_start = .

.text           0x10000000    0x2dd00
                0x10000000                        __logical_binary_start = .
 *(.vectors)
 .vectors       0x10000000      0x124 CMakeFiles/picomsx.dir/home/jcher/pico-sdk/src/rp2_common/pico_crt0/crt0.S.o
                0x10000000                __vectors
                0x10000000                __VECTOR_TABLE
                0x10000110                isr_securefault
                0x10000110                isr_irq30
                0x10000110                __unhandled_user_irq
                0x10000110                isr_irq49
                0x10000110                isr_irq13
                0x10000110                isr_irq43
                0x10000110                isr_irq45
                0x10000110                isr_irq27
                0x10000110                isr_irq32
                0x10000110                isr_irq31
                0x10000110                isr_irq5
                0x10000110                isr_irq11
                0x10000110                isr_irq23
                0x10000110                isr_usagefault
                0x10000110                isr_irq48
                0x10000110                isr_irq35
                0x10000110                isr_irq18
                0x10000110                isr_irq50
                0x10000110                isr_irq40
                0x10000110                isr_irq28
                0x10000110                isr_irq19
                0x10000110                isr_irq36
                0x10000110                isr_irq41
                0x10000110                isr_irq0
                0x10000110                isr_irq6
                0x10000110                isr_memmanage
                0x10000110                isr_irq37
                0x10000110                isr_irq42
                0x10000110                isr_irq22
                0x10000110                isr_irq17
                0x10000110                isr_irq38
                0x10000110                isr_irq14
                0x10000110                __vectors_end
                0x10000110                __default_isrs_start
                0x10000110                isr_irq2
                0x10000110                isr_irq10
                0x10000110                isr_irq8
                0x10000110                isr_debugmonitor
                0x10000110                isr_irq24
                0x10000110                isr_irq46
                0x10000110                isr_irq1
                0x10000110                isr_irq47
                0x10000110                isr_irq51
                0x10000110                isr_irq7
                0x10000110                isr_irq21
                0x10000110                isr_irq39
                0x10000110                isr_irq20
                0x10000110                isr_irq15
                0x10000110                isr_irq25
                0x10000110                isr_irq34
                0x10000110                isr_irq4
                0x10000110                isr_busfault
                0x10000110                isr_irq16
                0x10000110                isr_irq44
                0x10000110                isr_irq29
                0x10000110                isr_irq26
                0x10000110                isr_irq33
                0x10000110                isr_irq3
                0x10000110                isr_irq12
                0x10000110                isr_irq9
                0x10000116                unhandled_user_irq_num_in_r0
                0x10000118                isr_invalid
                0x1000011a                isr_nmi
                0x1000011c                isr_hardfault
                0x1000011e                isr_svcall
                0x10000120                isr_pendsv
                0x10000122                isr_systick
                0x10000124                __default_isrs_end
 *(.binary_info_header)
 .binary_info_header
                0x10000124       0x14 CMakeFiles/picomsx.dir/home/jcher/pico-sdk/src/rp2_common/pico_crt0/crt0.S.o
                0x10000138                        __binary_info_header_end = .
 *(.embedded_block)
 .embedded_block
                0x10000138       0x14 CMakeFiles/picomsx.dir/home/jcher/pico-sdk/src/rp2_common/pico_crt0/crt0.S.o
                0x1000014c                        __embedded_block_end = .
 *(.reset)
 .reset         0x1000014c       0x98 CMakeFiles/picomsx.dir/home/jcher/pico-sdk/src/rp2_common/pico_crt0/crt0.S.o
                0x1000014c                _entry_point
 *(.init)
 .init          0x100001e4        0x4 /usr/lib/gcc/arm-none-eabi/14.2.0/thumb/v8-m.main+fp/softfp/crti.o
                0x100001e4                _init
 *libgcc.a:cmse_nonsecure_call.o()
 *(EXCLUDE_FILE(*libm.a: *libc.a:*lib_a-mem*.o *libgcc.a:) .text*)
 .text.frame_dummy
                0x100001e8       0x1c /usr/lib/gcc/arm-none-eabi/14.2.0/thumb/v8-m.main+fp/softfp/crtbegin.o
 .text.RefreshBorder
                0x10000204       0x90 CMakeFiles/picomsx.dir/picomsx/fmsx.c.o
 .text.Sprites  0x10000294      0x300 CMakeFiles/picomsx.dir/picomsx/fmsx.c.o
 .text.RefreshLine0
                0x10000594      0x13c CMakeFiles/picomsx.dir/picomsx/fmsx.c.o
 .text.RefreshLine1
                0x100006d0      0x15c CMakeFiles/picomsx.dir/picomsx/fmsx.c.o
 .text.RefreshLine2
                0x1000082c      0x168 CMakeFiles/picomsx.dir/picomsx/fmsx.c.o
 .text.RefreshLine3
                0x10000994       0xd8 CMakeFiles/picomsx.dir/picomsx/fmsx.c.o
 .text.RefreshLineTx80
                0x10000a6c      0x19c CMakeFiles/picomsx.dir/picomsx/fmsx.c.o
 .text.ColorSprites.part.0
                0x10000c08      0x3c0 CMakeFiles/picomsx.dir/picomsx/fmsx.c.o
 .text.SSlot.part.0
                0x10000fc8      0x138 CMakeFiles/picomsx.dir/picomsx/fmsx.c.o
 .text.RefreshLine7
                0x10001100      0x158 CMakeFiles/picomsx.dir/picomsx/fmsx.c.o
 .text.RefreshLine6
                0x10001258      0x16c CMakeFiles/picomsx.dir/picomsx/fmsx.c.o
 .text.RefreshLine8
                0x100013c4       0x5c CMakeFiles/picomsx.dir/picomsx/fmsx.c.o
 .text.RefreshLine4
                0x10001420      0x22c CMakeFiles/picomsx.dir/picomsx/fmsx.c.o
 .text.RefreshLine10
                0x1000164c      0x154 CMakeFiles/picomsx.dir/picomsx/fmsx.c.o
 .text.RefreshLine5
                0x100017a0      0x20c CMakeFiles/picomsx.dir/picomsx/fmsx.c.o
 .text.RefreshLine12
                0x100019ac       0xf0 CMakeFiles/picomsx.dir/picomsx/fmsx.c.o
 .text.emu_KeyboardOnDown
                0x10001a9c       0xa0 CMakeFiles/picomsx.dir/picomsx/fmsx.c.o
                0x10001a9c                emu_KeyboardOnDown
 .text.emu_KeyboardOnUp
                0x10001b3c       0xb4 CMakeFiles/picomsx.dir/picomsx/fmsx.c.o
                0x10001b3c                emu_KeyboardOnUp
 .text.msx_Init
                0x10001bf0       0x30 CMakeFiles/picomsx.dir/picomsx/fmsx.c.o
                0x10001bf0                msx_Init
 .text.msx_Input
                0x10001c20       0x14 CMakeFiles/picomsx.dir/picomsx/fmsx.c.o
                0x10001c20                msx_Input
 .text.msx_Step
                0x10001c34      0x458 CMakeFiles/picomsx.dir/picomsx/fmsx.c.o
                0x10001c34                msx_Step
 .text.RdZ80    0x1000208c       0x44 CMakeFiles/picomsx.dir/picomsx/fmsx.c.o
                0x1000208c                RdZ80
 .text.InZ80    0x100020d0      0x31c CMakeFiles/picomsx.dir/picomsx/fmsx.c.o
                0x100020d0                InZ80
 .text.MapROM   0x100023ec      0x36c CMakeFiles/picomsx.dir/picomsx/fmsx.c.o
                0x100023ec                MapROM
 .text.WrZ80    0x10002758       0x78 CMakeFiles/picomsx.dir/picomsx/fmsx.c.o
                0x10002758                WrZ80
 .text.SSlot    0x100027d0       0x14 CMakeFiles/picomsx.dir/picomsx/fmsx.c.o
                0x100027d0                SSlot
 .text.LoadCart
                0x100027e4      0x4bc CMakeFiles/picomsx.dir/picomsx/fmsx.c.o
                0x100027e4                LoadCart
 .text.SetScreen
                0x10002ca0      0x340 CMakeFiles/picomsx.dir/picomsx/fmsx.c.o
                0x10002ca0                SetScreen
 .text.VDPOut   0x10002fe0      0x300 CMakeFiles/picomsx.dir/picomsx/fmsx.c.o
                0x10002fe0                VDPOut
 .text.OutZ80   0x100032e0      0x638 CMakeFiles/picomsx.dir/picomsx/fmsx.c.o
                0x100032e0                OutZ80
 .text.CheckSprites
                0x10003918      0x610 CMakeFiles/picomsx.dir/picomsx/fmsx.c.o
                0x10003918                CheckSprites
 .text.LoopZ80  0x10003f28      0x3d4 CMakeFiles/picomsx.dir/picomsx/fmsx.c.o
                0x10003f28                LoopZ80
 .text.GuessROM
                0x100042fc      0x404 CMakeFiles/picomsx.dir/picomsx/fmsx.c.o
                0x100042fc                GuessROM
 .text.msx_Start
                0x10004700      0xc84 CMakeFiles/picomsx.dir/picomsx/fmsx.c.o
                0x10004700                msx_Start
 .text.Reset8910
                0x10005384       0x6c CMakeFiles/picomsx.dir/picomsx/AY8910.c.o
                0x10005384                Reset8910
 .text.WrCtrl8910
                0x100053f0        0xc CMakeFiles/picomsx.dir/picomsx/AY8910.c.o
                0x100053f0                WrCtrl8910
 .text.WrData8910
                0x100053fc      0x2d4 CMakeFiles/picomsx.dir/picomsx/AY8910.c.o
                0x100053fc                WrData8910
 .text.RdData8910
                0x100056d0        0x8 CMakeFiles/picomsx.dir/picomsx/AY8910.c.o
                0x100056d0                RdData8910
 .text.Loop8910
                0x100056d8      0x240 CMakeFiles/picomsx.dir/picomsx/AY8910.c.o
                0x100056d8                Loop8910
 .text.Sync8910
                0x10005918      0x150 CMakeFiles/picomsx.dir/picomsx/AY8910.c.o
                0x10005918                Sync8910
 .text.DiskPresent
                0x10005a68       0x18 CMakeFiles/picomsx.dir/picomsx/Disk.c.o
                0x10005a68                DiskPresent
 .text.DiskRead
                0x10005a80        0x4 CMakeFiles/picomsx.dir/picomsx/Disk.c.o
                0x10005a80                DiskRead
 .text.DiskWrite
                0x10005a84        0x4 CMakeFiles/picomsx.dir/picomsx/Disk.c.o
                0x10005a84                DiskWrite
 .text.Reset8251
                0x10005a88       0x40 CMakeFiles/picomsx.dir/picomsx/I8251.c.o
                0x10005a88                Reset8251
 .text.Reset8255
                0x10005ac8       0x10 CMakeFiles/picomsx.dir/picomsx/I8255.c.o
                0x10005ac8                Reset8255
 .text.Write8255
                0x10005ad8       0x68 CMakeFiles/picomsx.dir/picomsx/I8255.c.o
                0x10005ad8                Write8255
 .text.Read8255
                0x10005b40       0x4c CMakeFiles/picomsx.dir/picomsx/I8255.c.o
                0x10005b40                Read8255
 .text.PatchZ80
                0x10005b8c      0x584 CMakeFiles/picomsx.dir/picomsx/Patch.c.o
                0x10005b8c                PatchZ80
 .text.ResetSCC
                0x10006110       0x40 CMakeFiles/picomsx.dir/picomsx/SCC.c.o
                0x10006110                ResetSCC
 .text.SyncSCC  0x10006150      0x174 CMakeFiles/picomsx.dir/picomsx/SCC.c.o
                0x10006150                SyncSCC
 .text.WriteSCCP
                0x100062c4      0x1d8 CMakeFiles/picomsx.dir/picomsx/SCC.c.o
                0x100062c4                WriteSCCP
 .text.WriteSCC
                0x1000649c       0x9c CMakeFiles/picomsx.dir/picomsx/SCC.c.o
                0x1000649c                WriteSCC
 .text.WriteDelta
                0x10006538       0x50 CMakeFiles/picomsx.dir/picomsx/Sound.c.o
 .text.MIDIMessage
                0x10006588       0x98 CMakeFiles/picomsx.dir/picomsx/Sound.c.o
 .text.MIDISetSound
                0x10006620       0xe8 CMakeFiles/picomsx.dir/picomsx/Sound.c.o
 .text.GetSndRate
                0x10006708        0xc CMakeFiles/picomsx.dir/picomsx/Sound.c.o
                0x10006708                GetSndRate
 .text.Sound    0x10006714      0x28c CMakeFiles/picomsx.dir/picomsx/Sound.c.o
                0x10006714                Sound
 .text.Drum     0x100069a0       0x70 CMakeFiles/picomsx.dir/picomsx/Sound.c.o
                0x100069a0                Drum
 .text.SetSound
                0x10006a10      0x108 CMakeFiles/picomsx.dir/picomsx/Sound.c.o
                0x10006a10                SetSound
 .text.SetWave  0x10006b18       0xb4 CMakeFiles/picomsx.dir/picomsx/Sound.c.o
                0x10006b18                SetWave
 .text.InitSound
                0x10006bcc       0xd0 CMakeFiles/picomsx.dir/picomsx/Sound.c.o
                0x10006bcc                InitSound
 .text.RenderAudio
                0x10006c9c      0x230 CMakeFiles/picomsx.dir/picomsx/Sound.c.o
                0x10006c9c                RenderAudio
 .text.RenderAndPlayAudio
                0x10006ecc      0x118 CMakeFiles/picomsx.dir/picomsx/Sound.c.o
                0x10006ecc                RenderAndPlayAudio
 .text.SrchEngine
                0x10006fe4      0x1e4 CMakeFiles/picomsx.dir/picomsx/V9938.c.o
 .text.HmmvEngine
                0x100071c8      0x1fc CMakeFiles/picomsx.dir/picomsx/V9938.c.o
 .text.HmmmEngine
                0x100073c4      0x324 CMakeFiles/picomsx.dir/picomsx/V9938.c.o
 .text.YmmmEngine
                0x100076e8      0x264 CMakeFiles/picomsx.dir/picomsx/V9938.c.o
 .text.HmmcEngine
                0x1000794c      0x140 CMakeFiles/picomsx.dir/picomsx/V9938.c.o
 .text.LmcmEngine
                0x10007a8c      0x17c CMakeFiles/picomsx.dir/picomsx/V9938.c.o
 .text.LmmvEngine
                0x10007c08     0x1588 CMakeFiles/picomsx.dir/picomsx/V9938.c.o
 .text.LmmmEngine
                0x10009190     0x1ff4 CMakeFiles/picomsx.dir/picomsx/V9938.c.o
 .text.LineEngine
                0x1000b184     0x4f94 CMakeFiles/picomsx.dir/picomsx/V9938.c.o
 .text.LmmcEngine
                0x10010118      0x3e8 CMakeFiles/picomsx.dir/picomsx/V9938.c.o
 .text.VDPWrite
                0x10010500       0x40 CMakeFiles/picomsx.dir/picomsx/V9938.c.o
                0x10010500                VDPWrite
 .text.VDPRead  0x10010540       0x34 CMakeFiles/picomsx.dir/picomsx/V9938.c.o
                0x10010540                VDPRead
 .text.VDPDraw  0x10010574      0x3fc CMakeFiles/picomsx.dir/picomsx/V9938.c.o
                0x10010574                VDPDraw
 .text.LoopVDP  0x10010970       0x30 CMakeFiles/picomsx.dir/picomsx/V9938.c.o
                0x10010970                LoopVDP
 .text.Reset2413
                0x100109a0       0x54 CMakeFiles/picomsx.dir/picomsx/YM2413.c.o
                0x100109a0                Reset2413
 .text.WrCtrl2413
                0x100109f4        0xc CMakeFiles/picomsx.dir/picomsx/YM2413.c.o
                0x100109f4                WrCtrl2413
 .text.Sync2413
                0x10010a00      0x3b4 CMakeFiles/picomsx.dir/picomsx/YM2413.c.o
                0x10010a00                Sync2413
 .text.WrData2413
                0x10010db4      0x1e0 CMakeFiles/picomsx.dir/picomsx/YM2413.c.o
                0x10010db4                WrData2413
 .text.CodesCB  0x10010f94     0x1528 CMakeFiles/picomsx.dir/picomsx/Z80.c.o
 .text.CodesFDCB
                0x100124bc      0x520 CMakeFiles/picomsx.dir/picomsx/Z80.c.o
 .text.CodesDDCB
                0x100129dc      0x520 CMakeFiles/picomsx.dir/picomsx/Z80.c.o
 .text.CodesFD  0x10012efc     0x21b8 CMakeFiles/picomsx.dir/picomsx/Z80.c.o
 .text.CodesDD  0x100150b4     0x21b8 CMakeFiles/picomsx.dir/picomsx/Z80.c.o
 .text.CodesED  0x1001726c      0xa60 CMakeFiles/picomsx.dir/picomsx/Z80.c.o
 .text.ResetZ80
                0x10017ccc       0x28 CMakeFiles/picomsx.dir/picomsx/Z80.c.o
                0x10017ccc                ResetZ80
 .text.IntZ80   0x10017cf4      0x1dc CMakeFiles/picomsx.dir/picomsx/Z80.c.o
                0x10017cf4                IntZ80
 .text.RunZ80   0x10017ed0     0x23a4 CMakeFiles/picomsx.dir/picomsx/Z80.c.o
                0x10017ed0                RunZ80
 .text._Z24repeating_timer_callbackP15repeating_timer
                0x1001a274       0x1c CMakeFiles/picomsx.dir/picomsx/picomsx.cpp.o
                0x1001a274                repeating_timer_callback(repeating_timer*)
 .text.startup.main
                0x1001a290       0xa4 CMakeFiles/picomsx.dir/picomsx/picomsx.cpp.o
                0x1001a290                main
 .text.emu_SetPaletteEntry
                0x1001a334       0x28 CMakeFiles/picomsx.dir/picomsx/picomsx.cpp.o
                0x1001a334                emu_SetPaletteEntry
 .text.emu_DrawLinePal16
                0x1001a35c       0x2c CMakeFiles/picomsx.dir/picomsx/picomsx.cpp.o
                0x1001a35c                emu_DrawLinePal16
 .text.emu_DrawVsync
                0x1001a388       0x14 CMakeFiles/picomsx.dir/picomsx/picomsx.cpp.o
                0x1001a388                emu_DrawVsync
 .text.GetFreeAudio
                0x1001a39c       0x34 CMakeFiles/picomsx.dir/picomsx/picomsx.cpp.o
                0x1001a39c                GetFreeAudio
 .text.WriteAudio
                0x1001a3d0       0x40 CMakeFiles/picomsx.dir/picomsx/picomsx.cpp.o
                0x1001a3d0                WriteAudio
 .text.emu_sndInit
                0x1001a410       0x20 CMakeFiles/picomsx.dir/picomsx/picomsx.cpp.o
                0x1001a410                emu_sndInit
 .text.startup._GLOBAL__sub_I_vbl
                0x1001a430        0xc CMakeFiles/picomsx.dir/picomsx/picomsx.cpp.o
 .text.flash_load_common
                0x1001a43c      0x12c CMakeFiles/picomsx.dir/flash/flash_t.c.o
                0x1001a43c                flash_load_common
 .text.flash_load
                0x1001a568        0x8 CMakeFiles/picomsx.dir/flash/flash_t.c.o
                0x1001a568                flash_load
 .text._ZL7dma_isrv
                0x1001a570       0x84 CMakeFiles/picomsx.dir/display/pico_dsp.cpp.o
 .text._ZN8PICO_DSP10fillScreenEt.constprop.0
                0x1001a5f4       0x88 CMakeFiles/picomsx.dir/display/pico_dsp.cpp.o
 .text._ZN8PICO_DSP7setAreaEtttt
                0x1001a67c       0xc8 CMakeFiles/picomsx.dir/display/pico_dsp.cpp.o
                0x1001a67c                PICO_DSP::setArea(unsigned short, unsigned short, unsigned short, unsigned short)
 .text._ZN8PICO_DSPC2Ev
                0x1001a744        0x8 CMakeFiles/picomsx.dir/display/pico_dsp.cpp.o
                0x1001a744                PICO_DSP::PICO_DSP()
                0x1001a744                PICO_DSP::PICO_DSP()
 .text._ZN8PICO_DSP5beginE10gfx_mode_t
                0x1001a74c      0x330 CMakeFiles/picomsx.dir/display/pico_dsp.cpp.o
                0x1001a74c                PICO_DSP::begin(gfx_mode_t)
 .text._ZN8PICO_DSP8waitSyncEv
                0x1001aa7c       0x14 CMakeFiles/picomsx.dir/display/pico_dsp.cpp.o
                0x1001aa7c                PICO_DSP::waitSync()
 .text._ZN8PICO_DSP10fillScreenEt
                0x1001aa90       0xd4 CMakeFiles/picomsx.dir/display/pico_dsp.cpp.o
                0x1001aa90                PICO_DSP::fillScreen(unsigned short)
 .text._ZN8PICO_DSP12startRefreshEv
                0x1001ab64      0x24c CMakeFiles/picomsx.dir/display/pico_dsp.cpp.o
                0x1001ab64                PICO_DSP::startRefresh()
 .text._ZN8PICO_DSP8drawRectEsssst
                0x1001adb0       0xdc CMakeFiles/picomsx.dir/display/pico_dsp.cpp.o
                0x1001adb0                PICO_DSP::drawRect(short, short, short, short, unsigned short)
 .text._ZN8PICO_DSP8drawTextEssPKcttb
                0x1001ae8c      0x414 CMakeFiles/picomsx.dir/display/pico_dsp.cpp.o
                0x1001ae8c                PICO_DSP::drawText(short, short, char const*, unsigned short, unsigned short, bool)
 .text._ZN8PICO_DSP12writeLinePalEiiiPhPt
                0x1001b2a0      0x1a8 CMakeFiles/picomsx.dir/display/pico_dsp.cpp.o
                0x1001b2a0                PICO_DSP::writeLinePal(int, int, int, unsigned char*, unsigned short*)
 .text._ZN8PICO_DSP15fillScreenNoDmaEt
                0x1001b448       0x74 CMakeFiles/picomsx.dir/display/pico_dsp.cpp.o
                0x1001b448                PICO_DSP::fillScreenNoDma(unsigned short)
 .text._ZN8PICO_DSP13drawRectNoDmaEsssst
                0x1001b4bc       0x9c CMakeFiles/picomsx.dir/display/pico_dsp.cpp.o
                0x1001b4bc                PICO_DSP::drawRectNoDma(short, short, short, short, unsigned short)
 .text._ZN8PICO_DSP13drawTextNoDmaEssPKcttb
                0x1001b558      0x414 CMakeFiles/picomsx.dir/display/pico_dsp.cpp.o
                0x1001b558                PICO_DSP::drawTextNoDma(short, short, char const*, unsigned short, unsigned short, bool)
 .text._ZL11readNbFilesPc.constprop.0
                0x1001b96c       0xa0 CMakeFiles/picomsx.dir/display/emuapi.cpp.o
 .text._ZL10signal_joyiii.isra.0
                0x1001ba0c      0x108 CMakeFiles/picomsx.dir/display/emuapi.cpp.o
 .text.emu_printf
                0x1001bb14        0x4 CMakeFiles/picomsx.dir/display/emuapi.cpp.o
                0x1001bb14                emu_printf
 .text.emu_printi
                0x1001bb18        0xc CMakeFiles/picomsx.dir/display/emuapi.cpp.o
                0x1001bb18                emu_printi
 .text.emu_Malloc
                0x1001bb24       0x68 CMakeFiles/picomsx.dir/display/emuapi.cpp.o
                0x1001bb24                emu_Malloc
 .text.emu_ReadKeys
                0x1001bb8c       0x7c CMakeFiles/picomsx.dir/display/emuapi.cpp.o
                0x1001bb8c                emu_ReadKeys
 .text.emu_DebounceLocalKeys
                0x1001bc08      0x110 CMakeFiles/picomsx.dir/display/emuapi.cpp.o
                0x1001bc08                emu_DebounceLocalKeys
 .text.emu_ReadI2CKeyboard
                0x1001bd18        0x4 CMakeFiles/picomsx.dir/display/emuapi.cpp.o
                0x1001bd18                emu_ReadI2CKeyboard
 .text._Z10menuActivev
                0x1001bd1c        0xc CMakeFiles/picomsx.dir/display/emuapi.cpp.o
                0x1001bd1c                menuActive()
 .text._Z10handleMenut
                0x1001bd28      0x290 CMakeFiles/picomsx.dir/display/emuapi.cpp.o
                0x1001bd28                handleMenu(unsigned short)
 .text._Z13menuSelectionv
                0x1001bfb8        0x8 CMakeFiles/picomsx.dir/display/emuapi.cpp.o
                0x1001bfb8                menuSelection()
 .text.kbd_signal_raw_key
                0x1001bfc0       0x70 CMakeFiles/picomsx.dir/display/emuapi.cpp.o
                0x1001bfc0                kbd_signal_raw_key
 .text.emu_FileOpen
                0x1001c030       0x7c CMakeFiles/picomsx.dir/display/emuapi.cpp.o
                0x1001c030                emu_FileOpen
 .text.emu_FileRead
                0x1001c0ac       0x50 CMakeFiles/picomsx.dir/display/emuapi.cpp.o
                0x1001c0ac                emu_FileRead
 .text.emu_FileClose
                0x1001c0fc       0x2c CMakeFiles/picomsx.dir/display/emuapi.cpp.o
                0x1001c0fc                emu_FileClose
 .text.emu_FileSeek
                0x1001c128       0x44 CMakeFiles/picomsx.dir/display/emuapi.cpp.o
                0x1001c128                emu_FileSeek
 .text.emu_FileSize
                0x1001c16c       0x24 CMakeFiles/picomsx.dir/display/emuapi.cpp.o
                0x1001c16c                emu_FileSize
 .text.emu_LoadFile
                0x1001c190       0x70 CMakeFiles/picomsx.dir/display/emuapi.cpp.o
                0x1001c190                emu_LoadFile
 .text.emu_init
                0x1001c200      0x440 CMakeFiles/picomsx.dir/display/emuapi.cpp.o
                0x1001c200                emu_init
 .text.kbd_signal_raw_gamepad
                0x1001c640       0x28 CMakeFiles/picomsx.dir/display/emuapi.cpp.o
                0x1001c640                kbd_signal_raw_gamepad
 .text.emu_start
                0x1001c668        0xc CMakeFiles/picomsx.dir/display/emuapi.cpp.o
                0x1001c668                emu_start
 .text._ZN15AudioPlaySystem5beginEv
                0x1001c674        0x4 CMakeFiles/picomsx.dir/display/AudioPlaySystem.cpp.o
                0x1001c674                AudioPlaySystem::begin()
 .text._ZN15AudioPlaySystem5startEv
                0x1001c678        0xc CMakeFiles/picomsx.dir/display/AudioPlaySystem.cpp.o
                0x1001c678                AudioPlaySystem::start()
 .text.display_backend_audio_begin
                0x1001c684        0xc CMakeFiles/picomsx.dir/display/display_picodvi.c.o
                0x1001c684                display_backend_audio_begin
 .text.display_backend_write_audio
                0x1001c690       0x4c CMakeFiles/picomsx.dir/display/display_picodvi.c.o
                0x1001c690                display_backend_write_audio
 .text.display_backend_get_free_audio
                0x1001c6dc       0x18 CMakeFiles/picomsx.dir/display/display_picodvi.c.o
                0x1001c6dc                display_backend_get_free_audio
 .text.display_backend_init
                0x1001c6f4      0x328 CMakeFiles/picomsx.dir/display/display_picodvi.c.o
                0x1001c6f4                display_backend_init
 .text.display_backend_get_framebuffer
                0x1001ca1c        0xc CMakeFiles/picomsx.dir/display/display_picodvi.c.o
                0x1001ca1c                display_backend_get_framebuffer
 .text.display_backend_vsync
                0x1001ca28       0x2c CMakeFiles/picomsx.dir/display/display_picodvi.c.o
                0x1001ca28                display_backend_vsync
 .text.rcvr_datablock
                0x1001ca54       0xbc CMakeFiles/picomsx.dir/sd_driver/tf_card.c.o
 .text.xmit_datablock
                0x1001cb10       0xfc CMakeFiles/picomsx.dir/sd_driver/tf_card.c.o
 .text._select  0x1001cc0c       0xd4 CMakeFiles/picomsx.dir/sd_driver/tf_card.c.o
 .text.send_cmd
                0x1001cce0      0x148 CMakeFiles/picomsx.dir/sd_driver/tf_card.c.o
 .text.pico_fatfs_init_spi
                0x1001ce28       0xc8 CMakeFiles/picomsx.dir/sd_driver/tf_card.c.o
                0x1001ce28                pico_fatfs_init_spi
 .text.disk_initialize
                0x1001cef0      0x230 CMakeFiles/picomsx.dir/sd_driver/tf_card.c.o
                0x1001cef0                disk_initialize
 .text.disk_status
                0x1001d120       0x14 CMakeFiles/picomsx.dir/sd_driver/tf_card.c.o
                0x1001d120                disk_status
 .text.disk_read
                0x1001d134       0xc0 CMakeFiles/picomsx.dir/sd_driver/tf_card.c.o
                0x1001d134                disk_read
 .text.disk_write
                0x1001d1f4      0x1dc CMakeFiles/picomsx.dir/sd_driver/tf_card.c.o
                0x1001d1f4                disk_write
 .text.disk_ioctl
                0x1001d3d0      0x2bc CMakeFiles/picomsx.dir/sd_driver/tf_card.c.o
                0x1001d3d0                disk_ioctl
 .text.pico_fatfs_set_config
                0x1001d68c       0x20 CMakeFiles/picomsx.dir/sd_driver/tf_card.c.o
                0x1001d68c                pico_fatfs_set_config
 .text.init_alloc_info.isra.0
                0x1001d6ac       0x24 CMakeFiles/picomsx.dir/fatfs/source/ff.c.o
 .text.get_fileinfo
                0x1001d6d0      0x2f8 CMakeFiles/picomsx.dir/fatfs/source/ff.c.o
 .text.move_window
                0x1001d9c8       0x64 CMakeFiles/picomsx.dir/fatfs/source/ff.c.o
 .text.put_fat.part.0
                0x1001da2c      0x10c CMakeFiles/picomsx.dir/fatfs/source/ff.c.o
 .text.get_fat  0x1001db38      0x11c CMakeFiles/picomsx.dir/fatfs/source/ff.c.o
 .text.dir_next.constprop.0
                0x1001dc54       0x90 CMakeFiles/picomsx.dir/fatfs/source/ff.c.o
 .text.sync_fs  0x1001dce4       0xac CMakeFiles/picomsx.dir/fatfs/source/ff.c.o
 .text.pattern_match
                0x1001dd90      0x264 CMakeFiles/picomsx.dir/fatfs/source/ff.c.o
 .text.check_fs
                0x1001dff4      0x10c CMakeFiles/picomsx.dir/fatfs/source/ff.c.o
 .text.mount_volume
                0x1001e100      0x3e0 CMakeFiles/picomsx.dir/fatfs/source/ff.c.o
 .text.load_xdir
                0x1001e4e0      0x1b8 CMakeFiles/picomsx.dir/fatfs/source/ff.c.o
 .text.dir_read.constprop.0
                0x1001e698      0x3d8 CMakeFiles/picomsx.dir/fatfs/source/ff.c.o
 .text.dir_sdi  0x1001ea70      0x200 CMakeFiles/picomsx.dir/fatfs/source/ff.c.o
 .text.dir_find
                0x1001ec70      0x3b4 CMakeFiles/picomsx.dir/fatfs/source/ff.c.o
 .text.follow_path
                0x1001f024      0x3a8 CMakeFiles/picomsx.dir/fatfs/source/ff.c.o
 .text.store_xdir
                0x1001f3cc      0x1a0 CMakeFiles/picomsx.dir/fatfs/source/ff.c.o
 .text.remove_chain
                0x1001f56c      0x2c0 CMakeFiles/picomsx.dir/fatfs/source/ff.c.o
 .text.create_chain
                0x1001f82c      0x3ec CMakeFiles/picomsx.dir/fatfs/source/ff.c.o
 .text.dir_alloc
                0x1001fc18      0x264 CMakeFiles/picomsx.dir/fatfs/source/ff.c.o
 .text.dir_register
                0x1001fe7c      0x924 CMakeFiles/picomsx.dir/fatfs/source/ff.c.o
 .text.f_mount  0x100207a0       0x7c CMakeFiles/picomsx.dir/fatfs/source/ff.c.o
                0x100207a0                f_mount
 .text.f_open   0x1002081c      0x2c8 CMakeFiles/picomsx.dir/fatfs/source/ff.c.o
                0x1002081c                f_open
 .text.f_read   0x10020ae4      0x20c CMakeFiles/picomsx.dir/fatfs/source/ff.c.o
                0x10020ae4                f_read
 .text.f_sync   0x10020cf0      0x204 CMakeFiles/picomsx.dir/fatfs/source/ff.c.o
                0x10020cf0                f_sync
 .text.f_close  0x10020ef4       0x34 CMakeFiles/picomsx.dir/fatfs/source/ff.c.o
                0x10020ef4                f_close
 .text.f_lseek  0x10020f28      0x4ac CMakeFiles/picomsx.dir/fatfs/source/ff.c.o
                0x10020f28                f_lseek
 .text.f_closedir
                0x100213d4       0x30 CMakeFiles/picomsx.dir/fatfs/source/ff.c.o
                0x100213d4                f_closedir
 .text.f_findnext
                0x10021404      0x604 CMakeFiles/picomsx.dir/fatfs/source/ff.c.o
                0x10021404                f_findnext
 .text.f_findfirst
                0x10021a08       0xa4 CMakeFiles/picomsx.dir/fatfs/source/ff.c.o
                0x10021a08                f_findfirst
 .text.f_stat   0x10021aac       0x44 CMakeFiles/picomsx.dir/fatfs/source/ff.c.o
                0x10021aac                f_stat
 .text.f_unlink
                0x10021af0      0x148 CMakeFiles/picomsx.dir/fatfs/source/ff.c.o
                0x10021af0                f_unlink
 .text.f_gets   0x10021c38      0x234 CMakeFiles/picomsx.dir/fatfs/source/ff.c.o
                0x10021c38                f_gets
 .text.ff_uni2oem
                0x10021e6c      0x1e0 CMakeFiles/picomsx.dir/fatfs/source/ffunicode.c.o
                0x10021e6c                ff_uni2oem
 .text.ff_oem2uni
                0x1002204c      0x1d4 CMakeFiles/picomsx.dir/fatfs/source/ffunicode.c.o
                0x1002204c                ff_oem2uni
 .text.ff_wtoupper
                0x10022220       0xa4 CMakeFiles/picomsx.dir/fatfs/source/ffunicode.c.o
                0x10022220                ff_wtoupper
 .text.tuh_hid_mount_cb
                0x100222c4      0x720 CMakeFiles/picomsx.dir/usb_kbd/hid_app.c.o
                0x100222c4                tuh_hid_mount_cb
 .text.tuh_hid_umount_cb
                0x100229e4       0x30 CMakeFiles/picomsx.dir/usb_kbd/hid_app.c.o
                0x100229e4                tuh_hid_umount_cb
 .text.tuh_hid_set_report_complete_cb
                0x10022a14       0x4c CMakeFiles/picomsx.dir/usb_kbd/hid_app.c.o
                0x10022a14                tuh_hid_set_report_complete_cb
 .text.tuh_hid_report_received_cb
                0x10022a60     0x12e0 CMakeFiles/picomsx.dir/usb_kbd/hid_app.c.o
                0x10022a60                tuh_hid_report_received_cb
 .text.kbd_set_locale
                0x10023d40        0xc CMakeFiles/picomsx.dir/usb_kbd/hid_app.c.o
                0x10023d40                kbd_set_locale
 .text.hcd_configure
                0x10023d4c       0x24 CMakeFiles/picomsx.dir/home/jcher/pico-sdk/lib/tinyusb/src/portable/raspberrypi/pio_usb/hcd_pio_usb.c.o
                0x10023d4c                hcd_configure
 .text.hcd_init
                0x10023d70       0x10 CMakeFiles/picomsx.dir/home/jcher/pico-sdk/lib/tinyusb/src/portable/raspberrypi/pio_usb/hcd_pio_usb.c.o
                0x10023d70                hcd_init
 .text.hcd_port_reset
                0x10023d80        0x8 CMakeFiles/picomsx.dir/home/jcher/pico-sdk/lib/tinyusb/src/portable/raspberrypi/pio_usb/hcd_pio_usb.c.o
                0x10023d80                hcd_port_reset
 .text.hcd_port_reset_end
                0x10023d88        0x8 CMakeFiles/picomsx.dir/home/jcher/pico-sdk/lib/tinyusb/src/portable/raspberrypi/pio_usb/hcd_pio_usb.c.o
                0x10023d88                hcd_port_reset_end
 .text.hcd_port_connect_status
                0x10023d90       0xbc CMakeFiles/picomsx.dir/home/jcher/pico-sdk/lib/tinyusb/src/portable/raspberrypi/pio_usb/hcd_pio_usb.c.o
                0x10023d90                hcd_port_connect_status
 .text.hcd_port_speed_get
                0x10023e4c       0x1c CMakeFiles/picomsx.dir/home/jcher/pico-sdk/lib/tinyusb/src/portable/raspberrypi/pio_usb/hcd_pio_usb.c.o
                0x10023e4c                hcd_port_speed_get
 .text.hcd_device_close
                0x10023e68        0x8 CMakeFiles/picomsx.dir/home/jcher/pico-sdk/lib/tinyusb/src/portable/raspberrypi/pio_usb/hcd_pio_usb.c.o
                0x10023e68                hcd_device_close
 .text.hcd_int_enable
                0x10023e70        0x4 CMakeFiles/picomsx.dir/home/jcher/pico-sdk/lib/tinyusb/src/portable/raspberrypi/pio_usb/hcd_pio_usb.c.o
                0x10023e70                hcd_int_enable
 .text.hcd_edpt_open
                0x10023e74       0x38 CMakeFiles/picomsx.dir/home/jcher/pico-sdk/lib/tinyusb/src/portable/raspberrypi/pio_usb/hcd_pio_usb.c.o
                0x10023e74                hcd_edpt_open
 .text.hcd_edpt_xfer
                0x10023eac       0x14 CMakeFiles/picomsx.dir/home/jcher/pico-sdk/lib/tinyusb/src/portable/raspberrypi/pio_usb/hcd_pio_usb.c.o
                0x10023eac                hcd_edpt_xfer
 .text.hcd_edpt_abort_xfer
                0x10023ec0        0x8 CMakeFiles/picomsx.dir/home/jcher/pico-sdk/lib/tinyusb/src/portable/raspberrypi/pio_usb/hcd_pio_usb.c.o
                0x10023ec0                hcd_edpt_abort_xfer
 .text.hcd_setup_send
                0x10023ec8        0x8 CMakeFiles/picomsx.dir/home/jcher/pico-sdk/lib/tinyusb/src/portable/raspberrypi/pio_usb/hcd_pio_usb.c.o
                0x10023ec8                hcd_setup_send
 .text.core1_trampoline
                0x10023ed0        0x4 CMakeFiles/picomsx.dir/home/jcher/pico-sdk/src/rp2_common/pico_multicore/multicore.c.o
 .text.core1_wrapper
                0x10023ed4       0x10 CMakeFiles/picomsx.dir/home/jcher/pico-sdk/src/rp2_common/pico_multicore/multicore.c.o
                0x10023ed4                core1_wrapper
 .text.multicore_launch_core1_raw
                0x10023ee4       0x84 CMakeFiles/picomsx.dir/home/jcher/pico-sdk/src/rp2_common/pico_multicore/multicore.c.o
                0x10023ee4                multicore_launch_core1_raw
 .text.multicore_launch_core1
                0x10023f68       0x48 CMakeFiles/picomsx.dir/home/jcher/pico-sdk/src/rp2_common/pico_multicore/multicore.c.o
                0x10023f68                multicore_launch_core1
 .text.lock_init
                0x10023fb0        0xc CMakeFiles/picomsx.dir/home/jcher/pico-sdk/src/common/pico_sync/lock_core.c.o
                0x10023fb0                lock_init
 .text.runtime_init_mutex
                0x10023fbc       0x4c CMakeFiles/picomsx.dir/home/jcher/pico-sdk/src/common/pico_sync/mutex.c.o
                0x10023fbc                runtime_init_mutex
 .text.mutex_init
                0x10024008       0x1c CMakeFiles/picomsx.dir/home/jcher/pico-sdk/src/common/pico_sync/mutex.c.o
                0x10024008                mutex_init
 .text.critical_section_init
                0x10024024       0x1c CMakeFiles/picomsx.dir/home/jcher/pico-sdk/src/common/pico_sync/critical_section.c.o
                0x10024024                critical_section_init
 .text.sleep_until_callback
                0x10024040       0x3c CMakeFiles/picomsx.dir/home/jcher/pico-sdk/src/common/pico_time/time.c.o
 *fill*         0x1002407c        0x4 
 .text.alarm_pool_irq_handler
                0x10024080      0x2f0 CMakeFiles/picomsx.dir/home/jcher/pico-sdk/src/common/pico_time/time.c.o
 .text.runtime_init_default_alarm_pool
                0x10024370      0x100 CMakeFiles/picomsx.dir/home/jcher/pico-sdk/src/common/pico_time/time.c.o
                0x10024370                runtime_init_default_alarm_pool
 .text.alarm_pool_get_default
                0x10024470        0x8 CMakeFiles/picomsx.dir/home/jcher/pico-sdk/src/common/pico_time/time.c.o
                0x10024470                alarm_pool_get_default
 .text.alarm_pool_create_on_timer
                0x10024478       0xb4 CMakeFiles/picomsx.dir/home/jcher/pico-sdk/src/common/pico_time/time.c.o
                0x10024478                alarm_pool_create_on_timer
 .text.alarm_pool_add_alarm_at_force_in_context
                0x1002452c       0xc8 CMakeFiles/picomsx.dir/home/jcher/pico-sdk/src/common/pico_time/time.c.o
                0x1002452c                alarm_pool_add_alarm_at_force_in_context
 .text.alarm_pool_cancel_alarm
                0x100245f4       0x80 CMakeFiles/picomsx.dir/home/jcher/pico-sdk/src/common/pico_time/time.c.o
                0x100245f4                alarm_pool_cancel_alarm
 .text.sleep_ms
                0x10024674       0xdc CMakeFiles/picomsx.dir/home/jcher/pico-sdk/src/common/pico_time/time.c.o
                0x10024674                sleep_ms
 .text.best_effort_wfe_or_timeout
                0x10024750       0xd4 CMakeFiles/picomsx.dir/home/jcher/pico-sdk/src/common/pico_time/time.c.o
                0x10024750                best_effort_wfe_or_timeout
 .text.alarm_pool_add_repeating_timer_us
                0x10024824      0x120 CMakeFiles/picomsx.dir/home/jcher/pico-sdk/src/common/pico_time/time.c.o
                0x10024824                alarm_pool_add_repeating_timer_us
 .text.alarm_pool_get_default_timer
                0x10024944        0x8 CMakeFiles/picomsx.dir/home/jcher/pico-sdk/src/common/pico_time/time.c.o
                0x10024944                alarm_pool_get_default_timer
 .text.timer_hardware_alarm_claim
                0x1002494c       0x24 CMakeFiles/picomsx.dir/home/jcher/pico-sdk/src/rp2_common/hardware_timer/timer.c.o
                0x1002494c                timer_hardware_alarm_claim
 .text.timer_time_us_64
                0x10024970       0x10 CMakeFiles/picomsx.dir/home/jcher/pico-sdk/src/rp2_common/hardware_timer/timer.c.o
                0x10024970                timer_time_us_64
 .text.time_us_64
                0x10024980       0x14 CMakeFiles/picomsx.dir/home/jcher/pico-sdk/src/rp2_common/hardware_timer/timer.c.o
                0x10024980                time_us_64
 .text.busy_wait_us
                0x10024994       0x5c CMakeFiles/picomsx.dir/home/jcher/pico-sdk/src/rp2_common/hardware_timer/timer.c.o
                0x10024994                busy_wait_us
 .text.busy_wait_ms
                0x100249f0       0x88 CMakeFiles/picomsx.dir/home/jcher/pico-sdk/src/rp2_common/hardware_timer/timer.c.o
                0x100249f0                busy_wait_ms
 .text.busy_wait_until
                0x10024a78       0x24 CMakeFiles/picomsx.dir/home/jcher/pico-sdk/src/rp2_common/hardware_timer/timer.c.o
                0x10024a78                busy_wait_until
 .text.panic    0x10024a9c       0x30 CMakeFiles/picomsx.dir/home/jcher/pico-sdk/src/rp2_common/pico_platform_panic/panic.c.o
                0x10024a9c                panic
 .text.hw_claim_lock
                0x10024acc       0x24 CMakeFiles/picomsx.dir/home/jcher/pico-sdk/src/common/hardware_claim/claim.c.o
                0x10024acc                hw_claim_lock
 .text.hw_claim_unlock
                0x10024af0       0x14 CMakeFiles/picomsx.dir/home/jcher/pico-sdk/src/common/hardware_claim/claim.c.o
                0x10024af0                hw_claim_unlock
 .text.hw_claim_or_assert
                0x10024b04       0x58 CMakeFiles/picomsx.dir/home/jcher/pico-sdk/src/common/hardware_claim/claim.c.o
                0x10024b04                hw_claim_or_assert
 .text.hw_claim_unused_from_range
                0x10024b5c       0x80 CMakeFiles/picomsx.dir/home/jcher/pico-sdk/src/common/hardware_claim/claim.c.o
                0x10024b5c                hw_claim_unused_from_range
 .text.next_striped_spin_lock_num
                0x10024bdc       0x18 CMakeFiles/picomsx.dir/home/jcher/pico-sdk/src/rp2_common/hardware_sync/sync.c.o
                0x10024bdc                next_striped_spin_lock_num
 .text.spin_lock_claim_unused
                0x10024bf4       0x20 CMakeFiles/picomsx.dir/home/jcher/pico-sdk/src/rp2_common/hardware_sync/sync.c.o
                0x10024bf4                spin_lock_claim_unused
 .text.spinlock_set_extexclall
                0x10024c14       0x10 CMakeFiles/picomsx.dir/home/jcher/pico-sdk/src/rp2_common/hardware_sync_spin_lock/sync_spin_lock.c.o
 .text.spin_locks_reset
                0x10024c24       0x18 CMakeFiles/picomsx.dir/home/jcher/pico-sdk/src/rp2_common/hardware_sync_spin_lock/sync_spin_lock.c.o
                0x10024c24                spin_locks_reset
 .text.runtime_init_per_core_irq_priorities
                0x10024c3c       0x40 CMakeFiles/picomsx.dir/home/jcher/pico-sdk/src/rp2_common/hardware_irq/irq.c.o
                0x10024c3c                runtime_init_per_core_irq_priorities
 .text.irq_set_enabled
                0x10024c7c       0x2c CMakeFiles/picomsx.dir/home/jcher/pico-sdk/src/rp2_common/hardware_irq/irq.c.o
                0x10024c7c                irq_set_enabled
 .text.irq_is_enabled
                0x10024ca8       0x20 CMakeFiles/picomsx.dir/home/jcher/pico-sdk/src/rp2_common/hardware_irq/irq.c.o
                0x10024ca8                irq_is_enabled
 .text.irq_set_exclusive_handler
                0x10024cc8       0x60 CMakeFiles/picomsx.dir/home/jcher/pico-sdk/src/rp2_common/hardware_irq/irq.c.o
                0x10024cc8                irq_set_exclusive_handler
 .text.irq_remove_handler
                0x10024d28      0x1f4 CMakeFiles/picomsx.dir/home/jcher/pico-sdk/src/rp2_common/hardware_irq/irq.c.o
                0x10024d28                irq_remove_handler
 .text.irq_add_tail_to_free_list
                0x10024f1c       0xbc CMakeFiles/picomsx.dir/home/jcher/pico-sdk/src/rp2_common/hardware_irq/irq.c.o
                0x10024f1c                irq_add_tail_to_free_list
 .text.queue_init_with_spinlock
                0x10024fd8       0x24 CMakeFiles/picomsx.dir/home/jcher/pico-sdk/src/common/pico_util/queue.c.o
                0x10024fd8                queue_init_with_spinlock
 .text.gpio_set_function
                0x10024ffc       0x3c CMakeFiles/picomsx.dir/home/jcher/pico-sdk/src/rp2_common/hardware_gpio/gpio.c.o
                0x10024ffc                gpio_set_function
 .text.gpio_set_pulls
                0x10025038       0x28 CMakeFiles/picomsx.dir/home/jcher/pico-sdk/src/rp2_common/hardware_gpio/gpio.c.o
                0x10025038                gpio_set_pulls
 .text.gpio_set_inover
                0x10025060       0x20 CMakeFiles/picomsx.dir/home/jcher/pico-sdk/src/rp2_common/hardware_gpio/gpio.c.o
                0x10025060                gpio_set_inover
 .text.gpio_set_outover
                0x10025080       0x20 CMakeFiles/picomsx.dir/home/jcher/pico-sdk/src/rp2_common/hardware_gpio/gpio.c.o
                0x10025080                gpio_set_outover
 .text.gpio_set_oeover
                0x100250a0       0x20 CMakeFiles/picomsx.dir/home/jcher/pico-sdk/src/rp2_common/hardware_gpio/gpio.c.o
                0x100250a0                gpio_set_oeover
 .text.gpio_set_slew_rate
                0x100250c0       0x1c CMakeFiles/picomsx.dir/home/jcher/pico-sdk/src/rp2_common/hardware_gpio/gpio.c.o
                0x100250c0                gpio_set_slew_rate
 .text.gpio_set_drive_strength
                0x100250dc       0x20 CMakeFiles/picomsx.dir/home/jcher/pico-sdk/src/rp2_common/hardware_gpio/gpio.c.o
                0x100250dc                gpio_set_drive_strength
 .text.gpio_init
                0x100250fc       0x48 CMakeFiles/picomsx.dir/home/jcher/pico-sdk/src/rp2_common/hardware_gpio/gpio.c.o
                0x100250fc                gpio_init
 .text.uart_init
                0x10025144      0x104 CMakeFiles/picomsx.dir/home/jcher/pico-sdk/src/rp2_common/hardware_uart/uart.c.o
                0x10025144                uart_init
 .text.clock_configure_undivided
                0x10025248       0xd0 CMakeFiles/picomsx.dir/home/jcher/pico-sdk/src/rp2_common/hardware_clocks/clocks.c.o
                0x10025248                clock_configure_undivided
 .text.clock_get_hz
                0x10025318        0xc CMakeFiles/picomsx.dir/home/jcher/pico-sdk/src/rp2_common/hardware_clocks/clocks.c.o
                0x10025318                clock_get_hz
 .text.set_sys_clock_pll
                0x10025324      0x184 CMakeFiles/picomsx.dir/home/jcher/pico-sdk/src/rp2_common/hardware_clocks/clocks.c.o
                0x10025324                set_sys_clock_pll
 .text.check_sys_clock_khz
                0x100254a8      0x19c CMakeFiles/picomsx.dir/home/jcher/pico-sdk/src/rp2_common/hardware_clocks/clocks.c.o
                0x100254a8                check_sys_clock_khz
 .text.pll_init
                0x10025644       0x8c CMakeFiles/picomsx.dir/home/jcher/pico-sdk/src/rp2_common/hardware_pll/pll.c.o
                0x10025644                pll_init
 .text.vreg_set_voltage
                0x100256d0       0x44 CMakeFiles/picomsx.dir/home/jcher/pico-sdk/src/rp2_common/hardware_vreg/vreg.c.o
                0x100256d0                vreg_set_voltage
 .text.tick_start
                0x10025714       0x18 CMakeFiles/picomsx.dir/home/jcher/pico-sdk/src/rp2_common/hardware_ticks/ticks.c.o
                0x10025714                tick_start
 .text.rom_func_lookup
                0x1002572c       0x18 CMakeFiles/picomsx.dir/home/jcher/pico-sdk/src/rp2_common/pico_bootrom/bootrom.c.o
                0x1002572c                rom_func_lookup
 .text.runtime_init_bootrom_locking_enable
                0x10025744       0x14 CMakeFiles/picomsx.dir/home/jcher/pico-sdk/src/rp2_common/pico_bootrom/bootrom_lock.c.o
                0x10025744                runtime_init_bootrom_locking_enable
 .text.runtime_init_boot_locks_reset
                0x10025758       0x1c CMakeFiles/picomsx.dir/home/jcher/pico-sdk/src/rp2_common/hardware_boot_lock/boot_lock.c.o
                0x10025758                runtime_init_boot_locks_reset
 .text.xosc_init
                0x10025774       0x30 CMakeFiles/picomsx.dir/home/jcher/pico-sdk/src/rp2_common/hardware_xosc/xosc.c.o
                0x10025774                xosc_init
 .text.first_per_core_initializer
                0x100257a4        0x4 CMakeFiles/picomsx.dir/home/jcher/pico-sdk/src/rp2_common/pico_runtime/runtime.c.o
 .text.hard_assertion_failure
                0x100257a8        0xc CMakeFiles/picomsx.dir/home/jcher/pico-sdk/src/rp2_common/pico_runtime/runtime.c.o
                0x100257a8                hard_assertion_failure
 .text.runtime_run_initializers
                0x100257b4       0x20 CMakeFiles/picomsx.dir/home/jcher/pico-sdk/src/rp2_common/pico_runtime/runtime.c.o
                0x100257b4                runtime_run_initializers
 .text.runtime_run_per_core_initializers
                0x100257d4       0x20 CMakeFiles/picomsx.dir/home/jcher/pico-sdk/src/rp2_common/pico_runtime/runtime.c.o
                0x100257d4                runtime_run_per_core_initializers
 .text.runtime_init_early_resets
                0x100257f4       0x34 CMakeFiles/picomsx.dir/home/jcher/pico-sdk/src/rp2_common/pico_runtime_init/runtime_init.c.o
                0x100257f4                runtime_init_early_resets
 .text.runtime_init_usb_power_down
                0x10025828       0x1c CMakeFiles/picomsx.dir/home/jcher/pico-sdk/src/rp2_common/pico_runtime_init/runtime_init.c.o
                0x10025828                runtime_init_usb_power_down
 .text.runtime_init_per_core_enable_coprocessors
                0x10025844       0x1c CMakeFiles/picomsx.dir/home/jcher/pico-sdk/src/rp2_common/pico_runtime_init/runtime_init.c.o
                0x10025844                runtime_init_per_core_enable_coprocessors
 .text.runtime_init_post_clock_resets
                0x10025860       0x20 CMakeFiles/picomsx.dir/home/jcher/pico-sdk/src/rp2_common/pico_runtime_init/runtime_init.c.o
                0x10025860                runtime_init_post_clock_resets
 .text.runtime_init_bootrom_reset
                0x10025880       0x14 CMakeFiles/picomsx.dir/home/jcher/pico-sdk/src/rp2_common/pico_runtime_init/runtime_init.c.o
                0x10025880                runtime_init_bootrom_reset
 .text.runtime_init_per_core_bootrom_reset
                0x10025894       0x14 CMakeFiles/picomsx.dir/home/jcher/pico-sdk/src/rp2_common/pico_runtime_init/runtime_init.c.o
                0x10025894                runtime_init_per_core_bootrom_reset
 .text.runtime_init_spin_locks_reset
                0x100258a8        0x4 CMakeFiles/picomsx.dir/home/jcher/pico-sdk/src/rp2_common/pico_runtime_init/runtime_init.c.o
                0x100258a8                runtime_init_spin_locks_reset
 .text.runtime_init_install_ram_vector_table
                0x100258ac       0x68 CMakeFiles/picomsx.dir/home/jcher/pico-sdk/src/rp2_common/pico_runtime_init/runtime_init.c.o
                0x100258ac                runtime_init_install_ram_vector_table
 .text.runtime_init_clocks
                0x10025914       0xdc CMakeFiles/picomsx.dir/home/jcher/pico-sdk/src/rp2_common/pico_runtime_init/runtime_init_clocks.c.o
                0x10025914                runtime_init_clocks
 .text.__rp2350_dcp_engaged_state_save_restore
                0x100259f0       0x3a CMakeFiles/picomsx.dir/home/jcher/pico-sdk/src/rp2_common/pico_double/double_aeabi_dcp.S.o
 *fill*         0x10025a2a        0x2 
 .text.__wrap___aeabi_dadd
                0x10025a2c       0x28 CMakeFiles/picomsx.dir/home/jcher/pico-sdk/src/rp2_common/pico_double/double_aeabi_dcp.S.o
                0x10025a34                __wrap___aeabi_dadd
 .text.__wrap___aeabi_dsub
                0x10025a54       0x28 CMakeFiles/picomsx.dir/home/jcher/pico-sdk/src/rp2_common/pico_double/double_aeabi_dcp.S.o
                0x10025a5c                __wrap___aeabi_dsub
 .text.__wrap___aeabi_dmul
                0x10025a7c       0x4c CMakeFiles/picomsx.dir/home/jcher/pico-sdk/src/rp2_common/pico_double/double_aeabi_dcp.S.o
                0x10025a84                __wrap___aeabi_dmul
 .text.__wrap___aeabi_ddiv
                0x10025ac8       0x9c CMakeFiles/picomsx.dir/home/jcher/pico-sdk/src/rp2_common/pico_double/double_aeabi_dcp.S.o
                0x10025ad0                __wrap___aeabi_ddiv
 .text.__wrap___aeabi_i2d
                0x10025b64       0x24 CMakeFiles/picomsx.dir/home/jcher/pico-sdk/src/rp2_common/pico_double/double_aeabi_dcp.S.o
                0x10025b6c                __wrap___aeabi_i2d
                0x10025b6c                int2double
 .text.__wrap___aeabi_ui2d
                0x10025b88       0x24 CMakeFiles/picomsx.dir/home/jcher/pico-sdk/src/rp2_common/pico_double/double_aeabi_dcp.S.o
                0x10025b90                __wrap___aeabi_ui2d
                0x10025b90                uint2double
 .text.__wrap___aeabi_d2iz
                0x10025bac       0x24 CMakeFiles/picomsx.dir/home/jcher/pico-sdk/src/rp2_common/pico_double/double_aeabi_dcp.S.o
                0x10025bb4                __wrap___aeabi_d2iz
                0x10025bb4                double2int_z
 .text.__wrap___aeabi_d2uiz
                0x10025bd0       0x24 CMakeFiles/picomsx.dir/home/jcher/pico-sdk/src/rp2_common/pico_double/double_aeabi_dcp.S.o
                0x10025bd8                double2uint_z
                0x10025bd8                double2uint
                0x10025bd8                __wrap___aeabi_d2uiz
 .text.__wrap___aeabi_dcmpun
                0x10025bf4       0x24 CMakeFiles/picomsx.dir/home/jcher/pico-sdk/src/rp2_common/pico_double/double_aeabi_dcp.S.o
                0x10025bfc                __wrap___aeabi_dcmpun
 .text.__wrap___aeabi_dcmplt
                0x10025c18       0x28 CMakeFiles/picomsx.dir/home/jcher/pico-sdk/src/rp2_common/pico_double/double_aeabi_dcp.S.o
                0x10025c20                __wrap___aeabi_dcmplt
 .text.__wrap___aeabi_dcmple
                0x10025c40       0x28 CMakeFiles/picomsx.dir/home/jcher/pico-sdk/src/rp2_common/pico_double/double_aeabi_dcp.S.o
                0x10025c48                __wrap___aeabi_dcmple
 .text.__wrap___aeabi_dcmpge
                0x10025c68       0x28 CMakeFiles/picomsx.dir/home/jcher/pico-sdk/src/rp2_common/pico_double/double_aeabi_dcp.S.o
                0x10025c70                __wrap___aeabi_dcmpge
 .text.__wrap___aeabi_dcmpgt
                0x10025c90       0x28 CMakeFiles/picomsx.dir/home/jcher/pico-sdk/src/rp2_common/pico_double/double_aeabi_dcp.S.o
                0x10025c98                __wrap___aeabi_dcmpgt
 .text.__wrap_malloc
                0x10025cb8       0x38 CMakeFiles/picomsx.dir/home/jcher/pico-sdk/src/rp2_common/pico_malloc/malloc.c.o
                0x10025cb8                __wrap_malloc
 .text.__wrap_calloc
                0x10025cf0       0x40 CMakeFiles/picomsx.dir/home/jcher/pico-sdk/src/rp2_common/pico_malloc/malloc.c.o
                0x10025cf0                __wrap_calloc
 .text._out_null
                0x10025d30        0x4 CMakeFiles/picomsx.dir/home/jcher/pico-sdk/src/rp2_common/pico_printf/printf.c.o
 .text._out_rev
                0x10025d34       0x9c CMakeFiles/picomsx.dir/home/jcher/pico-sdk/src/rp2_common/pico_printf/printf.c.o
 .text._ntoa_format
                0x10025dd0      0x1d4 CMakeFiles/picomsx.dir/home/jcher/pico-sdk/src/rp2_common/pico_printf/printf.c.o
 .text._out_char
                0x10025fa4        0x8 CMakeFiles/picomsx.dir/home/jcher/pico-sdk/src/rp2_common/pico_printf/printf.c.o
 .text._out_fct
                0x10025fac        0xc CMakeFiles/picomsx.dir/home/jcher/pico-sdk/src/rp2_common/pico_printf/printf.c.o
 .text._ftoa    0x10025fb8      0x4bc CMakeFiles/picomsx.dir/home/jcher/pico-sdk/src/rp2_common/pico_printf/printf.c.o
 *fill*         0x10026474        0x4 
 .text._etoa    0x10026478      0x574 CMakeFiles/picomsx.dir/home/jcher/pico-sdk/src/rp2_common/pico_printf/printf.c.o
 .text._vsnprintf
                0x100269ec      0x9e4 CMakeFiles/picomsx.dir/home/jcher/pico-sdk/src/rp2_common/pico_printf/printf.c.o
 .text.vfctprintf
                0x100273d0       0x28 CMakeFiles/picomsx.dir/home/jcher/pico-sdk/src/rp2_common/pico_printf/printf.c.o
                0x100273d0                vfctprintf
 .text.weak_raw_vprintf
                0x100273f8       0x30 CMakeFiles/picomsx.dir/home/jcher/pico-sdk/src/rp2_common/pico_printf/printf.c.o
                0x100273f8                weak_raw_vprintf
 .text._exit    0x10027428        0x4 CMakeFiles/picomsx.dir/home/jcher/pico-sdk/src/rp2_common/pico_clib_interface/newlib_interface.c.o
                0x10027428                _exit
 .text._sbrk    0x1002742c       0x2c CMakeFiles/picomsx.dir/home/jcher/pico-sdk/src/rp2_common/pico_clib_interface/newlib_interface.c.o
                0x1002742c                _sbrk
 .text._read    0x10027458       0x1c CMakeFiles/picomsx.dir/home/jcher/pico-sdk/src/rp2_common/pico_clib_interface/newlib_interface.c.o
                0x10027458                _read
 .text._write   0x10027474       0x20 CMakeFiles/picomsx.dir/home/jcher/pico-sdk/src/rp2_common/pico_clib_interface/newlib_interface.c.o
                0x10027474                _write
 .text._close   0x10027494        0x8 CMakeFiles/picomsx.dir/home/jcher/pico-sdk/src/rp2_common/pico_clib_interface/newlib_interface.c.o
                0x10027494                _close
 .text._lseek   0x1002749c        0x8 CMakeFiles/picomsx.dir/home/jcher/pico-sdk/src/rp2_common/pico_clib_interface/newlib_interface.c.o
                0x1002749c                _lseek
 .text._fstat   0x100274a4        0x8 CMakeFiles/picomsx.dir/home/jcher/pico-sdk/src/rp2_common/pico_clib_interface/newlib_interface.c.o
                0x100274a4                _fstat
 .text._isatty  0x100274ac        0xc CMakeFiles/picomsx.dir/home/jcher/pico-sdk/src/rp2_common/pico_clib_interface/newlib_interface.c.o
                0x100274ac                _isatty
 .text.exit     0x100274b8        0x8 CMakeFiles/picomsx.dir/home/jcher/pico-sdk/src/rp2_common/pico_clib_interface/newlib_interface.c.o
                0x100274b8                exit
 .text.runtime_init
                0x100274c0       0x24 CMakeFiles/picomsx.dir/home/jcher/pico-sdk/src/rp2_common/pico_clib_interface/newlib_interface.c.o
                0x100274c0                runtime_init
 .text.stdio_out_chars_no_crlf
                0x100274e4        0x8 CMakeFiles/picomsx.dir/home/jcher/pico-sdk/src/rp2_common/pico_stdio/stdio.c.o
 .text.stdio_out_chars_crlf
                0x100274ec       0xb0 CMakeFiles/picomsx.dir/home/jcher/pico-sdk/src/rp2_common/pico_stdio/stdio.c.o
 .text.stdio_buffered_printer
                0x1002759c       0x60 CMakeFiles/picomsx.dir/home/jcher/pico-sdk/src/rp2_common/pico_stdio/stdio.c.o
 .text.stdio_put_string
                0x100275fc       0xec CMakeFiles/picomsx.dir/home/jcher/pico-sdk/src/rp2_common/pico_stdio/stdio.c.o
                0x100275fc                stdio_put_string
 .text.stdio_get_until
                0x100276e8       0x7c CMakeFiles/picomsx.dir/home/jcher/pico-sdk/src/rp2_common/pico_stdio/stdio.c.o
                0x100276e8                stdio_get_until
 .text.stdio_set_driver_enabled
                0x10027764       0x28 CMakeFiles/picomsx.dir/home/jcher/pico-sdk/src/rp2_common/pico_stdio/stdio.c.o
                0x10027764                stdio_set_driver_enabled
 .text.stdio_init_all
                0x1002778c        0xc CMakeFiles/picomsx.dir/home/jcher/pico-sdk/src/rp2_common/pico_stdio/stdio.c.o
                0x1002778c                stdio_init_all
 .text.__wrap_putchar
                0x10027798       0x84 CMakeFiles/picomsx.dir/home/jcher/pico-sdk/src/rp2_common/pico_stdio/stdio.c.o
                0x10027798                stdio_putchar
                0x10027798                __wrap_putchar
 .text.__wrap_puts
                0x1002781c       0x3c CMakeFiles/picomsx.dir/home/jcher/pico-sdk/src/rp2_common/pico_stdio/stdio.c.o
                0x1002781c                __wrap_puts
                0x1002781c                stdio_puts
 .text.__wrap_vprintf
                0x10027858       0xc4 CMakeFiles/picomsx.dir/home/jcher/pico-sdk/src/rp2_common/pico_stdio/stdio.c.o
                0x10027858                __wrap_vprintf
                0x10027858                stdio_vprintf
 .text.__wrap_printf
                0x1002791c       0x1c CMakeFiles/picomsx.dir/home/jcher/pico-sdk/src/rp2_common/pico_stdio/stdio.c.o
                0x1002791c                stdio_printf
                0x1002791c                __wrap_printf
 .text.stdio_uart_out_chars
                0x10027938       0x50 CMakeFiles/picomsx.dir/home/jcher/pico-sdk/src/rp2_common/pico_stdio_uart/stdio_uart.c.o
 .text.stdio_uart_in_chars
                0x10027988       0x94 CMakeFiles/picomsx.dir/home/jcher/pico-sdk/src/rp2_common/pico_stdio_uart/stdio_uart.c.o
                0x10027988                stdio_uart_in_chars
 .text.on_uart_rx
                0x10027a1c       0x24 CMakeFiles/picomsx.dir/home/jcher/pico-sdk/src/rp2_common/pico_stdio_uart/stdio_uart.c.o
 .text.stdio_uart_out_flush
                0x10027a40       0x10 CMakeFiles/picomsx.dir/home/jcher/pico-sdk/src/rp2_common/pico_stdio_uart/stdio_uart.c.o
 .text.stdio_uart_set_chars_available_callback
                0x10027a50       0x88 CMakeFiles/picomsx.dir/home/jcher/pico-sdk/src/rp2_common/pico_stdio_uart/stdio_uart.c.o
 .text.stdio_uart_init
                0x10027ad8       0x54 CMakeFiles/picomsx.dir/home/jcher/pico-sdk/src/rp2_common/pico_stdio_uart/stdio_uart.c.o
                0x10027ad8                stdio_uart_init
 .text.dma_claim_mask
                0x10027b2c       0x34 CMakeFiles/picomsx.dir/home/jcher/pico-sdk/src/rp2_common/hardware_dma/dma.c.o
                0x10027b2c                dma_claim_mask
 .text.dma_claim_unused_channel
                0x10027b60       0x20 CMakeFiles/picomsx.dir/home/jcher/pico-sdk/src/rp2_common/hardware_dma/dma.c.o
                0x10027b60                dma_claim_unused_channel
 .text.spi_init
                0x10027b80       0xf4 CMakeFiles/picomsx.dir/home/jcher/pico-sdk/src/rp2_common/hardware_spi/spi.c.o
                0x10027b80                spi_init
 .text.spi_set_baudrate
                0x10027c74       0x98 CMakeFiles/picomsx.dir/home/jcher/pico-sdk/src/rp2_common/hardware_spi/spi.c.o
                0x10027c74                spi_set_baudrate
 .text.add_program_at_offset
                0x10027d0c       0xac CMakeFiles/picomsx.dir/home/jcher/pico-sdk/src/rp2_common/hardware_pio/pio.c.o
 .text.pio_sm_claim
                0x10027db8       0x48 CMakeFiles/picomsx.dir/home/jcher/pico-sdk/src/rp2_common/hardware_pio/pio.c.o
                0x10027db8                pio_sm_claim
 .text.pio_set_gpio_base
                0x10027e00       0x44 CMakeFiles/picomsx.dir/home/jcher/pico-sdk/src/rp2_common/hardware_pio/pio.c.o
                0x10027e00                pio_set_gpio_base
 .text.pio_add_program
                0x10027e44       0x94 CMakeFiles/picomsx.dir/home/jcher/pico-sdk/src/rp2_common/hardware_pio/pio.c.o
                0x10027e44                pio_add_program
 .text.pio_add_program_at_offset
                0x10027ed8       0xc8 CMakeFiles/picomsx.dir/home/jcher/pico-sdk/src/rp2_common/hardware_pio/pio.c.o
                0x10027ed8                pio_add_program_at_offset
 .text.pio_sm_set_pins_with_mask64
                0x10027fa0       0xa8 CMakeFiles/picomsx.dir/home/jcher/pico-sdk/src/rp2_common/hardware_pio/pio.c.o
                0x10027fa0                pio_sm_set_pins_with_mask64
 .text.pio_sm_set_pindirs_with_mask64
                0x10028048       0xac CMakeFiles/picomsx.dir/home/jcher/pico-sdk/src/rp2_common/hardware_pio/pio.c.o
                0x10028048                pio_sm_set_pindirs_with_mask64
 .text.pio_sm_set_consecutive_pindirs
                0x100280f4       0x8c CMakeFiles/picomsx.dir/home/jcher/pico-sdk/src/rp2_common/hardware_pio/pio.c.o
                0x100280f4                pio_sm_set_consecutive_pindirs
 .text.pio_sm_init
                0x10028180      0x124 CMakeFiles/picomsx.dir/home/jcher/pico-sdk/src/rp2_common/hardware_pio/pio.c.o
                0x10028180                pio_sm_init
 .text._control_blocking_complete_cb
                0x100282a4        0x8 CMakeFiles/picomsx.dir/home/jcher/pico-sdk/lib/tinyusb/src/host/usbh.c.o
 .text.process_removing_device
                0x100282ac      0x140 CMakeFiles/picomsx.dir/home/jcher/pico-sdk/lib/tinyusb/src/host/usbh.c.o
 .text.usbh_control_xfer_cb.isra.0
                0x100283ec      0x23c CMakeFiles/picomsx.dir/home/jcher/pico-sdk/lib/tinyusb/src/host/usbh.c.o
 .text.tuh_event_hook_cb
                0x10028628        0x4 CMakeFiles/picomsx.dir/home/jcher/pico-sdk/lib/tinyusb/src/host/usbh.c.o
                0x10028628                tuh_event_hook_cb
 .text.tuh_vid_pid_get
                0x1002862c       0x50 CMakeFiles/picomsx.dir/home/jcher/pico-sdk/lib/tinyusb/src/host/usbh.c.o
                0x1002862c                tuh_vid_pid_get
 .text.tuh_configure
                0x1002867c        0x8 CMakeFiles/picomsx.dir/home/jcher/pico-sdk/lib/tinyusb/src/host/usbh.c.o
                0x1002867c                tuh_configure
 .text.tuh_rhport_init
                0x10028684      0x138 CMakeFiles/picomsx.dir/home/jcher/pico-sdk/lib/tinyusb/src/host/usbh.c.o
                0x10028684                tuh_rhport_init
 .text.tuh_control_xfer
                0x100287bc      0x144 CMakeFiles/picomsx.dir/home/jcher/pico-sdk/lib/tinyusb/src/host/usbh.c.o
                0x100287bc                tuh_control_xfer
 .text.process_enumeration.part.0
                0x10028900      0x634 CMakeFiles/picomsx.dir/home/jcher/pico-sdk/lib/tinyusb/src/host/usbh.c.o
 .text.process_enumeration
                0x10028f34       0x50 CMakeFiles/picomsx.dir/home/jcher/pico-sdk/lib/tinyusb/src/host/usbh.c.o
 .text.enum_new_device.isra.0
                0x10028f84       0xa8 CMakeFiles/picomsx.dir/home/jcher/pico-sdk/lib/tinyusb/src/host/usbh.c.o
 .text.tuh_task_ext.part.0
                0x1002902c      0x25c CMakeFiles/picomsx.dir/home/jcher/pico-sdk/lib/tinyusb/src/host/usbh.c.o
 .text.tuh_task_ext
                0x10029288       0x14 CMakeFiles/picomsx.dir/home/jcher/pico-sdk/lib/tinyusb/src/host/usbh.c.o
                0x10029288                tuh_task_ext
 .text.usbh_get_rhport
                0x1002929c       0x24 CMakeFiles/picomsx.dir/home/jcher/pico-sdk/lib/tinyusb/src/host/usbh.c.o
                0x1002929c                usbh_get_rhport
 .text.usbh_get_enum_buf
                0x100292c0        0x8 CMakeFiles/picomsx.dir/home/jcher/pico-sdk/lib/tinyusb/src/host/usbh.c.o
                0x100292c0                usbh_get_enum_buf
 .text.usbh_edpt_claim
                0x100292c8       0x4c CMakeFiles/picomsx.dir/home/jcher/pico-sdk/lib/tinyusb/src/host/usbh.c.o
                0x100292c8                usbh_edpt_claim
 .text.usbh_edpt_release
                0x10029314       0x40 CMakeFiles/picomsx.dir/home/jcher/pico-sdk/lib/tinyusb/src/host/usbh.c.o
                0x10029314                usbh_edpt_release
 .text.usbh_edpt_xfer_with_callback
                0x10029354       0x78 CMakeFiles/picomsx.dir/home/jcher/pico-sdk/lib/tinyusb/src/host/usbh.c.o
                0x10029354                usbh_edpt_xfer_with_callback
 .text.tuh_edpt_open
                0x100293cc       0x6c CMakeFiles/picomsx.dir/home/jcher/pico-sdk/lib/tinyusb/src/host/usbh.c.o
                0x100293cc                tuh_edpt_open
 .text.hcd_devtree_get_info
                0x10029438       0x3c CMakeFiles/picomsx.dir/home/jcher/pico-sdk/lib/tinyusb/src/host/usbh.c.o
                0x10029438                hcd_devtree_get_info
 .text.tuh_descriptor_get_hid_report
                0x10029474      0x148 CMakeFiles/picomsx.dir/home/jcher/pico-sdk/lib/tinyusb/src/host/usbh.c.o
                0x10029474                tuh_descriptor_get_hid_report
 .text.usbh_driver_set_config_complete
                0x100295bc      0x190 CMakeFiles/picomsx.dir/home/jcher/pico-sdk/lib/tinyusb/src/host/usbh.c.o
                0x100295bc                usbh_driver_set_config_complete
 .text.connection_port_reset_complete
                0x1002974c       0x4c CMakeFiles/picomsx.dir/home/jcher/pico-sdk/lib/tinyusb/src/host/hub.c.o
 .text.hub_clear_feature_complete_stub
                0x10029798       0x3c CMakeFiles/picomsx.dir/home/jcher/pico-sdk/lib/tinyusb/src/host/hub.c.o
 .text.config_set_port_power
                0x100297d4       0x74 CMakeFiles/picomsx.dir/home/jcher/pico-sdk/lib/tinyusb/src/host/hub.c.o
 .text.config_port_power_complete
                0x10029848       0xac CMakeFiles/picomsx.dir/home/jcher/pico-sdk/lib/tinyusb/src/host/hub.c.o
 .text.connection_clear_conn_change_complete
                0x100298f4       0xb4 CMakeFiles/picomsx.dir/home/jcher/pico-sdk/lib/tinyusb/src/host/hub.c.o
 .text.hub_get_status_complete
                0x100299a8       0xa4 CMakeFiles/picomsx.dir/home/jcher/pico-sdk/lib/tinyusb/src/host/hub.c.o
 .text.hub_port_get_status_complete
                0x10029a4c      0x1a4 CMakeFiles/picomsx.dir/home/jcher/pico-sdk/lib/tinyusb/src/host/hub.c.o
 .text.hub_port_clear_feature
                0x10029bf0       0x5c CMakeFiles/picomsx.dir/home/jcher/pico-sdk/lib/tinyusb/src/host/hub.c.o
                0x10029bf0                hub_port_clear_feature
 .text.hub_port_get_status
                0x10029c4c       0x40 CMakeFiles/picomsx.dir/home/jcher/pico-sdk/lib/tinyusb/src/host/hub.c.o
                0x10029c4c                hub_port_get_status
 .text.hub_init
                0x10029c8c       0x14 CMakeFiles/picomsx.dir/home/jcher/pico-sdk/lib/tinyusb/src/host/hub.c.o
                0x10029c8c                hub_init
 .text.hub_deinit
                0x10029ca0        0x4 CMakeFiles/picomsx.dir/home/jcher/pico-sdk/lib/tinyusb/src/host/hub.c.o
                0x10029ca0                hub_deinit
 .text.hub_open
                0x10029ca4       0x74 CMakeFiles/picomsx.dir/home/jcher/pico-sdk/lib/tinyusb/src/host/hub.c.o
                0x10029ca4                hub_open
 .text.hub_close
                0x10029d18       0x24 CMakeFiles/picomsx.dir/home/jcher/pico-sdk/lib/tinyusb/src/host/hub.c.o
                0x10029d18                hub_close
 .text.hub_edpt_status_xfer
                0x10029d3c       0x30 CMakeFiles/picomsx.dir/home/jcher/pico-sdk/lib/tinyusb/src/host/hub.c.o
                0x10029d3c                hub_edpt_status_xfer
 .text.hub_set_config
                0x10029d6c       0x78 CMakeFiles/picomsx.dir/home/jcher/pico-sdk/lib/tinyusb/src/host/hub.c.o
                0x10029d6c                hub_set_config
 .text.hub_xfer_cb
                0x10029de4      0x100 CMakeFiles/picomsx.dir/home/jcher/pico-sdk/lib/tinyusb/src/host/hub.c.o
                0x10029de4                hub_xfer_cb
 .text.set_report_complete
                0x10029ee4       0xc0 CMakeFiles/picomsx.dir/home/jcher/pico-sdk/lib/tinyusb/src/class/hid/hid_host.c.o
 .text.process_set_config
                0x10029fa4      0x1ec CMakeFiles/picomsx.dir/home/jcher/pico-sdk/lib/tinyusb/src/class/hid/hid_host.c.o
 .text.tuh_hid_interface_protocol
                0x1002a190       0x34 CMakeFiles/picomsx.dir/home/jcher/pico-sdk/lib/tinyusb/src/class/hid/hid_host.c.o
                0x1002a190                tuh_hid_interface_protocol
 .text.tuh_hid_set_default_protocol
                0x1002a1c4        0xc CMakeFiles/picomsx.dir/home/jcher/pico-sdk/lib/tinyusb/src/class/hid/hid_host.c.o
                0x1002a1c4                tuh_hid_set_default_protocol
 .text.tuh_hid_set_report
                0x1002a1d0       0x7c CMakeFiles/picomsx.dir/home/jcher/pico-sdk/lib/tinyusb/src/class/hid/hid_host.c.o
                0x1002a1d0                tuh_hid_set_report
 .text.tuh_hid_receive_report
                0x1002a24c       0x7c CMakeFiles/picomsx.dir/home/jcher/pico-sdk/lib/tinyusb/src/class/hid/hid_host.c.o
                0x1002a24c                tuh_hid_receive_report
 .text.hidh_init
                0x1002a2c8       0x14 CMakeFiles/picomsx.dir/home/jcher/pico-sdk/lib/tinyusb/src/class/hid/hid_host.c.o
                0x1002a2c8                hidh_init
 .text.hidh_deinit
                0x1002a2dc        0x4 CMakeFiles/picomsx.dir/home/jcher/pico-sdk/lib/tinyusb/src/class/hid/hid_host.c.o
                0x1002a2dc                hidh_deinit
 .text.hidh_xfer_cb
                0x1002a2e0      0x104 CMakeFiles/picomsx.dir/home/jcher/pico-sdk/lib/tinyusb/src/class/hid/hid_host.c.o
                0x1002a2e0                hidh_xfer_cb
 .text.hidh_close
                0x1002a3e4       0xe8 CMakeFiles/picomsx.dir/home/jcher/pico-sdk/lib/tinyusb/src/class/hid/hid_host.c.o
                0x1002a3e4                hidh_close
 .text.hidh_open
                0x1002a4cc      0x124 CMakeFiles/picomsx.dir/home/jcher/pico-sdk/lib/tinyusb/src/class/hid/hid_host.c.o
                0x1002a4cc                hidh_open
 .text.hidh_set_config
                0x1002a5f0       0xd0 CMakeFiles/picomsx.dir/home/jcher/pico-sdk/lib/tinyusb/src/class/hid/hid_host.c.o
                0x1002a5f0                hidh_set_config
 .text.tusb_time_delay_ms_api
                0x1002a6c0        0x4 CMakeFiles/picomsx.dir/home/jcher/pico-sdk/lib/tinyusb/src/tusb.c.o
                0x1002a6c0                tusb_time_delay_ms_api
 .text.tu_edpt_claim
                0x1002a6c4       0x54 CMakeFiles/picomsx.dir/home/jcher/pico-sdk/lib/tinyusb/src/tusb.c.o
                0x1002a6c4                tu_edpt_claim
 .text.tu_edpt_release
                0x1002a718       0x38 CMakeFiles/picomsx.dir/home/jcher/pico-sdk/lib/tinyusb/src/tusb.c.o
                0x1002a718                tu_edpt_release
 .text.tu_edpt_validate
                0x1002a750       0x60 CMakeFiles/picomsx.dir/home/jcher/pico-sdk/lib/tinyusb/src/tusb.c.o
                0x1002a750                tu_edpt_validate
 .text.tu_edpt_bind_driver
                0x1002a7b0       0x58 CMakeFiles/picomsx.dir/home/jcher/pico-sdk/lib/tinyusb/src/tusb.c.o
                0x1002a7b0                tu_edpt_bind_driver
 .text.tu_desc_get_interface_total_len
                0x1002a808       0x58 CMakeFiles/picomsx.dir/home/jcher/pico-sdk/lib/tinyusb/src/tusb.c.o
                0x1002a808                tu_desc_get_interface_total_len
 .text.tu_fifo_empty
                0x1002a860       0x14 CMakeFiles/picomsx.dir/home/jcher/pico-sdk/lib/tinyusb/src/common/tusb_fifo.c.o
                0x1002a860                tu_fifo_empty
 .text.tu_fifo_read
                0x1002a874       0x94 CMakeFiles/picomsx.dir/home/jcher/pico-sdk/lib/tinyusb/src/common/tusb_fifo.c.o
                0x1002a874                tu_fifo_read
 .text.tu_fifo_write
                0x1002a908       0xa4 CMakeFiles/picomsx.dir/home/jcher/pico-sdk/lib/tinyusb/src/common/tusb_fifo.c.o
                0x1002a908                tu_fifo_write
 .text.tu_fifo_clear
                0x1002a9ac       0x38 CMakeFiles/picomsx.dir/home/jcher/pico-sdk/lib/tinyusb/src/common/tusb_fifo.c.o
                0x1002a9ac                tu_fifo_clear
 .text.startup._retrieve_unique_id_on_boot
                0x1002a9e4       0x30 CMakeFiles/picomsx.dir/home/jcher/pico-sdk/src/rp2_common/pico_unique_id/unique_id.c.o
 .text.pio_usb_bus_init
                0x1002aa14      0x184 CMakeFiles/picomsx.dir/pico-pio-usb/src/pio_usb.c.o
                0x1002aa14                pio_usb_bus_init
 .text.pio_usb_host_init
                0x1002ab98      0x20c CMakeFiles/picomsx.dir/pico-pio-usb/src/pio_usb_host.c.o
                0x1002ab98                pio_usb_host_init
 .text.pio_usb_host_port_reset_start
                0x1002ada4       0x38 CMakeFiles/picomsx.dir/pico-pio-usb/src/pio_usb_host.c.o
                0x1002ada4                pio_usb_host_port_reset_start
 .text.pio_usb_host_port_reset_end
                0x1002addc       0x40 CMakeFiles/picomsx.dir/pico-pio-usb/src/pio_usb_host.c.o
                0x1002addc                pio_usb_host_port_reset_end
 .text.pio_usb_host_close_device
                0x1002ae1c       0x40 CMakeFiles/picomsx.dir/pico-pio-usb/src/pio_usb_host.c.o
                0x1002ae1c                pio_usb_host_close_device
 .text.pio_usb_host_endpoint_open
                0x1002ae5c       0xa8 CMakeFiles/picomsx.dir/pico-pio-usb/src/pio_usb_host.c.o
                0x1002ae5c                pio_usb_host_endpoint_open
 .text.pio_usb_host_send_setup
                0x1002af04       0x64 CMakeFiles/picomsx.dir/pico-pio-usb/src/pio_usb_host.c.o
                0x1002af04                pio_usb_host_send_setup
 .text.pio_usb_host_endpoint_transfer
                0x1002af68       0xa4 CMakeFiles/picomsx.dir/pico-pio-usb/src/pio_usb_host.c.o
                0x1002af68                pio_usb_host_endpoint_transfer
 .text.pio_usb_host_endpoint_abort_transfer
                0x1002b00c       0xb4 CMakeFiles/picomsx.dir/pico-pio-usb/src/pio_usb_host.c.o
                0x1002b00c                pio_usb_host_endpoint_abort_transfer
 .text.calc_usb_crc16
                0x1002b0c0       0x34 CMakeFiles/picomsx.dir/pico-pio-usb/src/usb_crc.c.o
                0x1002b0c0                calc_usb_crc16
 .text.dvi_init
                0x1002b0f4      0x1e4 CMakeFiles/picomsx.dir/PicoDVI/software/libdvi/dvi.c.o
                0x1002b0f4                dvi_init
 .text.dvi_register_irqs_this_core
                0x1002b2d8       0xa8 CMakeFiles/picomsx.dir/PicoDVI/software/libdvi/dvi.c.o
                0x1002b2d8                dvi_register_irqs_this_core
 .text.dvi_start
                0x1002b380       0xf8 CMakeFiles/picomsx.dir/PicoDVI/software/libdvi/dvi.c.o
                0x1002b380                dvi_start
 .text.dvi_enable_data_island
                0x1002b478       0xac CMakeFiles/picomsx.dir/PicoDVI/software/libdvi/dvi.c.o
                0x1002b478                dvi_enable_data_island
 .text.dvi_audio_sample_buffer_set
                0x1002b524        0x8 CMakeFiles/picomsx.dir/PicoDVI/software/libdvi/dvi.c.o
                0x1002b524                dvi_audio_sample_buffer_set
 .text.dvi_set_audio_freq
                0x1002b52c       0x7c CMakeFiles/picomsx.dir/PicoDVI/software/libdvi/dvi.c.o
                0x1002b52c                dvi_set_audio_freq
 .text.dvi_serialiser_init
                0x1002b5a8      0x1f8 CMakeFiles/picomsx.dir/PicoDVI/software/libdvi/dvi_serialiser.c.o
                0x1002b5a8                dvi_serialiser_init
 .text.dvi_serialiser_enable
                0x1002b7a0       0x8c CMakeFiles/picomsx.dir/PicoDVI/software/libdvi/dvi_serialiser.c.o
                0x1002b7a0                dvi_serialiser_enable
 .text.dvi_timing_state_init
                0x1002b82c        0x8 CMakeFiles/picomsx.dir/PicoDVI/software/libdvi/dvi_timing.c.o
                0x1002b82c                dvi_timing_state_init
 .text.dvi_setup_scanline_for_vblank
                0x1002b834      0x11c CMakeFiles/picomsx.dir/PicoDVI/software/libdvi/dvi_timing.c.o
                0x1002b834                dvi_setup_scanline_for_vblank
 .text.dvi_setup_scanline_for_vblank_with_audio
                0x1002b950      0x1d0 CMakeFiles/picomsx.dir/PicoDVI/software/libdvi/dvi_timing.c.o
                0x1002b950                dvi_setup_scanline_for_vblank_with_audio
 .text.dvi_setup_scanline_for_active
                0x1002bb20      0x1f0 CMakeFiles/picomsx.dir/PicoDVI/software/libdvi/dvi_timing.c.o
                0x1002bb20                dvi_setup_scanline_for_active
 .text.dvi_setup_scanline_for_active_with_audio
                0x1002bd10      0x3a8 CMakeFiles/picomsx.dir/PicoDVI/software/libdvi/dvi_timing.c.o
                0x1002bd10                dvi_setup_scanline_for_active_with_audio
 .text.dvi_timing_get_pixels_per_frame
                0x1002c0b8       0x28 CMakeFiles/picomsx.dir/PicoDVI/software/libdvi/dvi_timing.c.o
                0x1002c0b8                dvi_timing_get_pixels_per_frame
 .text.dvi_timing_get_pixels_per_line
                0x1002c0e0       0x10 CMakeFiles/picomsx.dir/PicoDVI/software/libdvi/dvi_timing.c.o
                0x1002c0e0                dvi_timing_get_pixels_per_line
 .text.set_audio_clock_regeneration
                0x1002c0f0       0x80 CMakeFiles/picomsx.dir/PicoDVI/software/libdvi/data_packet.c.o
                0x1002c0f0                set_audio_clock_regeneration
 .text.set_audio_info_frame
                0x1002c170       0x70 CMakeFiles/picomsx.dir/PicoDVI/software/libdvi/data_packet.c.o
                0x1002c170                set_audio_info_frame
 .text.set_AVI_info_frame
                0x1002c1e0       0xa8 CMakeFiles/picomsx.dir/PicoDVI/software/libdvi/data_packet.c.o
                0x1002c1e0                set_AVI_info_frame
 .text.audio_ring_set
                0x1002c288        0xc CMakeFiles/picomsx.dir/PicoDVI/software/libdvi/audio_ring.c.o
                0x1002c288                audio_ring_set
 .text.atexit   0x1002c294        0xc /usr/lib/gcc/arm-none-eabi/14.2.0/../../../../arm-none-eabi/lib/thumb/v8-m.main+fp/softfp/libg.a(libc_a-atexit.o)
                0x1002c294                atexit
 .text.calloc   0x1002c2a0       0x10 /usr/lib/gcc/arm-none-eabi/14.2.0/../../../../arm-none-eabi/lib/thumb/v8-m.main+fp/softfp/libg.a(libc_a-calloc.o)
                0x1002c2a0                calloc
 .text._calloc_r
                0x1002c2b0       0x70 /usr/lib/gcc/arm-none-eabi/14.2.0/../../../../arm-none-eabi/lib/thumb/v8-m.main+fp/softfp/libg.a(libc_a-callocr.o)
                0x1002c2b0                _calloc_r
 .text.malloc   0x1002c320       0x10 /usr/lib/gcc/arm-none-eabi/14.2.0/../../../../arm-none-eabi/lib/thumb/v8-m.main+fp/softfp/libg.a(libc_a-malloc.o)
                0x1002c320                malloc
 .text._malloc_r
                0x1002c330      0x578 /usr/lib/gcc/arm-none-eabi/14.2.0/../../../../arm-none-eabi/lib/thumb/v8-m.main+fp/softfp/libg.a(libc_a-mallocr.o)
                0x1002c330                _malloc_r
 .text.__malloc_lock
                0x1002c8a8        0xc /usr/lib/gcc/arm-none-eabi/14.2.0/../../../../arm-none-eabi/lib/thumb/v8-m.main+fp/softfp/libg.a(libc_a-mlock.o)
                0x1002c8a8                __malloc_lock
 .text.__malloc_unlock
                0x1002c8b4        0xc /usr/lib/gcc/arm-none-eabi/14.2.0/../../../../arm-none-eabi/lib/thumb/v8-m.main+fp/softfp/libg.a(libc_a-mlock.o)
                0x1002c8b4                __malloc_unlock
 .text._fclose_r
                0x1002c8c0       0xc0 /usr/lib/gcc/arm-none-eabi/14.2.0/../../../../arm-none-eabi/lib/thumb/v8-m.main+fp/softfp/libg.a(libc_a-fclose.o)
                0x1002c8c0                _fclose_r
 .text.__sflush_r
                0x1002c980      0x134 /usr/lib/gcc/arm-none-eabi/14.2.0/../../../../arm-none-eabi/lib/thumb/v8-m.main+fp/softfp/libg.a(libc_a-fflush.o)
                0x1002c980                __sflush_r
 .text._fflush_r
                0x1002cab4       0x54 /usr/lib/gcc/arm-none-eabi/14.2.0/../../../../arm-none-eabi/lib/thumb/v8-m.main+fp/softfp/libg.a(libc_a-fflush.o)
                0x1002cab4                _fflush_r
 .text.stdio_exit_handler
                0x1002cb08       0x18 /usr/lib/gcc/arm-none-eabi/14.2.0/../../../../arm-none-eabi/lib/thumb/v8-m.main+fp/softfp/libg.a(libc_a-findfp.o)
 .text.cleanup_stdio
                0x1002cb20       0x40 /usr/lib/gcc/arm-none-eabi/14.2.0/../../../../arm-none-eabi/lib/thumb/v8-m.main+fp/softfp/libg.a(libc_a-findfp.o)
 .text.global_stdio_init.part.0
                0x1002cb60       0xf0 /usr/lib/gcc/arm-none-eabi/14.2.0/../../../../arm-none-eabi/lib/thumb/v8-m.main+fp/softfp/libg.a(libc_a-findfp.o)
 .text.__sinit  0x1002cc50       0x3c /usr/lib/gcc/arm-none-eabi/14.2.0/../../../../arm-none-eabi/lib/thumb/v8-m.main+fp/softfp/libg.a(libc_a-findfp.o)
                0x1002cc50                __sinit
 .text.__sfp_lock_acquire
                0x1002cc8c        0xc /usr/lib/gcc/arm-none-eabi/14.2.0/../../../../arm-none-eabi/lib/thumb/v8-m.main+fp/softfp/libg.a(libc_a-findfp.o)
                0x1002cc8c                __sfp_lock_acquire
 .text.__sfp_lock_release
                0x1002cc98        0xc /usr/lib/gcc/arm-none-eabi/14.2.0/../../../../arm-none-eabi/lib/thumb/v8-m.main+fp/softfp/libg.a(libc_a-findfp.o)
                0x1002cc98                __sfp_lock_release
 .text.fputc    0x1002cca4       0x58 /usr/lib/gcc/arm-none-eabi/14.2.0/../../../../arm-none-eabi/lib/thumb/v8-m.main+fp/softfp/libg.a(libc_a-fputc.o)
                0x1002cca4                fputc
 .text._fwalk_sglue
                0x1002ccfc       0x44 /usr/lib/gcc/arm-none-eabi/14.2.0/../../../../arm-none-eabi/lib/thumb/v8-m.main+fp/softfp/libg.a(libc_a-fwalk.o)
                0x1002ccfc                _fwalk_sglue
 .text._putc_r  0x1002cd40       0x78 /usr/lib/gcc/arm-none-eabi/14.2.0/../../../../arm-none-eabi/lib/thumb/v8-m.main+fp/softfp/libg.a(libc_a-putc.o)
                0x1002cd40                _putc_r
 .text.__sread  0x1002cdb8       0x24 /usr/lib/gcc/arm-none-eabi/14.2.0/../../../../arm-none-eabi/lib/thumb/v8-m.main+fp/softfp/libg.a(libc_a-stdio.o)
                0x1002cdb8                __sread
 .text.__swrite
                0x1002cddc       0x40 /usr/lib/gcc/arm-none-eabi/14.2.0/../../../../arm-none-eabi/lib/thumb/v8-m.main+fp/softfp/libg.a(libc_a-stdio.o)
                0x1002cddc                __swrite
 .text.__sseek  0x1002ce1c       0x28 /usr/lib/gcc/arm-none-eabi/14.2.0/../../../../arm-none-eabi/lib/thumb/v8-m.main+fp/softfp/libg.a(libc_a-stdio.o)
                0x1002ce1c                __sseek
 .text.__sclose
                0x1002ce44        0x8 /usr/lib/gcc/arm-none-eabi/14.2.0/../../../../arm-none-eabi/lib/thumb/v8-m.main+fp/softfp/libg.a(libc_a-stdio.o)
                0x1002ce44                __sclose
 .text.__swbuf_r
                0x1002ce4c       0xac /usr/lib/gcc/arm-none-eabi/14.2.0/../../../../arm-none-eabi/lib/thumb/v8-m.main+fp/softfp/libg.a(libc_a-wbuf.o)
                0x1002ce4c                __swbuf_r
 .text.__swsetup_r
                0x1002cef8       0xf8 /usr/lib/gcc/arm-none-eabi/14.2.0/../../../../arm-none-eabi/lib/thumb/v8-m.main+fp/softfp/libg.a(libc_a-wsetup.o)
                0x1002cef8                __swsetup_r
 .text.memcmp   0x1002cff0       0x5c /usr/lib/gcc/arm-none-eabi/14.2.0/../../../../arm-none-eabi/lib/thumb/v8-m.main+fp/softfp/libg.a(libc_a-memcmp.o)
                0x1002cff0                memcmp
 .text.memset   0x1002d04c       0x9c /usr/lib/gcc/arm-none-eabi/14.2.0/../../../../arm-none-eabi/lib/thumb/v8-m.main+fp/softfp/libg.a(libc_a-memset.o)
                0x1002d04c                memset
 .text.strchr   0x1002d0e8       0xd0 /usr/lib/gcc/arm-none-eabi/14.2.0/../../../../arm-none-eabi/lib/thumb/v8-m.main+fp/softfp/libg.a(libc_a-strchr.o)
                0x1002d0e8                strchr
 .text.strncmp  0x1002d1b8       0x74 /usr/lib/gcc/arm-none-eabi/14.2.0/../../../../arm-none-eabi/lib/thumb/v8-m.main+fp/softfp/libg.a(libc_a-strncmp.o)
                0x1002d1b8                strncmp
 .text.strncpy  0x1002d22c       0x64 /usr/lib/gcc/arm-none-eabi/14.2.0/../../../../arm-none-eabi/lib/thumb/v8-m.main+fp/softfp/libg.a(libc_a-strncpy.o)
                0x1002d22c                strncpy
 .text.stpcpy   0x1002d290       0x48 /usr/lib/gcc/arm-none-eabi/14.2.0/../../../../arm-none-eabi/lib/thumb/v8-m.main+fp/softfp/libg.a(libc_a-stpcpy.o)
                0x1002d290                stpcpy
 .text._close_r
                0x1002d2d8       0x24 /usr/lib/gcc/arm-none-eabi/14.2.0/../../../../arm-none-eabi/lib/thumb/v8-m.main+fp/softfp/libg.a(libc_a-closer.o)
                0x1002d2d8                _close_r
 .text._fstat_r
                0x1002d2fc       0x2c /usr/lib/gcc/arm-none-eabi/14.2.0/../../../../arm-none-eabi/lib/thumb/v8-m.main+fp/softfp/libg.a(libc_a-fstatr.o)
                0x1002d2fc                _fstat_r
 .text._lseek_r
                0x1002d328       0x2c /usr/lib/gcc/arm-none-eabi/14.2.0/../../../../arm-none-eabi/lib/thumb/v8-m.main+fp/softfp/libg.a(libc_a-lseekr.o)
                0x1002d328                _lseek_r
 .text._read_r  0x1002d354       0x2c /usr/lib/gcc/arm-none-eabi/14.2.0/../../../../arm-none-eabi/lib/thumb/v8-m.main+fp/softfp/libg.a(libc_a-readr.o)
                0x1002d354                _read_r
 .text._sbrk_r  0x1002d380       0x24 /usr/lib/gcc/arm-none-eabi/14.2.0/../../../../arm-none-eabi/lib/thumb/v8-m.main+fp/softfp/libg.a(libc_a-sbrkr.o)
                0x1002d380                _sbrk_r
 .text._write_r
                0x1002d3a4       0x2c /usr/lib/gcc/arm-none-eabi/14.2.0/../../../../arm-none-eabi/lib/thumb/v8-m.main+fp/softfp/libg.a(libc_a-writer.o)
                0x1002d3a4                _write_r
 .text.__errno  0x1002d3d0        0xc /usr/lib/gcc/arm-none-eabi/14.2.0/../../../../arm-none-eabi/lib/thumb/v8-m.main+fp/softfp/libg.a(libc_a-errno.o)
                0x1002d3d0                __errno
 .text.__libc_fini_array
                0x1002d3dc       0x28 /usr/lib/gcc/arm-none-eabi/14.2.0/../../../../arm-none-eabi/lib/thumb/v8-m.main+fp/softfp/libg.a(libc_a-fini.o)
                0x1002d3dc                __libc_fini_array
 .text.__retarget_lock_init_recursive
                0x1002d404        0x4 /usr/lib/gcc/arm-none-eabi/14.2.0/../../../../arm-none-eabi/lib/thumb/v8-m.main+fp/softfp/libg.a(libc_a-lock.o)
                0x1002d404                __retarget_lock_init_recursive
 .text.__retarget_lock_close_recursive
                0x1002d408        0x4 /usr/lib/gcc/arm-none-eabi/14.2.0/../../../../arm-none-eabi/lib/thumb/v8-m.main+fp/softfp/libg.a(libc_a-lock.o)
                0x1002d408                __retarget_lock_close_recursive
 .text.__retarget_lock_acquire_recursive
                0x1002d40c        0x4 /usr/lib/gcc/arm-none-eabi/14.2.0/../../../../arm-none-eabi/lib/thumb/v8-m.main+fp/softfp/libg.a(libc_a-lock.o)
                0x1002d40c                __retarget_lock_acquire_recursive
 .text.__retarget_lock_release_recursive
                0x1002d410        0x4 /usr/lib/gcc/arm-none-eabi/14.2.0/../../../../arm-none-eabi/lib/thumb/v8-m.main+fp/softfp/libg.a(libc_a-lock.o)
                0x1002d410                __retarget_lock_release_recursive
 .text.sysconf  0x1002d414       0x1c /usr/lib/gcc/arm-none-eabi/14.2.0/../../../../arm-none-eabi/lib/thumb/v8-m.main+fp/softfp/libg.a(libc_a-sysconf.o)
                0x1002d414                sysconf
 .text          0x1002d430      0x1bc /usr/lib/gcc/arm-none-eabi/14.2.0/../../../../arm-none-eabi/lib/thumb/v8-m.main+fp/softfp/libg.a(libc_a-strcmp.o)
                0x1002d430                strcmp
 .text.strcpy   0x1002d5ec       0xbc /usr/lib/gcc/arm-none-eabi/14.2.0/../../../../arm-none-eabi/lib/thumb/v8-m.main+fp/softfp/libg.a(libc_a-strcpy.o)
                0x1002d5ec                strcpy
 .text          0x1002d6a8       0xec /usr/lib/gcc/arm-none-eabi/14.2.0/../../../../arm-none-eabi/lib/thumb/v8-m.main+fp/softfp/libg.a(libc_a-memcpy.o)
                0x1002d6a8                memcpy
 .text.strlen   0x1002d794       0x5c /usr/lib/gcc/arm-none-eabi/14.2.0/../../../../arm-none-eabi/lib/thumb/v8-m.main+fp/softfp/libg.a(libc_a-strlen-stub.o)
                0x1002d794                strlen
 .text.__register_exitproc
                0x1002d7f0       0x84 /usr/lib/gcc/arm-none-eabi/14.2.0/../../../../arm-none-eabi/lib/thumb/v8-m.main+fp/softfp/libg.a(libc_a-__atexit.o)
                0x1002d7f0                __register_exitproc
 .text.startup.register_fini
                0x1002d874       0x14 /usr/lib/gcc/arm-none-eabi/14.2.0/../../../../arm-none-eabi/lib/thumb/v8-m.main+fp/softfp/libg.a(libc_a-__call_atexit.o)
 .text._malloc_trim_r
                0x1002d888       0xb8 /usr/lib/gcc/arm-none-eabi/14.2.0/../../../../arm-none-eabi/lib/thumb/v8-m.main+fp/softfp/libg.a(libc_a-freer.o)
                0x1002d888                _malloc_trim_r
 .text._free_r  0x1002d940      0x1e8 /usr/lib/gcc/arm-none-eabi/14.2.0/../../../../arm-none-eabi/lib/thumb/v8-m.main+fp/softfp/libg.a(libc_a-freer.o)
                0x1002d940                _free_r
 .text.__smakebuf_r
                0x1002db28       0xd0 /usr/lib/gcc/arm-none-eabi/14.2.0/../../../../arm-none-eabi/lib/thumb/v8-m.main+fp/softfp/libg.a(libc_a-makebuf.o)
                0x1002db28                __smakebuf_r
 .text._isatty_r
                0x1002dbf8       0x24 /usr/lib/gcc/arm-none-eabi/14.2.0/../../../../arm-none-eabi/lib/thumb/v8-m.main+fp/softfp/libg.a(libc_a-isattyr.o)
                0x1002dbf8                _isatty_r
 *(.fini)
 .fini          0x1002dc1c        0x4 /usr/lib/gcc/arm-none-eabi/14.2.0/thumb/v8-m.main+fp/softfp/crti.o
                0x1002dc1c                _fini
 .fini.__stub   0x1002dc20       0x90 linker stubs
 *crtbegin.o(.ctors)
 *crtbegin?.o(.ctors)
 *(EXCLUDE_FILE(*crtend.o *crtend?.o) .ctors)
 *(SORT_BY_NAME(.ctors.*))
 *(.ctors)
 *crtbegin.o(.dtors)
 *crtbegin?.o(.dtors)
 *(EXCLUDE_FILE(*crtend.o *crtend?.o) .dtors)
 *(SORT_BY_NAME(.dtors.*))
 *(.dtors)
                0x1002dcb0                        . = ALIGN (0x4)
                0x1002dcb0                        PROVIDE (__preinit_array_start = .)
 *(SORT_BY_NAME(.preinit_array.*))
 .preinit_array.00050
                0x1002dcb0        0x4 CMakeFiles/picomsx.dir/home/jcher/pico-sdk/src/rp2_common/pico_runtime_init/runtime_init.c.o
                0x1002dcb0                __pre_init_runtime_init_bootrom_reset
 .preinit_array.00100
                0x1002dcb4        0x4 CMakeFiles/picomsx.dir/home/jcher/pico-sdk/src/rp2_common/pico_runtime_init/runtime_init.c.o
                0x1002dcb4                __pre_init_runtime_init_early_resets
 .preinit_array.00101
                0x1002dcb8        0x4 CMakeFiles/picomsx.dir/home/jcher/pico-sdk/src/rp2_common/pico_runtime_init/runtime_init.c.o
                0x1002dcb8                __pre_init_runtime_init_usb_power_down
 .preinit_array.00500
                0x1002dcbc        0x4 CMakeFiles/picomsx.dir/home/jcher/pico-sdk/src/rp2_common/pico_runtime_init/runtime_init.c.o
                0x1002dcbc                __pre_init_runtime_init_clocks
 .preinit_array.00600
                0x1002dcc0        0x4 CMakeFiles/picomsx.dir/home/jcher/pico-sdk/src/rp2_common/pico_runtime_init/runtime_init.c.o
                0x1002dcc0                __pre_init_runtime_init_post_clock_resets
 .preinit_array.01000
                0x1002dcc4        0x4 CMakeFiles/picomsx.dir/home/jcher/pico-sdk/src/rp2_common/hardware_boot_lock/boot_lock.c.o
                0x1002dcc4                __pre_init_runtime_init_boot_locks_reset
 .preinit_array.01000
                0x1002dcc8        0x4 CMakeFiles/picomsx.dir/home/jcher/pico-sdk/src/rp2_common/pico_runtime_init/runtime_init.c.o
                0x1002dcc8                __pre_init_runtime_init_spin_locks_reset
 .preinit_array.01010
                0x1002dccc        0x4 CMakeFiles/picomsx.dir/home/jcher/pico-sdk/src/rp2_common/pico_bootrom/bootrom_lock.c.o
                0x1002dccc                __pre_init_runtime_init_bootrom_locking_enable
 .preinit_array.01100